******************************************************************************
                  TI ARM Linker PC v5.2.5                      
******************************************************************************
>> Linked Sat Sep 03 10:02:02 2016

OUTPUT FILE NAME:   <lab4.out>
ENTRY POINT SYMBOL: "_c_int00"  address: 00000855


MEMORY CONFIGURATION

         name            origin    length      used     unused   attr    fill
----------------------  --------  ---------  --------  --------  ----  --------
  FLASH                 00000000   00040000  00000bfe  0003f402  R  X
  SRAM                  20000000   00008000  00000214  00007dec  RW X


SEGMENT ALLOCATION MAP

run origin  load origin   length   init length attrs members
----------  ----------- ---------- ----------- ----- -------
00000000    00000000    00000c00   00000c00    r-x
  00000000    00000000    0000026c   0000026c    r-- .intvecs
  0000026c    0000026c    00000876   00000876    r-x .text
  00000ae4    00000ae4    000000fc   000000fc    r-- .const
  00000be0    00000be0    00000020   00000020    r-- .cinit
20000000    20000000    00000214   00000000    rw-
  20000000    20000000    00000200   00000000    rw- .stack
  20000200    20000200    00000014   00000000    rw- .data


SECTION ALLOCATION MAP

 output                                  attributes/
section   page    origin      length       input sections
--------  ----  ----------  ----------   ----------------
.intvecs   0    00000000    0000026c     
                  00000000    0000026c     tm4c123gh6pm_startup_ccs.obj (.intvecs)

.text      0    0000026c    00000876     
                  0000026c    00000132     driverlib.lib : gpio.obj (.text:GPIOPadConfigSet)
                  0000039e    00000002     --HOLE-- [fill = 0]
                  000003a0    00000110                   : sysctl.obj (.text:SysCtlClockGet)
                  000004b0    000000f4                   : sysctl.obj (.text:SysCtlClockSet)
                  000005a4    000000c0     lab4.obj (.text)
                  00000664    0000009c     rtsv7M4_T_le_v4SPD16_eabi.lib : memcpy_t2.obj (.text)
                  00000700    0000007a                                   : memset_t2.obj (.text)
                  0000077a    00000002     --HOLE-- [fill = 0]
                  0000077c    0000006c                                   : autoinit.obj (.text)
                  000007e8    0000006a                                   : copy_decompress_rle.obj (.text)
                  00000852    00000002     --HOLE-- [fill = 0]
                  00000854    00000050                                   : boot.obj (.text)
                  000008a4    0000004c                                   : cpy_tbl.obj (.text)
                  000008f0    00000048     driverlib.lib : gpio.obj (.text:GPIOPinConfigure)
                  00000938    00000046                   : uart.obj (.text:UARTConfigSetExpClk)
                  0000097e    00000002     --HOLE-- [fill = 0]
                  00000980    00000044     rtsv7M4_T_le_v4SPD16_eabi.lib : exit.obj (.text)
                  000009c4    00000034     driverlib.lib : sysctl.obj (.text:SysCtlPeripheralEnable)
                  000009f8    0000002a                   : gpio.obj (.text:GPIODirModeSet)
                  00000a22    00000002     --HOLE-- [fill = 0]
                  00000a24    00000020                   : uart.obj (.text:UARTDisable)
                  00000a44    00000018     rtsv7M4_T_le_v4SPD16_eabi.lib : args_main.obj (.text)
                  00000a5c    00000014     driverlib.lib : uart.obj (.text:UARTEnable)
                  00000a70    00000014     rtsv7M4_T_le_v4SPD16_eabi.lib : _lock.obj (.text)
                  00000a84    00000012     driverlib.lib : gpio.obj (.text:GPIOPinTypeUART)
                  00000a96    0000000e                   : uart.obj (.text:UARTCharsAvail)
                  00000aa4    0000000e     rtsv7M4_T_le_v4SPD16_eabi.lib : copy_decompress_none.obj (.text:decompress:none)
                  00000ab2    0000000c     tm4c123gh6pm_startup_ccs.obj (.text)
                  00000abe    0000000a     driverlib.lib : uart.obj (.text:UARTCharGet)
                  00000ac8    0000000a                   : uart.obj (.text:UARTCharPut)
                  00000ad2    00000006                   : sysctl.obj (.text:SysCtlDelay)
                  00000ad8    00000006     rtsv7M4_T_le_v4SPD16_eabi.lib : copy_decompress_rle.obj (.text:decompress:rle24)
                  00000ade    00000004                                   : pre_init.obj (.text)

.const     0    00000ae4    000000fc     
                  00000ae4    00000090     driverlib.lib : gpio.obj (.const:g_pui32GPIOBaseAddrs)
                  00000b74    0000006c                   : sysctl.obj (.const:g_pui32Xtals)

.cinit     0    00000be0    00000020     
                  00000be0    0000000f     (.cinit..data.load) [load image, compression = rle]
                  00000bef    00000001     --HOLE-- [fill = 0]
                  00000bf0    00000008     (__TI_handler_table)
                  00000bf8    00000008     (__TI_cinit_table)

.init_array 
*          0    00000000    00000000     UNINITIALIZED

.stack     0    20000000    00000200     UNINITIALIZED
                  20000000    00000200     --HOLE--

.data      0    20000200    00000014     UNINITIALIZED
                  20000200    00000008     rtsv7M4_T_le_v4SPD16_eabi.lib : _lock.obj (.data)
                  20000208    00000008                                   : exit.obj (.data)
                  20000210    00000004                                   : stkdepth_vars.obj (.data)

.TI.persistent 
*          0    20000200    00000000     UNINITIALIZED


LINKER GENERATED COPY TABLES

__TI_cinit_table @ 00000bf8 records: 1, size/record: 8, table size: 8
	.data: load addr=00000be0, load size=0000000f bytes, run addr=20000200, run size=00000014 bytes, compression=rle


LINKER GENERATED HANDLER TABLE

__TI_handler_table @ 00000bf0 records: 2, size/record: 4, table size: 8
	index: 0, handler: __TI_decompress_rle24
	index: 1, handler: __TI_decompress_none


GLOBAL SYMBOLS: SORTED ALPHABETICALLY BY Name 

address   name                    
-------   ----                    
00000981  C$$EXIT                 
000009f9  GPIODirModeSet          
0000026d  GPIOPadConfigSet        
000008f1  GPIOPinConfigure        
00000a85  GPIOPinTypeUART         
00000ab3  ResetISR                
UNDEFED   SHT$$INIT_ARRAY$$Base   
UNDEFED   SHT$$INIT_ARRAY$$Limit  
000003a1  SysCtlClockGet          
000004b1  SysCtlClockSet          
00000ad3  SysCtlDelay             
000009c5  SysCtlPeripheralEnable  
00000abf  UARTCharGet             
00000ac9  UARTCharPut             
00000a97  UARTCharsAvail          
00000939  UARTConfigSetExpClk     
00000a25  UARTDisable             
00000a5d  UARTEnable              
20000200  __STACK_END             
00000200  __STACK_SIZE            
20000200  __STACK_TOP             
00000bf8  __TI_CINIT_Base         
00000c00  __TI_CINIT_Limit        
00000bf0  __TI_Handler_Table_Base 
00000bf8  __TI_Handler_Table_Limit
0000077d  __TI_auto_init          
20000208  __TI_cleanup_ptr        
00000aa5  __TI_decompress_none    
00000ad9  __TI_decompress_rle24   
2000020c  __TI_dtors_ptr          
00000000  __TI_static_base__      
00000701  __aeabi_memclr          
00000701  __aeabi_memclr4         
00000701  __aeabi_memclr8         
00000665  __aeabi_memcpy          
00000665  __aeabi_memcpy4         
00000665  __aeabi_memcpy8         
00000703  __aeabi_memset          
00000703  __aeabi_memset4         
00000703  __aeabi_memset8         
ffffffff  __binit__               
ffffffff  __c_args__              
20000000  __stack                 
00000a45  _args_main              
00000855  _c_int00                
20000200  _lock                   
00000a7f  _nop                    
00000a77  _register_lock          
00000a71  _register_unlock        
00000adf  _system_pre_init        
20000204  _unlock                 
00000985  abort                   
ffffffff  binit                   
000008a5  copy_in                 
0000098d  exit                    
00000000  g_pfnVectors            
000005a5  main                    
20000210  main_func_sp            
00000665  memcpy                  
00000709  memset                  


GLOBAL SYMBOLS: SORTED BY Symbol Address 

address   name                    
-------   ----                    
00000000  __TI_static_base__      
00000000  g_pfnVectors            
00000200  __STACK_SIZE            
0000026d  GPIOPadConfigSet        
000003a1  SysCtlClockGet          
000004b1  SysCtlClockSet          
000005a5  main                    
00000665  __aeabi_memcpy          
00000665  __aeabi_memcpy4         
00000665  __aeabi_memcpy8         
00000665  memcpy                  
00000701  __aeabi_memclr          
00000701  __aeabi_memclr4         
00000701  __aeabi_memclr8         
00000703  __aeabi_memset          
00000703  __aeabi_memset4         
00000703  __aeabi_memset8         
00000709  memset                  
0000077d  __TI_auto_init          
00000855  _c_int00                
000008a5  copy_in                 
000008f1  GPIOPinConfigure        
00000939  UARTConfigSetExpClk     
00000981  C$$EXIT                 
00000985  abort                   
0000098d  exit                    
000009c5  SysCtlPeripheralEnable  
000009f9  GPIODirModeSet          
00000a25  UARTDisable             
00000a45  _args_main              
00000a5d  UARTEnable              
00000a71  _register_unlock        
00000a77  _register_lock          
00000a7f  _nop                    
00000a85  GPIOPinTypeUART         
00000a97  UARTCharsAvail          
00000aa5  __TI_decompress_none    
00000ab3  ResetISR                
00000abf  UARTCharGet             
00000ac9  UARTCharPut             
00000ad3  SysCtlDelay             
00000ad9  __TI_decompress_rle24   
00000adf  _system_pre_init        
00000bf0  __TI_Handler_Table_Base 
00000bf8  __TI_CINIT_Base         
00000bf8  __TI_Handler_Table_Limit
00000c00  __TI_CINIT_Limit        
20000000  __stack                 
20000200  __STACK_END             
20000200  __STACK_TOP             
20000200  _lock                   
20000204  _unlock                 
20000208  __TI_cleanup_ptr        
2000020c  __TI_dtors_ptr          
20000210  main_func_sp            
ffffffff  __binit__               
ffffffff  __c_args__              
ffffffff  binit                   
UNDEFED   SHT$$INIT_ARRAY$$Base   
UNDEFED   SHT$$INIT_ARRAY$$Limit  

[60 symbols]
