******************************************************************************
                  TI ARM Linker PC v5.2.5                      
******************************************************************************
>> Linked Sun Sep 04 18:52:05 2016

OUTPUT FILE NAME:   <lab4_2.out>
ENTRY POINT SYMBOL: "_c_int00"  address: 00000c25


MEMORY CONFIGURATION

         name            origin    length      used     unused   attr    fill
----------------------  --------  ---------  --------  --------  ----  --------
  FLASH                 00000000   00040000  00001102  0003eefe  R  X
  SRAM                  20000000   00008000  0000023e  00007dc2  RW X


SEGMENT ALLOCATION MAP

run origin  load origin   length   init length attrs members
----------  ----------- ---------- ----------- ----- -------
00000000    00000000    00001108   00001108    r-x
  00000000    00000000    0000026c   0000026c    r-- .intvecs
  0000026c    0000026c    00000cf2   00000cf2    r-x .text
  00000f60    00000f60    0000016c   0000016c    r-- .const
  000010d0    000010d0    00000038   00000038    r-- .cinit
20000000    20000000    00000240   00000000    rw-
  20000000    20000000    00000200   00000000    rw- .stack
  20000200    20000200    0000002a   00000000    rw- .bss
  2000022c    2000022c    00000014   00000000    rw- .data


SECTION ALLOCATION MAP

 output                                  attributes/
section   page    origin      length       input sections
--------  ----  ----------  ----------   ----------------
.intvecs   0    00000000    0000026c     
                  00000000    0000026c     tm4c123gh6pm_startup_ccs.obj (.intvecs)

.text      0    0000026c    00000cf2     
                  0000026c    00000358     lab4_2.obj (.text)
                  000005c4    00000132     driverlib.lib : gpio.obj (.text:GPIOPadConfigSet)
                  000006f6    00000002     --HOLE-- [fill = 0]
                  000006f8    00000110                   : sysctl.obj (.text:SysCtlClockGet)
                  00000808    000000f4                   : sysctl.obj (.text:SysCtlClockSet)
                  000008fc    0000009c     rtsv7M4_T_le_v4SPD16_eabi.lib : memcpy_t2.obj (.text)
                  00000998    0000007a     driverlib.lib : adc.obj (.text:ADCSequenceStepConfigure)
                  00000a12    0000007a     rtsv7M4_T_le_v4SPD16_eabi.lib : memset_t2.obj (.text)
                  00000a8c    0000006c                                   : autoinit.obj (.text)
                  00000af8    0000006a                                   : copy_decompress_rle.obj (.text)
                  00000b62    00000002     --HOLE-- [fill = 0]
                  00000b64    00000068     driverlib.lib : interrupt.obj (.text:IntEnable)
                  00000bcc    00000058                   : adc.obj (.text:ADCSequenceConfigure)
                  00000c24    00000050     rtsv7M4_T_le_v4SPD16_eabi.lib : boot.obj (.text)
                  00000c74    0000004c                                   : cpy_tbl.obj (.text)
                  00000cc0    00000048     driverlib.lib : gpio.obj (.text:GPIOPinConfigure)
                  00000d08    00000046                   : uart.obj (.text:UARTConfigSetExpClk)
                  00000d4e    00000002     --HOLE-- [fill = 0]
                  00000d50    00000044     rtsv7M4_T_le_v4SPD16_eabi.lib : exit.obj (.text)
                  00000d94    00000034     driverlib.lib : sysctl.obj (.text:SysCtlPeripheralEnable)
                  00000dc8    0000002e                   : adc.obj (.text:ADCIntStatus)
                  00000df6    0000002a                   : gpio.obj (.text:GPIODirModeSet)
                  00000e20    00000020                   : uart.obj (.text:UARTDisable)
                  00000e40    0000001e                   : adc.obj (.text:ADCSequenceDataGet)
                  00000e5e    00000018                   : adc.obj (.text:ADCProcessorTrigger)
                  00000e76    00000018                   : gpio.obj (.text:GPIOPinTypeGPIOOutput)
                  00000e8e    00000002     --HOLE-- [fill = 0]
                  00000e90    00000018     rtsv7M4_T_le_v4SPD16_eabi.lib : args_main.obj (.text)
                  00000ea8    00000014     driverlib.lib : uart.obj (.text:UARTEnable)
                  00000ebc    00000014     rtsv7M4_T_le_v4SPD16_eabi.lib : _lock.obj (.text)
                  00000ed0    00000012     driverlib.lib : gpio.obj (.text:GPIOPinTypeUART)
                  00000ee2    00000010                   : interrupt.obj (.text:IntMasterEnable)
                  00000ef2    0000000e                   : adc.obj (.text:ADCSequenceEnable)
                  00000f00    0000000e     rtsv7M4_T_le_v4SPD16_eabi.lib : copy_decompress_none.obj (.text:decompress:none)
                  00000f0e    0000000c     driverlib.lib : cpu.obj (.text:CPUcpsie)
                  00000f1a    0000000c     rtsv7M4_T_le_v4SPD16_eabi.lib : copy_zero_init.obj (.text:decompress:ZI)
                  00000f26    0000000c     tm4c123gh6pm_startup_ccs.obj (.text)
                  00000f32    0000000a     driverlib.lib : adc.obj (.text:ADCIntClear)
                  00000f3c    0000000a                   : uart.obj (.text:UARTCharPut)
                  00000f46    00000008                   : uart.obj (.text:UARTIntEnable)
                  00000f4e    00000006                   : sysctl.obj (.text:SysCtlDelay)
                  00000f54    00000006     rtsv7M4_T_le_v4SPD16_eabi.lib : copy_decompress_rle.obj (.text:decompress:rle24)
                  00000f5a    00000004                                   : pre_init.obj (.text)

.const     0    00000f60    0000016c     
                  00000f60    00000090     driverlib.lib : gpio.obj (.const:g_pui32GPIOBaseAddrs)
                  00000ff0    00000070                   : interrupt.obj (.const)
                  00001060    0000006c                   : sysctl.obj (.const:g_pui32Xtals)

.cinit     0    000010d0    00000038     
                  000010d0    0000000f     (.cinit..data.load) [load image, compression = rle]
                  000010df    00000001     --HOLE-- [fill = 0]
                  000010e0    0000000c     (__TI_handler_table)
                  000010ec    00000004     --HOLE-- [fill = 0]
                  000010f0    00000008     (.cinit..bss.load) [load image, compression = zero_init]
                  000010f8    00000010     (__TI_cinit_table)

.init_array 
*          0    00000000    00000000     UNINITIALIZED

.stack     0    20000000    00000200     UNINITIALIZED
                  20000000    00000200     --HOLE--

.bss       0    20000200    0000002a     UNINITIALIZED
                  20000200    00000010     (.common:hor)
                  20000210    00000010     (.common:var)
                  20000220    00000004     (.common:horAvg)
                  20000224    00000004     (.common:verAvg)
                  20000228    00000001     (.common:x)
                  20000229    00000001     (.common:y)

.TI.noinit 
*          0    20000200    00000000     UNINITIALIZED

.data      0    2000022c    00000014     UNINITIALIZED
                  2000022c    00000008     rtsv7M4_T_le_v4SPD16_eabi.lib : _lock.obj (.data)
                  20000234    00000008                                   : exit.obj (.data)
                  2000023c    00000004                                   : stkdepth_vars.obj (.data)

.TI.persistent 
*          0    2000022c    00000000     UNINITIALIZED


LINKER GENERATED COPY TABLES

__TI_cinit_table @ 000010f8 records: 2, size/record: 8, table size: 16
	.data: load addr=000010d0, load size=0000000f bytes, run addr=2000022c, run size=00000014 bytes, compression=rle
	.bss: load addr=000010f0, load size=00000008 bytes, run addr=20000200, run size=0000002a bytes, compression=zero_init


LINKER GENERATED HANDLER TABLE

__TI_handler_table @ 000010e0 records: 3, size/record: 4, table size: 12
	index: 0, handler: __TI_decompress_rle24
	index: 1, handler: __TI_decompress_none
	index: 2, handler: __TI_zero_init


GLOBAL SYMBOLS: SORTED ALPHABETICALLY BY Name 

address   name                    
-------   ----                    
00000f33  ADCIntClear             
00000dc9  ADCIntStatus            
00000e5f  ADCProcessorTrigger     
00000bcd  ADCSequenceConfigure    
00000e41  ADCSequenceDataGet      
00000ef3  ADCSequenceEnable       
00000999  ADCSequenceStepConfigure
00000d51  C$$EXIT                 
00000f0f  CPUcpsie                
00000df7  GPIODirModeSet          
000005c5  GPIOPadConfigSet        
00000cc1  GPIOPinConfigure        
00000e77  GPIOPinTypeGPIOOutput   
00000ed1  GPIOPinTypeUART         
00000b65  IntEnable               
00000ee3  IntMasterEnable         
00000f27  ResetISR                
UNDEFED   SHT$$INIT_ARRAY$$Base   
UNDEFED   SHT$$INIT_ARRAY$$Limit  
000006f9  SysCtlClockGet          
00000809  SysCtlClockSet          
00000f4f  SysCtlDelay             
00000d95  SysCtlPeripheralEnable  
00000f3d  UARTCharPut             
00000d09  UARTConfigSetExpClk     
00000e21  UARTDisable             
00000ea9  UARTEnable              
00000f47  UARTIntEnable           
20000200  __STACK_END             
00000200  __STACK_SIZE            
20000200  __STACK_TOP             
000010f8  __TI_CINIT_Base         
00001108  __TI_CINIT_Limit        
000010e0  __TI_Handler_Table_Base 
000010ec  __TI_Handler_Table_Limit
00000a8d  __TI_auto_init          
20000234  __TI_cleanup_ptr        
00000f01  __TI_decompress_none    
00000f55  __TI_decompress_rle24   
20000238  __TI_dtors_ptr          
00000000  __TI_static_base__      
00000f1b  __TI_zero_init          
00000a13  __aeabi_memclr          
00000a13  __aeabi_memclr4         
00000a13  __aeabi_memclr8         
000008fd  __aeabi_memcpy          
000008fd  __aeabi_memcpy4         
000008fd  __aeabi_memcpy8         
00000a15  __aeabi_memset          
00000a15  __aeabi_memset4         
00000a15  __aeabi_memset8         
ffffffff  __binit__               
ffffffff  __c_args__              
20000000  __stack                 
00000e91  _args_main              
00000c25  _c_int00                
2000022c  _lock                   
00000ecb  _nop                    
00000ec3  _register_lock          
00000ebd  _register_unlock        
00000f5b  _system_pre_init        
20000230  _unlock                 
00000d55  abort                   
ffffffff  binit                   
00000c75  copy_in                 
00000d5d  exit                    
00000000  g_pfnVectors            
20000200  hor                     
20000220  horAvg                  
0000026d  main                    
2000023c  main_func_sp            
000008fd  memcpy                  
00000a1b  memset                  
20000210  var                     
20000224  verAvg                  
20000228  x                       
20000229  y                       


GLOBAL SYMBOLS: SORTED BY Symbol Address 

address   name                    
-------   ----                    
00000000  __TI_static_base__      
00000000  g_pfnVectors            
00000200  __STACK_SIZE            
0000026d  main                    
000005c5  GPIOPadConfigSet        
000006f9  SysCtlClockGet          
00000809  SysCtlClockSet          
000008fd  __aeabi_memcpy          
000008fd  __aeabi_memcpy4         
000008fd  __aeabi_memcpy8         
000008fd  memcpy                  
00000999  ADCSequenceStepConfigure
00000a13  __aeabi_memclr          
00000a13  __aeabi_memclr4         
00000a13  __aeabi_memclr8         
00000a15  __aeabi_memset          
00000a15  __aeabi_memset4         
00000a15  __aeabi_memset8         
00000a1b  memset                  
00000a8d  __TI_auto_init          
00000b65  IntEnable               
00000bcd  ADCSequenceConfigure    
00000c25  _c_int00                
00000c75  copy_in                 
00000cc1  GPIOPinConfigure        
00000d09  UARTConfigSetExpClk     
00000d51  C$$EXIT                 
00000d55  abort                   
00000d5d  exit                    
00000d95  SysCtlPeripheralEnable  
00000dc9  ADCIntStatus            
00000df7  GPIODirModeSet          
00000e21  UARTDisable             
00000e41  ADCSequenceDataGet      
00000e5f  ADCProcessorTrigger     
00000e77  GPIOPinTypeGPIOOutput   
00000e91  _args_main              
00000ea9  UARTEnable              
00000ebd  _register_unlock        
00000ec3  _register_lock          
00000ecb  _nop                    
00000ed1  GPIOPinTypeUART         
00000ee3  IntMasterEnable         
00000ef3  ADCSequenceEnable       
00000f01  __TI_decompress_none    
00000f0f  CPUcpsie                
00000f1b  __TI_zero_init          
00000f27  ResetISR                
00000f33  ADCIntClear             
00000f3d  UARTCharPut             
00000f47  UARTIntEnable           
00000f4f  SysCtlDelay             
00000f55  __TI_decompress_rle24   
00000f5b  _system_pre_init        
000010e0  __TI_Handler_Table_Base 
000010ec  __TI_Handler_Table_Limit
000010f8  __TI_CINIT_Base         
00001108  __TI_CINIT_Limit        
20000000  __stack                 
20000200  __STACK_END             
20000200  __STACK_TOP             
20000200  hor                     
20000210  var                     
20000220  horAvg                  
20000224  verAvg                  
20000228  x                       
20000229  y                       
2000022c  _lock                   
20000230  _unlock                 
20000234  __TI_cleanup_ptr        
20000238  __TI_dtors_ptr          
2000023c  main_func_sp            
ffffffff  __binit__               
ffffffff  __c_args__              
ffffffff  binit                   
UNDEFED   SHT$$INIT_ARRAY$$Base   
UNDEFED   SHT$$INIT_ARRAY$$Limit  

[77 symbols]
