******************************************************************************
                  TI ARM Linker PC v5.2.5                      
******************************************************************************
>> Linked Fri Sep 02 20:03:31 2016

OUTPUT FILE NAME:   <lab3_2.c.out>
ENTRY POINT SYMBOL: "_c_int00"  address: 00001081


MEMORY CONFIGURATION

         name            origin    length      used     unused   attr    fill
----------------------  --------  ---------  --------  --------  ----  --------
  FLASH                 00000000   00040000  000016e6  0003e91a  R  X
  SRAM                  20000000   00008000  000004c0  00007b40  RW X


SEGMENT ALLOCATION MAP

run origin  load origin   length   init length attrs members
----------  ----------- ---------- ----------- ----- -------
00000000    00000000    000016e8   000016e8    r-x
  00000000    00000000    0000026c   0000026c    r-- .intvecs
  0000026c    0000026c    00001136   00001136    r-x .text
  000013a4    000013a4    000002ec   000002ec    r-- .const
  00001690    00001690    00000058   00000058    r-- .cinit
20000000    20000000    000004c0   00000000    rw-
  20000000    20000000    0000026c   00000000    rw- .vtable
  2000026c    2000026c    00000200   00000000    rw- .stack
  2000046c    2000046c    0000004c   00000000    rw- .data
  200004b8    200004b8    00000008   00000000    rw- .bss


SECTION ALLOCATION MAP

 output                                  attributes/
section   page    origin      length       input sections
--------  ----  ----------  ----------   ----------------
.intvecs   0    00000000    0000026c     
                  00000000    0000026c     tm4c123gh6pm_startup_ccs.obj (.intvecs)

.text      0    0000026c    00001136     
                  0000026c    0000082c     lab3_2.obj (.text)
                  00000a98    00000132     driverlib.lib : gpio.obj (.text:GPIOPadConfigSet)
                  00000bca    00000002     --HOLE-- [fill = 0]
                  00000bcc    00000110                   : sysctl.obj (.text:SysCtlClockGet)
                  00000cdc    000000f4                   : sysctl.obj (.text:SysCtlClockSet)
                  00000dd0    0000009c     rtsv7M4_T_le_v4SPD16_eabi.lib : memcpy_t2.obj (.text)
                  00000e6c    0000007a                                   : memset_t2.obj (.text)
                  00000ee6    00000002     --HOLE-- [fill = 0]
                  00000ee8    0000006c                                   : autoinit.obj (.text)
                  00000f54    0000006a                                   : copy_decompress_rle.obj (.text)
                  00000fbe    00000002     --HOLE-- [fill = 0]
                  00000fc0    00000068     driverlib.lib : interrupt.obj (.text:IntEnable)
                  00001028    00000056                   : gpio.obj (.text:GPIOIntTypeSet)
                  0000107e    00000002     --HOLE-- [fill = 0]
                  00001080    00000050     rtsv7M4_T_le_v4SPD16_eabi.lib : boot.obj (.text)
                  000010d0    0000004c                                   : cpy_tbl.obj (.text)
                  0000111c    00000048     driverlib.lib : gpio.obj (.text:GPIOPinConfigure)
                  00001164    00000044     rtsv7M4_T_le_v4SPD16_eabi.lib : exit.obj (.text)
                  000011a8    00000040     driverlib.lib : gpio.obj (.text:_GPIOIntNumberGet)
                  000011e8    00000034                   : interrupt.obj (.text:IntRegister)
                  0000121c    00000034                   : sysctl.obj (.text:SysCtlPeripheralEnable)
                  00001250    0000002a                   : gpio.obj (.text:GPIODirModeSet)
                  0000127a    00000022                   : pwm.obj (.text:PWMGenConfigure)
                  0000129c    0000001e                   : pwm.obj (.text:PWMPulseWidthSet)
                  000012ba    00000018                   : gpio.obj (.text:GPIOIntRegister)
                  000012d2    00000002     --HOLE-- [fill = 0]
                  000012d4    00000018     rtsv7M4_T_le_v4SPD16_eabi.lib : args_main.obj (.text)
                  000012ec    00000014     driverlib.lib : sysctl.obj (.text:SysCtlPWMClockSet)
                  00001300    00000014     rtsv7M4_T_le_v4SPD16_eabi.lib : _lock.obj (.text)
                  00001314    00000012     driverlib.lib : gpio.obj (.text:GPIOPinTypePWM)
                  00001326    00000012                   : pwm.obj (.text:PWMOutputState)
                  00001338    00000010                   : pwm.obj (.text:PWMGenPeriodSet)
                  00001348    0000000e     rtsv7M4_T_le_v4SPD16_eabi.lib : copy_decompress_none.obj (.text:decompress:none)
                  00001356    0000000c     driverlib.lib : gpio.obj (.text:GPIOIntEnable)
                  00001362    0000000c                   : pwm.obj (.text:PWMGenEnable)
                  0000136e    0000000c     rtsv7M4_T_le_v4SPD16_eabi.lib : copy_zero_init.obj (.text:decompress:ZI)
                  0000137a    0000000c     tm4c123gh6pm_startup_ccs.obj (.text)
                  00001386    00000006     driverlib.lib : gpio.obj (.text:GPIOIntClear)
                  0000138c    00000006                   : gpio.obj (.text:GPIOPinRead)
                  00001392    00000006                   : sysctl.obj (.text:SysCtlDelay)
                  00001398    00000006     rtsv7M4_T_le_v4SPD16_eabi.lib : copy_decompress_rle.obj (.text:decompress:rle24)
                  0000139e    00000004                                   : pre_init.obj (.text)

.const     0    000013a4    000002ec     
                  000013a4    000000c0     driverlib.lib : gpio.obj (.const:g_ppui32GPIOIntMapBlizzard)
                  00001464    000000c0                   : gpio.obj (.const:g_ppui32GPIOIntMapSnowflake)
                  00001524    00000090                   : gpio.obj (.const:g_pui32GPIOBaseAddrs)
                  000015b4    00000070                   : interrupt.obj (.const)
                  00001624    0000006c                   : sysctl.obj (.const:g_pui32Xtals)

.cinit     0    00001690    00000058     
                  00001690    00000020     (.cinit..data.load) [load image, compression = rle]
                  000016b0    0000000c     (__TI_handler_table)
                  000016bc    00000004     --HOLE-- [fill = 0]
                  000016c0    00000008     (.cinit..bss.load) [load image, compression = zero_init]
                  000016c8    00000008     (.cinit..vtable.load) [load image, compression = zero_init]
                  000016d0    00000018     (__TI_cinit_table)

.init_array 
*          0    00000000    00000000     UNINITIALIZED

.vtable    0    20000000    0000026c     UNINITIALIZED
                  20000000    0000026c     driverlib.lib : interrupt.obj (.vtable)

.stack     0    2000026c    00000200     UNINITIALIZED
                  2000026c    00000200     --HOLE--

.data      0    2000046c    0000004c     UNINITIALIZED
                  2000046c    00000035     lab3_2.obj (.data)
                  200004a1    00000003     --HOLE--
                  200004a4    00000008     rtsv7M4_T_le_v4SPD16_eabi.lib : _lock.obj (.data)
                  200004ac    00000008                                   : exit.obj (.data)
                  200004b4    00000004                                   : stkdepth_vars.obj (.data)

.bss       0    200004b8    00000008     UNINITIALIZED
                  200004b8    00000004     (.common:ui32Load)
                  200004bc    00000004     (.common:ui32PWMClock)

.TI.persistent 
*          0    2000046c    00000000     UNINITIALIZED

.TI.noinit 
*          0    200004b8    00000000     UNINITIALIZED


LINKER GENERATED COPY TABLES

__TI_cinit_table @ 000016d0 records: 3, size/record: 8, table size: 24
	.data: load addr=00001690, load size=00000020 bytes, run addr=2000046c, run size=0000004c bytes, compression=rle
	.bss: load addr=000016c0, load size=00000008 bytes, run addr=200004b8, run size=00000008 bytes, compression=zero_init
	.vtable: load addr=000016c8, load size=00000008 bytes, run addr=20000000, run size=0000026c bytes, compression=zero_init


LINKER GENERATED HANDLER TABLE

__TI_handler_table @ 000016b0 records: 3, size/record: 4, table size: 12
	index: 0, handler: __TI_zero_init
	index: 1, handler: __TI_decompress_rle24
	index: 2, handler: __TI_decompress_none


GLOBAL SYMBOLS: SORTED ALPHABETICALLY BY Name 

address   name                    
-------   ----                    
00001165  C$$EXIT                 
00001251  GPIODirModeSet          
00001387  GPIOIntClear            
00001357  GPIOIntEnable           
000012bb  GPIOIntRegister         
00001029  GPIOIntTypeSet          
00000a99  GPIOPadConfigSet        
0000111d  GPIOPinConfigure        
0000138d  GPIOPinRead             
00001315  GPIOPinTypePWM          
00000fc1  IntEnable               
000011e9  IntRegister             
0000127b  PWMGenConfigure         
00001363  PWMGenEnable            
00001339  PWMGenPeriodSet         
00001327  PWMOutputState          
0000129d  PWMPulseWidthSet        
000008bd  PortFIntHandler         
0000137b  ResetISR                
UNDEFED   SHT$$INIT_ARRAY$$Base   
UNDEFED   SHT$$INIT_ARRAY$$Limit  
00000bcd  SysCtlClockGet          
00000cdd  SysCtlClockSet          
00001393  SysCtlDelay             
000012ed  SysCtlPWMClockSet       
0000121d  SysCtlPeripheralEnable  
2000046c  __STACK_END             
00000200  __STACK_SIZE            
2000046c  __STACK_TOP             
000016d0  __TI_CINIT_Base         
000016e8  __TI_CINIT_Limit        
000016b0  __TI_Handler_Table_Base 
000016bc  __TI_Handler_Table_Limit
00000ee9  __TI_auto_init          
200004ac  __TI_cleanup_ptr        
00001349  __TI_decompress_none    
00001399  __TI_decompress_rle24   
200004b0  __TI_dtors_ptr          
00000000  __TI_static_base__      
0000136f  __TI_zero_init          
00000e6d  __aeabi_memclr          
00000e6d  __aeabi_memclr4         
00000e6d  __aeabi_memclr8         
00000dd1  __aeabi_memcpy          
00000dd1  __aeabi_memcpy4         
00000dd1  __aeabi_memcpy8         
00000e6f  __aeabi_memset          
00000e6f  __aeabi_memset4         
00000e6f  __aeabi_memset8         
ffffffff  __binit__               
ffffffff  __c_args__              
2000026c  __stack                 
000012d5  _args_main              
00001081  _c_int00                
200004a4  _lock                   
0000130f  _nop                    
00001307  _register_lock          
00001301  _register_unlock        
0000139f  _system_pre_init        
200004a8  _unlock                 
00001169  abort                   
2000047c  auto_mode               
ffffffff  binit                   
00000881  check_man_mode          
000010d1  copy_in                 
20000474  count                   
00001171  exit                    
20000000  g_pfnRAMVectors         
00000000  g_pfnVectors            
0000026d  main                    
200004b4  main_func_sp            
20000480  man_1                   
20000484  man_2                   
20000488  man_3                   
00000601  man_mode1               
000006f5  man_mode2               
000007bb  man_mode3               
20000470  man_time                
00000dd1  memcpy                  
00000e75  memset                  
20000478  press                   
20000490  sw1_long                
2000048c  sw1_shrt                
2000049c  sw1_shrt_count          
20000498  sw2_long                
20000494  sw2_shrt                
2000046c  time                    
200004b8  ui32Load                
200004bc  ui32PWMClock            
200004a0  ui8Adjust               


GLOBAL SYMBOLS: SORTED BY Symbol Address 

address   name                    
-------   ----                    
00000000  __TI_static_base__      
00000000  g_pfnVectors            
00000200  __STACK_SIZE            
0000026d  main                    
00000601  man_mode1               
000006f5  man_mode2               
000007bb  man_mode3               
00000881  check_man_mode          
000008bd  PortFIntHandler         
00000a99  GPIOPadConfigSet        
00000bcd  SysCtlClockGet          
00000cdd  SysCtlClockSet          
00000dd1  __aeabi_memcpy          
00000dd1  __aeabi_memcpy4         
00000dd1  __aeabi_memcpy8         
00000dd1  memcpy                  
00000e6d  __aeabi_memclr          
00000e6d  __aeabi_memclr4         
00000e6d  __aeabi_memclr8         
00000e6f  __aeabi_memset          
00000e6f  __aeabi_memset4         
00000e6f  __aeabi_memset8         
00000e75  memset                  
00000ee9  __TI_auto_init          
00000fc1  IntEnable               
00001029  GPIOIntTypeSet          
00001081  _c_int00                
000010d1  copy_in                 
0000111d  GPIOPinConfigure        
00001165  C$$EXIT                 
00001169  abort                   
00001171  exit                    
000011e9  IntRegister             
0000121d  SysCtlPeripheralEnable  
00001251  GPIODirModeSet          
0000127b  PWMGenConfigure         
0000129d  PWMPulseWidthSet        
000012bb  GPIOIntRegister         
000012d5  _args_main              
000012ed  SysCtlPWMClockSet       
00001301  _register_unlock        
00001307  _register_lock          
0000130f  _nop                    
00001315  GPIOPinTypePWM          
00001327  PWMOutputState          
00001339  PWMGenPeriodSet         
00001349  __TI_decompress_none    
00001357  GPIOIntEnable           
00001363  PWMGenEnable            
0000136f  __TI_zero_init          
0000137b  ResetISR                
00001387  GPIOIntClear            
0000138d  GPIOPinRead             
00001393  SysCtlDelay             
00001399  __TI_decompress_rle24   
0000139f  _system_pre_init        
000016b0  __TI_Handler_Table_Base 
000016bc  __TI_Handler_Table_Limit
000016d0  __TI_CINIT_Base         
000016e8  __TI_CINIT_Limit        
20000000  g_pfnRAMVectors         
2000026c  __stack                 
2000046c  __STACK_END             
2000046c  __STACK_TOP             
2000046c  time                    
20000470  man_time                
20000474  count                   
20000478  press                   
2000047c  auto_mode               
20000480  man_1                   
20000484  man_2                   
20000488  man_3                   
2000048c  sw1_shrt                
20000490  sw1_long                
20000494  sw2_shrt                
20000498  sw2_long                
2000049c  sw1_shrt_count          
200004a0  ui8Adjust               
200004a4  _lock                   
200004a8  _unlock                 
200004ac  __TI_cleanup_ptr        
200004b0  __TI_dtors_ptr          
200004b4  main_func_sp            
200004b8  ui32Load                
200004bc  ui32PWMClock            
ffffffff  __binit__               
ffffffff  __c_args__              
ffffffff  binit                   
UNDEFED   SHT$$INIT_ARRAY$$Base   
UNDEFED   SHT$$INIT_ARRAY$$Limit  

[90 symbols]
