******************************************************************************
                  TI ARM Linker PC v5.2.5                      
******************************************************************************
>> Linked Sun Aug 14 18:06:13 2016

OUTPUT FILE NAME:   <lab1_2.out>
ENTRY POINT SYMBOL: "_c_int00"  address: 0000076d


MEMORY CONFIGURATION

         name            origin    length      used     unused   attr    fill
----------------------  --------  ---------  --------  --------  ----  --------
  FLASH                 00000000   00040000  00000960  0003f6a0  R  X
  SRAM                  20000000   00008000  0000021c  00007de4  RW X


SEGMENT ALLOCATION MAP

run origin  load origin   length   init length attrs members
----------  ----------- ---------- ----------- ----- -------
00000000    00000000    00000960   00000960    r-x
  00000000    00000000    0000026c   0000026c    r-- .intvecs
  0000026c    0000026c    000006cc   000006cc    r-x .text
  00000938    00000938    00000028   00000028    r-- .cinit
20000000    20000000    0000021c   00000000    rw-
  20000000    20000000    00000200   00000000    rw- .stack
  20000200    20000200    0000001c   00000000    rw- .data


SECTION ALLOCATION MAP

 output                                  attributes/
section   page    origin      length       input sections
--------  ----  ----------  ----------   ----------------
.intvecs   0    00000000    0000026c     
                  00000000    0000026c     tm4c123gh6pm_startup_ccs.obj (.intvecs)

.text      0    0000026c    000006cc     
                  0000026c    00000132     driverlib.lib : gpio.obj (.text:GPIOPadConfigSet)
                  0000039e    00000002     --HOLE-- [fill = 0]
                  000003a0    000000f4                   : sysctl.obj (.text:SysCtlClockSet)
                  00000494    000000e8     1_2.obj (.text)
                  0000057c    0000009c     rtsv7M4_T_le_v4SPD16_eabi.lib : memcpy_t2.obj (.text)
                  00000618    0000007a                                   : memset_t2.obj (.text)
                  00000692    00000002     --HOLE-- [fill = 0]
                  00000694    0000006c                                   : autoinit.obj (.text)
                  00000700    0000006a                                   : copy_decompress_rle.obj (.text)
                  0000076a    00000002     --HOLE-- [fill = 0]
                  0000076c    00000050                                   : boot.obj (.text)
                  000007bc    0000004c                                   : cpy_tbl.obj (.text)
                  00000808    00000044                                   : exit.obj (.text)
                  0000084c    00000034     driverlib.lib : sysctl.obj (.text:SysCtlPeripheralEnable)
                  00000880    0000002a                   : gpio.obj (.text:GPIODirModeSet)
                  000008aa    00000018                   : gpio.obj (.text:GPIOPinTypeGPIOOutput)
                  000008c2    00000002     --HOLE-- [fill = 0]
                  000008c4    00000018     rtsv7M4_T_le_v4SPD16_eabi.lib : args_main.obj (.text)
                  000008dc    00000014                                   : _lock.obj (.text)
                  000008f0    00000012     driverlib.lib : gpio.obj (.text:GPIOPinTypeGPIOInput)
                  00000902    0000000e     rtsv7M4_T_le_v4SPD16_eabi.lib : copy_decompress_none.obj (.text:decompress:none)
                  00000910    0000000c     tm4c123gh6pm_startup_ccs.obj (.text)
                  0000091c    00000006     driverlib.lib : gpio.obj (.text:GPIOPinRead)
                  00000922    00000006                   : gpio.obj (.text:GPIOPinWrite)
                  00000928    00000006                   : sysctl.obj (.text:SysCtlDelay)
                  0000092e    00000006     rtsv7M4_T_le_v4SPD16_eabi.lib : copy_decompress_rle.obj (.text:decompress:rle24)
                  00000934    00000004                                   : pre_init.obj (.text)

.cinit     0    00000938    00000028     
                  00000938    00000017     (.cinit..data.load) [load image, compression = rle]
                  0000094f    00000001     --HOLE-- [fill = 0]
                  00000950    00000008     (__TI_handler_table)
                  00000958    00000008     (__TI_cinit_table)

.init_array 
*          0    00000000    00000000     UNINITIALIZED

.stack     0    20000000    00000200     UNINITIALIZED
                  20000000    00000200     --HOLE--

.data      0    20000200    0000001c     UNINITIALIZED
                  20000200    00000008     1_2.obj (.data)
                  20000208    00000008     rtsv7M4_T_le_v4SPD16_eabi.lib : _lock.obj (.data)
                  20000210    00000008                                   : exit.obj (.data)
                  20000218    00000004                                   : stkdepth_vars.obj (.data)

.TI.persistent 
*          0    20000200    00000000     UNINITIALIZED


LINKER GENERATED COPY TABLES

__TI_cinit_table @ 00000958 records: 1, size/record: 8, table size: 8
	.data: load addr=00000938, load size=00000017 bytes, run addr=20000200, run size=0000001c bytes, compression=rle


LINKER GENERATED HANDLER TABLE

__TI_handler_table @ 00000950 records: 2, size/record: 4, table size: 8
	index: 0, handler: __TI_decompress_rle24
	index: 1, handler: __TI_decompress_none


GLOBAL SYMBOLS: SORTED ALPHABETICALLY BY Name 

address   name                    
-------   ----                    
00000809  C$$EXIT                 
00000881  GPIODirModeSet          
0000026d  GPIOPadConfigSet        
0000091d  GPIOPinRead             
000008f1  GPIOPinTypeGPIOInput    
000008ab  GPIOPinTypeGPIOOutput   
00000923  GPIOPinWrite            
00000911  ResetISR                
UNDEFED   SHT$$INIT_ARRAY$$Base   
UNDEFED   SHT$$INIT_ARRAY$$Limit  
000003a1  SysCtlClockSet          
00000929  SysCtlDelay             
0000084d  SysCtlPeripheralEnable  
20000200  __STACK_END             
00000200  __STACK_SIZE            
20000200  __STACK_TOP             
00000958  __TI_CINIT_Base         
00000960  __TI_CINIT_Limit        
00000950  __TI_Handler_Table_Base 
00000958  __TI_Handler_Table_Limit
00000695  __TI_auto_init          
20000210  __TI_cleanup_ptr        
00000903  __TI_decompress_none    
0000092f  __TI_decompress_rle24   
20000214  __TI_dtors_ptr          
00000000  __TI_static_base__      
00000619  __aeabi_memclr          
00000619  __aeabi_memclr4         
00000619  __aeabi_memclr8         
0000057d  __aeabi_memcpy          
0000057d  __aeabi_memcpy4         
0000057d  __aeabi_memcpy8         
0000061b  __aeabi_memset          
0000061b  __aeabi_memset4         
0000061b  __aeabi_memset8         
ffffffff  __binit__               
ffffffff  __c_args__              
20000000  __stack                 
000008c5  _args_main              
0000076d  _c_int00                
20000208  _lock                   
000008eb  _nop                    
000008e3  _register_lock          
000008dd  _register_unlock        
00000935  _system_pre_init        
2000020c  _unlock                 
0000080d  abort                   
ffffffff  binit                   
000007bd  copy_in                 
20000204  del                     
00000815  exit                    
00000000  g_pfnVectors            
20000200  led                     
00000495  main                    
20000218  main_func_sp            
0000057d  memcpy                  
00000621  memset                  


GLOBAL SYMBOLS: SORTED BY Symbol Address 

address   name                    
-------   ----                    
00000000  __TI_static_base__      
00000000  g_pfnVectors            
00000200  __STACK_SIZE            
0000026d  GPIOPadConfigSet        
000003a1  SysCtlClockSet          
00000495  main                    
0000057d  __aeabi_memcpy          
0000057d  __aeabi_memcpy4         
0000057d  __aeabi_memcpy8         
0000057d  memcpy                  
00000619  __aeabi_memclr          
00000619  __aeabi_memclr4         
00000619  __aeabi_memclr8         
0000061b  __aeabi_memset          
0000061b  __aeabi_memset4         
0000061b  __aeabi_memset8         
00000621  memset                  
00000695  __TI_auto_init          
0000076d  _c_int00                
000007bd  copy_in                 
00000809  C$$EXIT                 
0000080d  abort                   
00000815  exit                    
0000084d  SysCtlPeripheralEnable  
00000881  GPIODirModeSet          
000008ab  GPIOPinTypeGPIOOutput   
000008c5  _args_main              
000008dd  _register_unlock        
000008e3  _register_lock          
000008eb  _nop                    
000008f1  GPIOPinTypeGPIOInput    
00000903  __TI_decompress_none    
00000911  ResetISR                
0000091d  GPIOPinRead             
00000923  GPIOPinWrite            
00000929  SysCtlDelay             
0000092f  __TI_decompress_rle24   
00000935  _system_pre_init        
00000950  __TI_Handler_Table_Base 
00000958  __TI_CINIT_Base         
00000958  __TI_Handler_Table_Limit
00000960  __TI_CINIT_Limit        
20000000  __stack                 
20000200  __STACK_END             
20000200  __STACK_TOP             
20000200  led                     
20000204  del                     
20000208  _lock                   
2000020c  _unlock                 
20000210  __TI_cleanup_ptr        
20000214  __TI_dtors_ptr          
20000218  main_func_sp            
ffffffff  __binit__               
ffffffff  __c_args__              
ffffffff  binit                   
UNDEFED   SHT$$INIT_ARRAY$$Base   
UNDEFED   SHT$$INIT_ARRAY$$Limit  

[57 symbols]
