******************************************************************************
                  TI ARM Linker PC v5.2.5                      
******************************************************************************
>> Linked Thu Aug 11 20:04:27 2016

OUTPUT FILE NAME:   <lab1_1.out>
ENTRY POINT SYMBOL: "_c_int00"  address: 00000709


MEMORY CONFIGURATION

         name            origin    length      used     unused   attr    fill
----------------------  --------  ---------  --------  --------  ----  --------
  FLASH                 00000000   00040000  000008ee  0003f712  R  X
  SRAM                  20000000   00008000  00000218  00007de8  RW X


SEGMENT ALLOCATION MAP

run origin  load origin   length   init length attrs members
----------  ----------- ---------- ----------- ----- -------
00000000    00000000    000008f0   000008f0    r-x
  00000000    00000000    0000026c   0000026c    r-- .intvecs
  0000026c    0000026c    00000662   00000662    r-x .text
  000008d0    000008d0    00000020   00000020    r-- .cinit
20000000    20000000    00000218   00000000    rw-
  20000000    20000000    00000200   00000000    rw- .stack
  20000200    20000200    00000018   00000000    rw- .data


SECTION ALLOCATION MAP

 output                                  attributes/
section   page    origin      length       input sections
--------  ----  ----------  ----------   ----------------
.intvecs   0    00000000    0000026c     
                  00000000    0000026c     tm4c123gh6pm_startup_ccs.obj (.intvecs)

.text      0    0000026c    00000662     
                  0000026c    00000132     driverlib.lib : gpio.obj (.text:GPIOPadConfigSet)
                  0000039e    00000002     --HOLE-- [fill = 0]
                  000003a0    000000f4                   : sysctl.obj (.text:SysCtlClockSet)
                  00000494    0000009c     rtsv7M4_T_le_v4SPD16_eabi.lib : memcpy_t2.obj (.text)
                  00000530    00000084     1.obj (.text)
                  000005b4    0000007a     rtsv7M4_T_le_v4SPD16_eabi.lib : memset_t2.obj (.text)
                  0000062e    00000002     --HOLE-- [fill = 0]
                  00000630    0000006c                                   : autoinit.obj (.text)
                  0000069c    0000006a                                   : copy_decompress_rle.obj (.text)
                  00000706    00000002     --HOLE-- [fill = 0]
                  00000708    00000050                                   : boot.obj (.text)
                  00000758    0000004c                                   : cpy_tbl.obj (.text)
                  000007a4    00000044                                   : exit.obj (.text)
                  000007e8    00000034     driverlib.lib : sysctl.obj (.text:SysCtlPeripheralEnable)
                  0000081c    0000002a                   : gpio.obj (.text:GPIODirModeSet)
                  00000846    00000018                   : gpio.obj (.text:GPIOPinTypeGPIOOutput)
                  0000085e    00000002     --HOLE-- [fill = 0]
                  00000860    00000018     rtsv7M4_T_le_v4SPD16_eabi.lib : args_main.obj (.text)
                  00000878    00000014                                   : _lock.obj (.text)
                  0000088c    00000012     driverlib.lib : gpio.obj (.text:GPIOPinTypeGPIOInput)
                  0000089e    0000000e     rtsv7M4_T_le_v4SPD16_eabi.lib : copy_decompress_none.obj (.text:decompress:none)
                  000008ac    0000000c     tm4c123gh6pm_startup_ccs.obj (.text)
                  000008b8    00000006     driverlib.lib : gpio.obj (.text:GPIOPinRead)
                  000008be    00000006                   : sysctl.obj (.text:SysCtlDelay)
                  000008c4    00000006     rtsv7M4_T_le_v4SPD16_eabi.lib : copy_decompress_rle.obj (.text:decompress:rle24)
                  000008ca    00000004                                   : pre_init.obj (.text)

.cinit     0    000008d0    00000020     
                  000008d0    0000000f     (.cinit..data.load) [load image, compression = rle]
                  000008df    00000001     --HOLE-- [fill = 0]
                  000008e0    00000008     (__TI_handler_table)
                  000008e8    00000008     (__TI_cinit_table)

.init_array 
*          0    00000000    00000000     UNINITIALIZED

.stack     0    20000000    00000200     UNINITIALIZED
                  20000000    00000200     --HOLE--

.data      0    20000200    00000018     UNINITIALIZED
                  20000200    00000008     rtsv7M4_T_le_v4SPD16_eabi.lib : _lock.obj (.data)
                  20000208    00000008                                   : exit.obj (.data)
                  20000210    00000004     1.obj (.data)
                  20000214    00000004     rtsv7M4_T_le_v4SPD16_eabi.lib : stkdepth_vars.obj (.data)

.TI.persistent 
*          0    20000200    00000000     UNINITIALIZED


LINKER GENERATED COPY TABLES

__TI_cinit_table @ 000008e8 records: 1, size/record: 8, table size: 8
	.data: load addr=000008d0, load size=0000000f bytes, run addr=20000200, run size=00000018 bytes, compression=rle


LINKER GENERATED HANDLER TABLE

__TI_handler_table @ 000008e0 records: 2, size/record: 4, table size: 8
	index: 0, handler: __TI_decompress_rle24
	index: 1, handler: __TI_decompress_none


GLOBAL SYMBOLS: SORTED ALPHABETICALLY BY Name 

address   name                    
-------   ----                    
000007a5  C$$EXIT                 
0000081d  GPIODirModeSet          
0000026d  GPIOPadConfigSet        
000008b9  GPIOPinRead             
0000088d  GPIOPinTypeGPIOInput    
00000847  GPIOPinTypeGPIOOutput   
000008ad  ResetISR                
UNDEFED   SHT$$INIT_ARRAY$$Base   
UNDEFED   SHT$$INIT_ARRAY$$Limit  
000003a1  SysCtlClockSet          
000008bf  SysCtlDelay             
000007e9  SysCtlPeripheralEnable  
20000200  __STACK_END             
00000200  __STACK_SIZE            
20000200  __STACK_TOP             
000008e8  __TI_CINIT_Base         
000008f0  __TI_CINIT_Limit        
000008e0  __TI_Handler_Table_Base 
000008e8  __TI_Handler_Table_Limit
00000631  __TI_auto_init          
20000208  __TI_cleanup_ptr        
0000089f  __TI_decompress_none    
000008c5  __TI_decompress_rle24   
2000020c  __TI_dtors_ptr          
00000000  __TI_static_base__      
000005b5  __aeabi_memclr          
000005b5  __aeabi_memclr4         
000005b5  __aeabi_memclr8         
00000495  __aeabi_memcpy          
00000495  __aeabi_memcpy4         
00000495  __aeabi_memcpy8         
000005b7  __aeabi_memset          
000005b7  __aeabi_memset4         
000005b7  __aeabi_memset8         
ffffffff  __binit__               
ffffffff  __c_args__              
20000000  __stack                 
00000861  _args_main              
00000709  _c_int00                
20000200  _lock                   
00000887  _nop                    
0000087f  _register_lock          
00000879  _register_unlock        
000008cb  _system_pre_init        
20000204  _unlock                 
000007a9  abort                   
ffffffff  binit                   
00000759  copy_in                 
000007b1  exit                    
00000000  g_pfnVectors            
00000531  main                    
20000214  main_func_sp            
00000495  memcpy                  
000005bd  memset                  
20000210  sw1Status               


GLOBAL SYMBOLS: SORTED BY Symbol Address 

address   name                    
-------   ----                    
00000000  __TI_static_base__      
00000000  g_pfnVectors            
00000200  __STACK_SIZE            
0000026d  GPIOPadConfigSet        
000003a1  SysCtlClockSet          
00000495  __aeabi_memcpy          
00000495  __aeabi_memcpy4         
00000495  __aeabi_memcpy8         
00000495  memcpy                  
00000531  main                    
000005b5  __aeabi_memclr          
000005b5  __aeabi_memclr4         
000005b5  __aeabi_memclr8         
000005b7  __aeabi_memset          
000005b7  __aeabi_memset4         
000005b7  __aeabi_memset8         
000005bd  memset                  
00000631  __TI_auto_init          
00000709  _c_int00                
00000759  copy_in                 
000007a5  C$$EXIT                 
000007a9  abort                   
000007b1  exit                    
000007e9  SysCtlPeripheralEnable  
0000081d  GPIODirModeSet          
00000847  GPIOPinTypeGPIOOutput   
00000861  _args_main              
00000879  _register_unlock        
0000087f  _register_lock          
00000887  _nop                    
0000088d  GPIOPinTypeGPIOInput    
0000089f  __TI_decompress_none    
000008ad  ResetISR                
000008b9  GPIOPinRead             
000008bf  SysCtlDelay             
000008c5  __TI_decompress_rle24   
000008cb  _system_pre_init        
000008e0  __TI_Handler_Table_Base 
000008e8  __TI_CINIT_Base         
000008e8  __TI_Handler_Table_Limit
000008f0  __TI_CINIT_Limit        
20000000  __stack                 
20000200  __STACK_END             
20000200  __STACK_TOP             
20000200  _lock                   
20000204  _unlock                 
20000208  __TI_cleanup_ptr        
2000020c  __TI_dtors_ptr          
20000210  sw1Status               
20000214  main_func_sp            
ffffffff  __binit__               
ffffffff  __c_args__              
ffffffff  binit                   
UNDEFED   SHT$$INIT_ARRAY$$Base   
UNDEFED   SHT$$INIT_ARRAY$$Limit  

[55 symbols]
