******************************************************************************
                  TI ARM Linker PC v5.2.5                      
******************************************************************************
>> Linked Tue Sep 27 18:04:11 2016

OUTPUT FILE NAME:   <pwmled_EK_TM4C123GXL_TI_TivaTM4C123GH6PM.out>
ENTRY POINT SYMBOL: "_c_int00"  address: 00003539


MEMORY CONFIGURATION

         name            origin    length      used     unused   attr    fill
----------------------  --------  ---------  --------  --------  ----  --------
  FLASH                 00000000   00040000  0000588f  0003a771  R  X
  SRAM                  20000000   00008000  00001e58  000061a8  RW X


SEGMENT ALLOCATION MAP

run origin  load origin   length   init length attrs members
----------  ----------- ---------- ----------- ----- -------
00000000    00000000    00005898   00005898    r-x
  00000000    00000000    0000003c   0000003c    r-- .resetVecs
  00000040    00000040    00004f7a   00004f7a    r-x .text
  00004fbc    00004fbc    000005a1   000005a1    r-- .const
  00005560    00005560    00000338   00000338    r-- .cinit
20000000    20000000    00001e58   00000000    rw-
  20000000    20000000    00000360   00000000    rw- .vecs
  20000360    20000360    000013ac   00000000    rw- .bss
  2000170c    2000170c    0000044c   00000000    rw- .data
  20001b58    20001b58    00000300   00000000    rw- .stack


SECTION ALLOCATION MAP

 output                                  attributes/
section   page    origin      length       input sections
--------  ----  ----------  ----------   ----------------
.resetVecs 
*          0    00000000    0000003c     
                  00000000    0000003c     pwmled_pem4f.oem4f (.resetVecs)

.text      0    00000040    00004f7a     
                  00000040    00000430     sysbios.aem4f : BIOS.obj (.text:ti_sysbios_family_arm_m3_Hwi_excDumpRegs__I)
                  00000470    0000034c     ti.targets.arm.rtsarm.aem4f : System.oem4f (.text:xdc_runtime_System_doPrint__I)
                  000007bc    000002d4     rtsv7M4_T_le_v4SPD16_eabi.lib : trgdrv.obj (.text)
                  00000a90    000001fc     sysbios.aem4f : BIOS.obj (.text:ti_sysbios_family_arm_m3_Hwi_excHandlerMax__I)
                  00000c8c    00000004     pwmled_pem4f.oem4f (.text:ti_sysbios_BIOS_RtsGateProxy_enter__E)
                  00000c90    00000174     sysbios.aem4f : BIOS.obj (.text:ti_sysbios_family_arm_m3_Hwi_excBusFault__I)
                  00000e04    00000004     pwmled_pem4f.oem4f (.text:ti_sysbios_BIOS_RtsGateProxy_leave__E)
                  00000e08    00000174     sysbios.aem4f : BIOS.obj (.text:ti_sysbios_knl_Semaphore_pend__E)
                  00000f7c    00000170     drivers_tivaware.aem4f : PWMTiva.oem4f (.text:PWMTiva_open)
                  000010ec    00000004     sysbios.aem4f : BIOS.obj (.text:ti_sysbios_family_arm_lm4_Timer_masterEnable__I)
                  000010f0    00000164                   : BIOS.obj (.text:ti_sysbios_family_arm_m3_Hwi_excUsageFault__I)
                  00001254    00000148     drivers_tivaware.aem4f : GPIOTiva.oem4f (.text:GPIO_setConfig)
                  0000139c    00000004     pwmled_pem4f.oem4f (.text:ti_sysbios_family_arm_m3_TaskSupport_Module__startupDone__S)
                  000013a0    00000148     sysbios.aem4f : BIOS.obj (.text:ti_sysbios_family_arm_m3_Hwi_excMemFault__I)
                  000014e8    00000130     driverlib.lib : gpio.obj (.text:GPIOPadConfigSet)
                  00001618    00000118     ti.targets.arm.rtsarm.aem4f : Error.oem4f (.text:xdc_runtime_Error_policyDefault__E)
                  00001730    00000108     sysbios.aem4f : BIOS.obj (.text:ti_sysbios_family_arm_lm4_Timer_start__E)
                  00001838    00000100     Boot.aem4f : Boot_sysctl.oem4f (.text:ti_catalog_arm_cortexm4_tiva_ce_Boot_sysCtlClockSetI__I)
                  00001938    00000100     ti.targets.arm.rtsarm.aem4f : Core-mem.oem4f (.text:xdc_runtime_Core_createObject__I)
                  00001a38    000000f8                                 : Startup.oem4f (.text:xdc_runtime_Startup_startMods__I)
                  00001b30    000000f8     pwmled_pem4f.oem4f (.text:xdc_runtime_System_printfExtend__I)
                  00001c28    000000f4     sysbios.aem4f : m3_Hwi_asm.obj (.text:ti_sysbios_family_arm_m3_Hwi_dispatch__I)
                  00001d1c    000000f0     drivers_tivaware.aem4f : PWMTiva.oem4f (.text:PWMTiva_setDuty)
                  00001e0c    00000004     pwmled_pem4f.oem4f (.text:ti_sysbios_heaps_HeapMem_Module_GateProxy_enter__E)
                  00001e10    000000e0     sysbios.aem4f : BIOS.obj (.text:ti_sysbios_knl_Task_sleep__E)
                  00001ef0    000000d8     pwmled.obj (.text:pwmLEDFxn)
                  00001fc8    000000cc     sysbios.aem4f : BIOS.obj (.text:ti_sysbios_heaps_HeapMem_alloc__E)
                  00002094    000000cc     ti.targets.arm.rtsarm.aem4f : Core-smem.oem4f (.text:xdc_runtime_Core_constructObject__I)
                  00002160    000000bc     sysbios.aem4f : BIOS.obj (.text:ti_sysbios_family_arm_m3_Hwi_excDebugMon__I)
                  0000221c    00000004     pwmled_pem4f.oem4f (.text:ti_sysbios_heaps_HeapMem_Module_GateProxy_leave__E)
                  00002220    000000bc     sysbios.aem4f : BIOS.obj (.text:ti_sysbios_family_arm_m3_Hwi_excHardFault__I)
                  000022dc    00000004     pwmled_pem4f.oem4f (.text:ti_sysbios_knl_Clock_TimerProxy_getMaxTicks__E)
                  000022e0    000000b4     sysbios.aem4f : BIOS.obj (.text:ti_sysbios_knl_Task_checkStacks__E)
                  00002394    00000004     pwmled_pem4f.oem4f (.text:ti_sysbios_knl_Queue_destruct)
                  00002398    000000ac     sysbios.aem4f : BIOS.obj (.text:ti_sysbios_family_arm_lm4_Timer_enableTiva__I)
                  00002444    000000a0     auto_init.aem4f : auto_init.oem4f (.text)
                  000024e4    000000a0     ti.targets.arm.rtsarm.aem4f : Text.oem4f (.text:xdc_runtime_Text_putMod__E)
                  00002584    0000009c     rtsv7M4_T_le_v4SPD16_eabi.lib : memcpy_t2.obj (.text)
                  00002620    0000009c     sysbios.aem4f : BIOS.obj (.text:ti_sysbios_knl_Task_postInit__I)
                  000026bc    0000009a     ti.targets.arm.rtsarm.aem4f : Text.oem4f (.text:xdc_runtime_Text_putSite__E)
                  00002756    00000002     rtsv7M4_T_le_v4SPD16_eabi.lib : i_div0.obj (.text)
                  00002758    00000098     drivers_tivaware.aem4f : GPIOTiva.oem4f (.text:GPIO_init)
                  000027f0    00000098     Boot.aem4f : Boot.oem4f (.text:ti_catalog_arm_cortexm4_tiva_ce_Boot_sysCtlClockSet__E)
                  00002888    00000094     pwmled.obj (.text:main)
                  0000291c    00000004     pwmled_pem4f.oem4f (.text:ti_sysbios_knl_Semaphore_destruct)
                  00002920    00000094     sysbios.aem4f : BIOS.obj (.text:ti_sysbios_family_arm_m3_Hwi_Instance_init__E)
                  000029b4    00000004     ti.targets.arm.rtsarm.aem4f : Error.oem4f (.text:xdc_runtime_Error_getSite__E)
                  000029b8    00000094     sysbios.aem4f : BIOS.obj (.text:ti_sysbios_family_arm_m3_Hwi_initNVIC__E)
                  00002a4c    0000008c                   : m3_TaskSupport_asm.obj (.text:ti_sysbios_family_arm_m3_TaskSupport_buildTaskStack)
                  00002ad8    00000088     drivers_tivaware.aem4f : PWMTiva.oem4f (.text:PWMTiva_control)
                  00002b60    0000007c     sysbios.aem4f : BIOS.obj (.text:ti_sysbios_heaps_HeapMem_free__E)
                  00002bdc    0000007a     rtsv7M4_T_le_v4SPD16_eabi.lib : memset_t2.obj (.text)
                  00002c56    00000002     pwmled_pem4f.oem4f (.text:ti_sysbios_BIOS_nullFunc__I)
                  00002c58    00000074     sysbios.aem4f : BIOS.obj (.text:ti_sysbios_family_arm_m3_Hwi_postInit__I)
                  00002ccc    00000004     pwmled_pem4f.oem4f (.text:xdc_runtime_System_Module_GateProxy_enter__E)
                  00002cd0    00000070     sysbios.aem4f : BIOS.obj (.text:ti_sysbios_knl_Semaphore_post__E)
                  00002d40    0000006c                   : BIOS.obj (.text:ti_sysbios_knl_Clock_workFunc__E)
                  00002dac    00000004     pwmled_pem4f.oem4f (.text:xdc_runtime_System_Module_GateProxy_leave__E)
                  00002db0    0000006c     sysbios.aem4f : BIOS.obj (.text:ti_sysbios_knl_Swi_restoreHwi__E)
                  00002e1c    00000004     ti.targets.arm.rtsarm.aem4f : System.oem4f (.text:xdc_runtime_System_aprintf_va__F)
                  00002e20    0000006c     sysbios.aem4f : BIOS.obj (.text:ti_sysbios_knl_Task_exit__E)
                  00002e8c    0000006c     ti.targets.arm.rtsarm.aem4f : Error.oem4f (.text:xdc_runtime_Error_print__E)
                  00002ef8    0000006c                                 : Memory.oem4f (.text:xdc_runtime_Memory_alloc__E)
                  00002f64    0000006a     drivers_tivaware.aem4f : PWMTiva.oem4f (.text:PWMTiva_close)
                  00002fce    0000006a     rtsv7M4_T_le_v4SPD16_eabi.lib : copy_decompress_rle.obj (.text)
                  00003038    00000068                                   : trgmsg.obj (.text)
                  000030a0    00000066     ti.targets.arm.rtsarm.aem4f : Core-mem.oem4f (.text:xdc_runtime_Core_deleteObject__I)
                  00003106    00000002     pwmled_pem4f.oem4f (.text:xdc_runtime_Startup_reset__I)
                  00003108    00000064     drivers_tivaware.aem4f : GPIOTiva.oem4f (.text:GPIO_hwiIntFxn)
                  0000316c    00000004     ti.targets.arm.rtsarm.aem4f : System.oem4f (.text:xdc_runtime_System_printf_va__F)
                  00003170    00000064     sysbios.aem4f : BIOS.obj (.text:ti_sysbios_family_arm_lm4_Timer_Module_startup__E)
                  000031d4    00000064     pwmled_pem4f.oem4f (.text:ti_sysbios_family_arm_m3_Hwi_create)
                  00003238    00000064     sysbios.aem4f : BIOS.obj (.text:ti_sysbios_family_arm_m3_Hwi_dispatchC__I)
                  0000329c    00000064     ti.targets.arm.rtsarm.aem4f : System.oem4f (.text:xdc_runtime_System_formatNum__I)
                  00003300    00000060     sysbios.aem4f : BIOS.obj (.text:ti_sysbios_knl_Task_schedule__I)
                  00003360    0000005c                   : BIOS.obj (.text:ti_sysbios_knl_Swi_run__I)
                  000033bc    00000004     --HOLE-- [fill = 0]
                  000033c0    0000005c                   : BIOS.obj (.text:ti_sysbios_knl_Swi_schedule__I)
                  0000341c    00000004     --HOLE-- [fill = 0]
                  00003420    0000005c                   : BIOS.obj (.text:ti_sysbios_knl_Task_Module_startup__E)
                  0000347c    00000004     --HOLE-- [fill = 0]
                  00003480    0000005c                   : BIOS.obj (.text:ti_sysbios_knl_Task_startCore__E)
                  000034dc    0000005b     ti.targets.arm.rtsarm.aem4f : Text.oem4f (.text:xdc_runtime_Text_putLab__E)
                  00003537    00000001     --HOLE-- [fill = 0]
                  00003538    00000058     boot.aem4f : boot.oem4f (.text)
                  00003590    00000058     sysbios.aem4f : m3_Hwi_asm_switch.obj (.text:ti_sysbios_family_arm_m3_Hwi_initStacks__E)
                  000035e8    00000056     driverlib.lib : gpio.obj (.text:GPIOIntTypeSet)
                  0000363e    00000002     --HOLE-- [fill = 0]
                  00003640    00000054     sysbios.aem4f : BIOS.obj (.text:ti_sysbios_family_arm_lm4_Timer_initDevice__I)
                  00003694    00000054     ti.targets.arm.rtsarm.aem4f : Assert.oem4f (.text:xdc_runtime_Assert_raise__I)
                  000036e8    00000050     drivers_tivaware.aem4f : GPIOTiva.oem4f (.text:GPIO_setCallback)
                  00003738    00000050                            : GPIOTiva.oem4f (.text:GPIO_write)
                  00003788    00000050     sysbios.aem4f : BIOS.obj (.text:ti_sysbios_family_arm_m3_Hwi_Module_startup__E)
                  000037d8    00000050     ti.targets.arm.rtsarm.aem4f : Startup.oem4f (.text:xdc_runtime_Startup_exec__E)
                  00003828    0000004c     rtsv7M4_T_le_v4SPD16_eabi.lib : cpy_tbl.obj (.text)
                  00003874    00000004     --HOLE-- [fill = 0]
                  00003878    0000004c     sysbios.aem4f : BIOS.obj (.text:ti_sysbios_heaps_HeapMem_getStats__E)
                  000038c4    00000004     --HOLE-- [fill = 0]
                  000038c8    0000004c                   : BIOS.obj (.text:ti_sysbios_knl_Swi_runLoop__I)
                  00003914    00000004     --HOLE-- [fill = 0]
                  00003918    0000004c                   : BIOS.obj (.text:ti_sysbios_knl_Task_allBlockedFunction__I)
                  00003964    00000048     driverlib.lib : gpio.obj (.text:GPIOPinConfigure)
                  000039ac    00000004     --HOLE-- [fill = 0]
                  000039b0    00000048     sysbios.aem4f : BIOS.obj (.text:ti_sysbios_family_arm_lm4_Timer_enableTimers__I)
                  000039f8    00000048                   : BIOS.obj (.text:ti_sysbios_family_arm_m3_Hwi_disableInterrupt__E)
                  00003a40    00000048                   : BIOS.obj (.text:ti_sysbios_family_arm_m3_Hwi_enableInterrupt__E)
                  00003a88    00000048                   : BIOS.obj (.text:ti_sysbios_family_arm_m3_Hwi_excReserved__I)
                  00003ad0    00000046     ti.targets.arm.rtsarm.aem4f : Core-params.oem4f (.text:xdc_runtime_Core_assignParams__I)
                  00003b16    00000002     --HOLE-- [fill = 0]
                  00003b18    00000044     rtsv7M4_T_le_v4SPD16_eabi.lib : exit.obj (.text)
                  00003b5c    00000004     --HOLE-- [fill = 0]
                  00003b60    00000044     sysbios.aem4f : BIOS.obj (.text:ti_sysbios_family_arm_lm4_Timer_isrStub__E)
                  00003ba4    00000004     --HOLE-- [fill = 0]
                  00003ba8    00000044                   : BIOS.obj (.text:ti_sysbios_family_arm_m3_Hwi_getStackInfo__E)
                  00003bec    00000004     --HOLE-- [fill = 0]
                  00003bf0    00000044                   : BIOS.obj (.text:ti_sysbios_knl_Swi_post__E)
                  00003c34    00000044     ti.targets.arm.rtsarm.aem4f : Error.oem4f (.text:xdc_runtime_Error_setX__E)
                  00003c78    00000044                                 : SysMin.oem4f (.text:xdc_runtime_SysMin_flush__E)
                  00003cbc    00000044                                 : Text.oem4f (.text:xdc_runtime_Text_xprintf__I)
                  00003d00    00000040     EK_TM4C123GXL.obj (.text:EK_TM4C123GXL_initGeneral)
                  00003d40    00000040     rtsv7M4_T_le_v4SPD16_eabi.lib : u_divt2.obj (.text)
                  00003d80    00000040     sysbios.aem4f : BIOS.obj (.text:ti_sysbios_family_arm_lm4_Timer_startup__E)
                  00003dc0    00000040                   : BIOS.obj (.text:ti_sysbios_heaps_HeapMem_Instance_init__E)
                  00003e00    0000003c                   : BIOS.obj (.text:ti_sysbios_family_arm_m3_Hwi_excSvCall__I)
                  00003e3c    00000004     --HOLE-- [fill = 0]
                  00003e40    0000003c                   : BIOS.obj (.text:ti_sysbios_family_arm_m3_TaskSupport_start__E)
                  00003e7c    00000004     --HOLE-- [fill = 0]
                  00003e80    0000003c                   : BIOS.obj (.text:ti_sysbios_heaps_HeapMem_init__I)
                  00003ebc    00000004     --HOLE-- [fill = 0]
                  00003ec0    0000003c                   : BIOS.obj (.text:ti_sysbios_knl_Swi_restore__E)
                  00003efc    00000038     drivers_tivaware.aem4f : PWM.oem4f (.text:PWM_init)
                  00003f34    00000004     --HOLE-- [fill = 0]
                  00003f38    00000038     sysbios.aem4f : BIOS.obj (.text:ti_sysbios_family_arm_m3_Hwi_excNoIsr__I)
                  00003f70    00000038                   : BIOS.obj (.text:ti_sysbios_knl_Task_processVitalTaskFlag__I)
                  00003fa8    00000038     ti.targets.arm.rtsarm.aem4f : SysMin.oem4f (.text:xdc_runtime_SysMin_putch__E)
                  00003fe0    00000038                                 : System.oem4f (.text:xdc_runtime_System_atexit__E)
                  00004018    00000034     EK_TM4C123GXL.obj (.text:EK_TM4C123GXL_initPWM)
                  0000404c    00000034     driverlib.lib : sysctl.obj (.text:SysCtlPeripheralEnable)
                  00004080    00000034     sysbios.aem4f : BIOS.obj (.text:ti_sysbios_family_arm_m3_Hwi_excNmi__I)
                  000040b4    00000004     --HOLE-- [fill = 0]
                  000040b8    00000034                   : BIOS.obj (.text:ti_sysbios_hal_Hwi_checkStack)
                  000040ec    00000034     ti.targets.arm.rtsarm.aem4f : Core-label.oem4f (.text:xdc_runtime_Core_assignLabel__I)
                  00004120    00000033                                 : Text.oem4f (.text:xdc_runtime_Text_printVisFxn__I)
                  00004153    00000005     --HOLE-- [fill = 0]
                  00004158    00000032     sysbios.aem4f : BIOS.obj (.text:ti_sysbios_hal_Hwi_initStack)
                  0000418a    00000002     --HOLE-- [fill = 0]
                  0000418c    00000030     EK_TM4C123GXL.obj (.text:EK_TM4C123GXL_initGPIO)
                  000041bc    00000030     drivers_tivaware.aem4f : PWMTiva.oem4f (.text:PWMTiva_init)
                  000041ec    00000030     pwmled_pem4f.oem4f (.text:ti_sysbios_BIOS_atExitFunc__I)
                  0000421c    00000004     --HOLE-- [fill = 0]
                  00004220    00000030     sysbios.aem4f : BIOS.obj (.text:ti_sysbios_family_arm_lm4_Timer_stop__E)
                  00004250    00000030     pwmled_pem4f.oem4f (.text:ti_sysbios_gates_GateHwi_Object__create__S)
                  00004280    00000030     pwmled_pem4f.oem4f (.text:ti_sysbios_gates_GateMutex_Object__create__S)
                  000042b0    00000030     sysbios.aem4f : BIOS.obj (.text:ti_sysbios_gates_GateMutex_enter__E)
                  000042e0    00000030     pwmled_pem4f.oem4f (.text:ti_sysbios_heaps_HeapMem_Object__create__S)
                  00004310    00000030     pwmled_pem4f.oem4f (.text:ti_sysbios_knl_Semaphore_construct)
                  00004340    00000030     sysbios.aem4f : BIOS.obj (.text:ti_sysbios_knl_Semaphore_pendTimeout__I)
                  00004370    00000030                   : BIOS.obj (.text:ti_sysbios_knl_Task_unblockI__E)
                  000043a0    00000030     ti.targets.arm.rtsarm.aem4f : SysMin.oem4f (.text:xdc_runtime_SysMin_abort__E)
                  000043d0    00000030                                 : System.oem4f (.text:xdc_runtime_System_processAtExit__E)
                  00004400    0000002c     sysbios.aem4f : BIOS.obj (.text:ti_sysbios_family_arm_m3_Hwi_Instance_finalize__E)
                  0000442c    0000002c     pwmled_pem4f.oem4f (.text:ti_sysbios_knl_Clock_doTick__I)
                  00004458    0000002c     pwmled_pem4f.oem4f (.text:ti_sysbios_knl_Queue_construct)
                  00004484    00000004     --HOLE-- [fill = 0]
                  00004488    0000002c     sysbios.aem4f : BIOS.obj (.text:ti_sysbios_knl_Task_restore__E)
                  000044b4    0000002c     ti.targets.arm.rtsarm.aem4f : Text.oem4f (.text:xdc_runtime_Text_cordText__E)
                  000044e0    0000002a     driverlib.lib : gpio.obj (.text:GPIODirModeSet)
                  0000450a    0000002a     ti.targets.arm.rtsarm.aem4f : System.oem4f (.text:xdc_runtime_System_putchar__I)
                  00004534    00000004     --HOLE-- [fill = 0]
                  00004538    00000028     sysbios.aem4f : BIOS.obj (.text:ti_sysbios_knl_Swi_Module_startup__E)
                  00004560    00000026                   : m3_Hwi_asm.obj (.text:ti_sysbios_family_arm_m3_Hwi_pendSV__I)
                  00004586    00000026     ti.targets.arm.rtsarm.aem4f : System.oem4f (.text:xdc_runtime_System_avprintf__E)
                  000045ac    00000024     pwmled_pem4f.oem4f (.text:ti_sysbios_BIOS_registerRTSLock__I)
                  000045d0    00000024     pwmled_pem4f.oem4f (.text:ti_sysbios_BIOS_removeRTSLock__I)
                  000045f4    00000024     pwmled_pem4f.oem4f (.text:ti_sysbios_BIOS_startFunc__I)
                  00004618    00000024     pwmled_pem4f.oem4f (.text:ti_sysbios_gates_GateMutex_Object__delete__S)
                  0000463c    00000004     --HOLE-- [fill = 0]
                  00004640    00000024     sysbios.aem4f : BIOS.obj (.text:ti_sysbios_knl_Clock_Module_startup__E)
                  00004664    00000004     --HOLE-- [fill = 0]
                  00004668    00000024                   : BIOS.obj (.text:ti_sysbios_knl_Semaphore_Instance_init__E)
                  0000468c    00000004     --HOLE-- [fill = 0]
                  00004690    00000024                   : BIOS.obj (.text:ti_sysbios_knl_Task_restoreHwi__E)
                  000046b4    00000024     ti.targets.arm.rtsarm.aem4f : System.oem4f (.text:xdc_runtime_System_vprintf__E)
                  000046d8    00000022     driverlib.lib : pwm.obj (.text:PWMGenConfigure)
                  000046fa    00000022     drivers_tivaware.aem4f : PWMTiva.oem4f (.text:PWMTiva_getPeriodCounts)
                  0000471c    00000004     --HOLE-- [fill = 0]
                  00004720    00000022     sysbios.aem4f : BIOS.obj (.text:ti_sysbios_family_arm_lm4_Timer_write__I)
                  00004742    00000022     pwmled_pem4f.oem4f (.text:xdc_runtime_SysMin_output__I)
                  00004764    00000020     pwmled_pem4f.oem4f (.text:ti_sysbios_BIOS_rtsLock__I)
                  00004784    00000020     sysbios.aem4f : m3_Hwi_asm.obj (.text:ti_sysbios_family_arm_m3_Hwi_excHandlerAsm__I)
                  000047a4    00000004     --HOLE-- [fill = 0]
                  000047a8    00000020                   : BIOS.obj (.text:ti_sysbios_family_arm_m3_Hwi_excHandler__I)
                  000047c8    00000020     pwmled_pem4f.oem4f (.text:ti_sysbios_gates_GateHwi_Object__delete__S)
                  000047e8    00000020     pwmled_pem4f.oem4f (.text:ti_sysbios_heaps_HeapMem_Object__delete__S)
                  00004808    00000020     sysbios.aem4f : BIOS.obj (.text:ti_sysbios_knl_Idle_run__E)
                  00004828    00000020     pwmled_pem4f.oem4f (.text:ti_sysbios_knl_Semaphore_Object__destruct__S)
                  00004848    00000020     ti.targets.arm.rtsarm.aem4f : Registry.oem4f (.text:xdc_runtime_Registry_findById__E)
                  00004868    00000020                                 : SysMin.oem4f (.text:xdc_runtime_SysMin_Module_startup__E)
                  00004888    0000001e     driverlib.lib : pwm.obj (.text:PWMPulseWidthSet)
                  000048a6    0000001e     drivers_tivaware.aem4f : PWMTiva.oem4f (.text:PWMTiva_getPeriodMicroSecs)
                  000048c4    0000001e     pwmled_pem4f.oem4f (.text:ti_sysbios_BIOS_errorRaiseHook__I)
                  000048e2    0000001e     sysbios.aem4f : m3_Hwi_asm_switch.obj (.text:ti_sysbios_family_xxx_Hwi_switchAndRunFunc)
                  00004900    0000001c     drivers_tivaware.aem4f : GPIOTiva.oem4f (.text:getGpioIntIndex)
                  0000491c    00000004     --HOLE-- [fill = 0]
                  00004920    0000001c     sysbios.aem4f : BIOS.obj (.text:ti_sysbios_gates_GateMutex_Instance_init__E)
                  0000493c    0000001c     pwmled_pem4f.oem4f (.text:ti_sysbios_knl_Queue_Object__destruct__S)
                  00004958    0000001c     sysbios.aem4f : BIOS.obj (.text:ti_sysbios_knl_Queue_put__E)
                  00004974    00000004     --HOLE-- [fill = 0]
                  00004978    0000001c                   : BIOS.obj (.text:ti_sysbios_knl_Task_enter__I)
                  00004994    0000001c     ti.targets.arm.rtsarm.aem4f : Error.oem4f (.text:xdc_runtime_Error_raiseX__E)
                  000049b0    0000001c                                 : Memory.oem4f (.text:xdc_runtime_Memory_valloc__E)
                  000049cc    0000001c                                 : SysMin.oem4f (.text:xdc_runtime_SysMin_exit__E)
                  000049e8    0000001c                                 : System.oem4f (.text:xdc_runtime_System_abort__E)
                  00004a04    0000001a     pwmled_pem4f.oem4f (.text:xdc_runtime_System_aprintf__E)
                  00004a1e    0000001a     pwmled_pem4f.oem4f (.text:xdc_runtime_System_printf__E)
                  00004a38    00000018     drivers_tivaware.aem4f : PWM.oem4f (.text:PWM_open)
                  00004a50    00000018     rtsv7M4_T_le_v4SPD16_eabi.lib : args_main.obj (.text)
                  00004a68    00000018     pwmled_pem4f.oem4f (.text:ti_sysbios_BIOS_rtsUnlock__I)
                  00004a80    00000018     pwmled_pem4f.oem4f (.text:ti_sysbios_family_arm_lm4_Timer_Module__startupDone__F)
                  00004a98    00000018     pwmled_pem4f.oem4f (.text:ti_sysbios_family_arm_m3_Hwi_Handle__label__S)
                  00004ab0    00000018     pwmled_pem4f.oem4f (.text:ti_sysbios_family_arm_m3_Hwi_Module__startupDone__F)
                  00004ac8    00000018     sysbios.aem4f : m3_TaskSupport_asm.obj (.text:ti_sysbios_family_arm_m3_TaskSupport_swap__E)
                  00004ae0    00000018     pwmled_pem4f.oem4f (.text:ti_sysbios_gates_GateHwi_Handle__label__S)
                  00004af8    00000018     pwmled_pem4f.oem4f (.text:ti_sysbios_gates_GateMutex_Handle__label__S)
                  00004b10    00000018     sysbios.aem4f : BIOS.obj (.text:ti_sysbios_gates_GateMutex_leave__E)
                  00004b28    00000018     pwmled_pem4f.oem4f (.text:ti_sysbios_heaps_HeapMem_Handle__label__S)
                  00004b40    00000018     pwmled_pem4f.oem4f (.text:ti_sysbios_knl_Swi_Handle__label__S)
                  00004b58    00000018     pwmled_pem4f.oem4f (.text:ti_sysbios_knl_Task_Handle__label__S)
                  00004b70    00000018     sysbios.aem4f : BIOS.obj (.text:ti_sysbios_knl_Task_sleepTimeout__I)
                  00004b88    00000018     ti.targets.arm.rtsarm.aem4f : Error.oem4f (.text:xdc_runtime_Error_check__E)
                  00004ba0    00000018                                 : System.oem4f (.text:xdc_runtime_System_exit__E)
                  00004bb8    00000018                                 : Text.oem4f (.text:xdc_runtime_Text_ropeText__E)
                  00004bd0    00000016     pwmled_pem4f.oem4f (.text:ti_sysbios_BIOS_exitFunc__I)
                  00004be6    00000002     --HOLE-- [fill = 0]
                  00004be8    00000014     driverlib.lib : pwm.obj (.text:PWMClockSet)
                  00004bfc    00000014                   : sysctl.obj (.text:SysCtlPWMClockSet)
                  00004c10    00000014     rtsv7M4_T_le_v4SPD16_eabi.lib : _lock.obj (.text)
                  00004c24    00000014                                   : strcpy.obj (.text)
                  00004c38    00000014                                   : strlen.obj (.text)
                  00004c4c    00000014     pwmled_pem4f.oem4f (.text:ti_sysbios_family_arm_m3_Hwi_Object__get__S)
                  00004c60    00000014     sysbios.aem4f : BIOS.obj (.text:ti_sysbios_family_arm_m3_Hwi_switchFromBootStack__E)
                  00004c74    00000014     pwmled_pem4f.oem4f (.text:ti_sysbios_heaps_HeapMem_Object__get__S)
                  00004c88    00000014     pwmled_pem4f.oem4f (.text:ti_sysbios_knl_Swi_Object__get__S)
                  00004c9c    00000012     driverlib.lib : gpio.obj (.text:GPIOPinTypeGPIOInput)
                  00004cae    00000012                   : gpio.obj (.text:GPIOPinTypePWM)
                  00004cc0    00000012                   : pwm.obj (.text:PWMGenPeriodGet)
                  00004cd2    00000012                   : pwm.obj (.text:PWMOutputInvert)
                  00004ce4    00000012                   : pwm.obj (.text:PWMOutputState)
                  00004cf6    00000002     --HOLE-- [fill = 0]
                  00004cf8    00000012     sysbios.aem4f : BIOS.obj (.text:ti_sysbios_hal_Hwi_Module_startup__E)
                  00004d0a    00000012     pwmled_pem4f.oem4f (.text:xdc_runtime_Startup_exec__I)
                  00004d1c    00000010     driverlib.lib : pwm.obj (.text:PWMGenPeriodSet)
                  00004d2c    00000010     drivers_tivaware.aem4f : PWM.oem4f (.text:PWM_Params_init)
                  00004d3c    00000004     --HOLE-- [fill = 0]
                  00004d40    00000010     sysbios.aem4f : BIOS.obj (.text:ti_sysbios_BIOS_getCpuFreq__E)
                  00004d50    00000010                   : BIOS.obj (.text:ti_sysbios_BIOS_setThreadType__E)
                  00004d60    00000010                   : BIOS.obj (.text:ti_sysbios_BIOS_start__E)
                  00004d70    00000010                   : m3_TaskSupport_asm.obj (.text:ti_sysbios_family_arm_m3_TaskSupport_glue)
                  00004d80    00000010                   : BIOS.obj (.text:ti_sysbios_gates_GateMutex_Instance_finalize__E)
                  00004d90    00000010                   : BIOS.obj (.text:ti_sysbios_knl_Semaphore_Instance_finalize__E)
                  00004da0    00000010                   : BIOS.obj (.text:ti_sysbios_knl_Swi_disable__E)
                  00004db0    00000010     pwmled_pem4f.oem4f (.text:ti_sysbios_knl_Task_Object__get__S)
                  00004dc0    00000010     sysbios.aem4f : BIOS.obj (.text:ti_sysbios_knl_Task_disable__E)
                  00004dd0    00000010     ti.targets.arm.rtsarm.aem4f : Gate.oem4f (.text:xdc_runtime_Gate_leaveSystem__E)
                  00004de0    00000010                                 : Memory.oem4f (.text:xdc_runtime_Memory_free__E)
                  00004df0    00000010                                 : SysMin.oem4f (.text:xdc_runtime_SysMin_ready__E)
                  00004e00    00000010                                 : System.oem4f (.text:xdc_runtime_System_vsnprintf__E)
                  00004e10    0000000e     driverlib.lib : gpio.obj (.text:GPIOIntStatus)
                  00004e1e    0000000e     rtsv7M4_T_le_v4SPD16_eabi.lib : copy_decompress_none.obj (.text:decompress:none)
                  00004e2c    00000004     --HOLE-- [fill = 0]
                  00004e30    0000000e     sysbios.aem4f : BIOS.obj (.text:ti_sysbios_knl_Idle_loop__E)
                  00004e3e    00000002     --HOLE-- [fill = 0]
                  00004e40    0000000e                   : BIOS.obj (.text:ti_sysbios_knl_Queue_empty__E)
                  00004e4e    00000002     --HOLE-- [fill = 0]
                  00004e50    0000000c     pwmled_pem4f.oem4f (.text:.bootCodeSection:ti_catalog_arm_cortexm4_tiva_ce_Boot_init__I)
                  00004e5c    0000000c     driverlib.lib : pwm.obj (.text:PWMGenDisable)
                  00004e68    0000000c                   : pwm.obj (.text:PWMGenEnable)
                  00004e74    0000000c     rtsv7M4_T_le_v4SPD16_eabi.lib : copy_zero_init.obj (.text:decompress:ZI)
                  00004e80    0000000c     sysbios.aem4f : BIOS.obj (.text:ti_sysbios_family_arm_lm4_Timer_getMaxTicks__E)
                  00004e8c    0000000c     pwmled_pem4f.oem4f (.text:ti_sysbios_family_arm_m3_Hwi_Params__init__S)
                  00004e98    0000000c     sysbios.aem4f : BIOS.obj (.text:ti_sysbios_family_arm_m3_Hwi_disableFxn__E)
                  00004ea4    00000004     --HOLE-- [fill = 0]
                  00004ea8    0000000c                   : BIOS.obj (.text:ti_sysbios_family_arm_m3_TaskSupport_checkStack__E)
                  00004eb4    00000004     --HOLE-- [fill = 0]
                  00004eb8    0000000c                   : BIOS.obj (.text:ti_sysbios_gates_GateHwi_enter__E)
                  00004ec4    0000000c     pwmled_pem4f.oem4f (.text:ti_sysbios_knl_Queue_Object__get__S)
                  00004ed0    0000000c     ti.targets.arm.rtsarm.aem4f : Error.oem4f (.text:xdc_runtime_Error_init__E)
                  00004edc    0000000c                                 : Gate.oem4f (.text:xdc_runtime_Gate_enterSystem__E)
                  00004ee8    0000000c                                 : Memory.oem4f (.text:xdc_runtime_Memory_calloc__E)
                  00004ef4    0000000c                                 : Memory.oem4f (.text:xdc_runtime_Memory_getMaxDefaultTypeAlign__E)
                  00004f00    0000000a     drivers_tivaware.aem4f : PWM.oem4f (.text:PWM_setDuty)
                  00004f0a    0000000a     pwmled_pem4f.oem4f (.text:xdc_runtime_IHeap_alloc)
                  00004f14    0000000a     pwmled_pem4f.oem4f (.text:xdc_runtime_IHeap_free)
                  00004f1e    00000008     sysbios.aem4f : BIOS.obj (.text:ti_sysbios_family_arm_lm4_Timer_masterDisable__I)
                  00004f26    00000002     --HOLE-- [fill = 0]
                  00004f28    00000008                   : BIOS.obj (.text:ti_sysbios_family_arm_m3_Hwi_doSwiRestore__I)
                  00004f30    00000008                   : BIOS.obj (.text:ti_sysbios_family_arm_m3_Hwi_startup__E)
                  00004f38    00000008     pwmled_pem4f.oem4f (.text:xdc_runtime_Text_visitRope__I)
                  00004f40    00000006     driverlib.lib : gpio.obj (.text:GPIOIntClear)
                  00004f46    00000006                   : gpio.obj (.text:GPIOPinWrite)
                  00004f4c    00000006     ti.targets.arm.rtsarm.aem4f : xdc_noinit.oem4f (.text:__xdc__init)
                  00004f52    00000006     rtsv7M4_T_le_v4SPD16_eabi.lib : copy_decompress_rle.obj (.text:decompress:rle24)
                  00004f58    00000006     Boot.aem4f : Boot_sysctl.oem4f (.text:ti_catalog_arm_cortexm4_tiva_ce_Boot_sysCtlDelayI__I)
                  00004f5e    00000002     --HOLE-- [fill = 0]
                  00004f60    00000006     sysbios.aem4f : BIOS.obj (.text:ti_sysbios_family_arm_m3_Hwi_doTaskRestore__I)
                  00004f66    00000002     --HOLE-- [fill = 0]
                  00004f68    00000006                   : BIOS.obj (.text:ti_sysbios_family_arm_m3_Hwi_restoreFxn__E)
                  00004f6e    00000002     --HOLE-- [fill = 0]
                  00004f70    00000006                   : BIOS.obj (.text:ti_sysbios_gates_GateHwi_leave__E)
                  00004f76    00000002     --HOLE-- [fill = 0]
                  00004f78    00000006                   : BIOS.obj (.text:ti_sysbios_heaps_HeapMem_isBlocking__E)
                  00004f7e    00000002     --HOLE-- [fill = 0]
                  00004f80    00000006                   : BIOS.obj (.text:ti_sysbios_knl_Queue_Instance_init__E)
                  00004f86    00000002     --HOLE-- [fill = 0]
                  00004f88    00000006                   : BIOS.obj (.text:ti_sysbios_knl_Swi_startup__E)
                  00004f8e    00000006     ti.targets.arm.rtsarm.aem4f : System.oem4f (.text:xdc_runtime_System_Module_startup__E)
                  00004f94    00000004     --HOLE-- [fill = 0]
                  00004f98    00000004     sysbios.aem4f : BIOS.obj (.text:ti_sysbios_gates_GateHwi_query__E)
                  00004f9c    00000004     --HOLE-- [fill = 0]
                  00004fa0    00000004                   : BIOS.obj (.text:ti_sysbios_gates_GateMutex_query__E)
                  00004fa4    00000004     --HOLE-- [fill = 0]
                  00004fa8    00000004                   : BIOS.obj (.text:ti_sysbios_knl_Task_startup__E)
                  00004fac    00000004     --HOLE-- [fill = 0]
                  00004fb0    00000002                   : BIOS.obj (.text:ti_sysbios_gates_GateHwi_Instance_init__E)
                  00004fb2    00000006     --HOLE-- [fill = 0]
                  00004fb8    00000002                   : BIOS.obj (.text:ti_sysbios_knl_Clock_logTick__E)

.const     0    00004fbc    000005a1     
                  00004fbc    00000090     driverlib.lib : gpio.obj (.const:g_pui32GPIOBaseAddrs)
                  0000504c    00000054     drivers_tivaware.aem4f : GPIOTiva.oem4f (.const:.string)
                  000050a0    00000048     pwmled_pem4f.oem4f (.const:.string)
                  000050e8    00000048     drivers_tivaware.aem4f : GPIOTiva.oem4f (.const:gpioBaseAddresses)
                  00005130    00000030     pwmled_pem4f.oem4f (.const:ti_sysbios_family_arm_m3_Hwi_Object__PARAMS__C)
                  00005160    00000028     pwmled_pem4f.oem4f (.const:ti_sysbios_heaps_HeapMem_Module__FXNS__C)
                  00005188    00000024     EK_TM4C123GXL.obj (.const:PWM_config)
                  000051ac    00000024     pwmled_pem4f.oem4f (.const:ti_sysbios_gates_GateHwi_Module__FXNS__C)
                  000051d0    00000024     pwmled_pem4f.oem4f (.const:ti_sysbios_gates_GateMutex_Module__FXNS__C)
                  000051f4    00000024     pwmled_pem4f.oem4f (.const:ti_sysbios_heaps_HeapMem_Object__PARAMS__C)
                  00005218    00000024     pwmled_pem4f.oem4f (.const:ti_sysbios_knl_Semaphore_Object__PARAMS__C)
                  0000523c    00000020     drivers_tivaware.aem4f : PWMTiva.oem4f (.const)
                  0000525c    00000020     pwmled_pem4f.oem4f (.const:ti_sysbios_family_arm_m3_Hwi_Object__DESC__C)
                  0000527c    00000020     pwmled_pem4f.oem4f (.const:ti_sysbios_gates_GateHwi_Object__DESC__C)
                  0000529c    00000020     pwmled_pem4f.oem4f (.const:ti_sysbios_gates_GateMutex_Object__DESC__C)
                  000052bc    00000020     pwmled_pem4f.oem4f (.const:ti_sysbios_heaps_HeapMem_Object__DESC__C)
                  000052dc    00000020     pwmled_pem4f.oem4f (.const:ti_sysbios_knl_Queue_Object__DESC__C)
                  000052fc    00000020     pwmled_pem4f.oem4f (.const:ti_sysbios_knl_Semaphore_Object__DESC__C)
                  0000531c    00000020     pwmled_pem4f.oem4f (.const:xdc_runtime_Startup_sfxnTab__A)
                  0000533c    00000018     EK_TM4C123GXL.obj (.const:pwmTivaHWAttrs)
                  00005354    00000018     pwmled_pem4f.oem4f (.const:ti_sysbios_gates_GateHwi_Object__PARAMS__C)
                  0000536c    00000018     pwmled_pem4f.oem4f (.const:ti_sysbios_gates_GateMutex_Object__PARAMS__C)
                  00005384    00000018     pwmled_pem4f.oem4f (.const:ti_sysbios_knl_Queue_Object__PARAMS__C)
                  0000539c    00000014     EK_TM4C123GXL.obj (.const:GPIOTiva_config)
                  000053b0    00000014     pwmled_pem4f.oem4f (.const:xdc_runtime_Startup_firstFxns__A)
                  000053c4    00000011     ti.targets.arm.rtsarm.aem4f : System.oem4f (.const:.string)
                  000053d5    00000001     pwmled_pem4f.oem4f (.const:xdc_runtime_Error_policy__C)
                  000053d6    00000010     pwmled_pem4f.oem4f (.const:xdc_runtime_Startup_sfxnRts__A)
                  000053e6    00000002     pwmled_pem4f.oem4f (.const:ti_catalog_arm_cortexm4_tiva_ce_Boot_Module__id__C)
                  000053e8    0000000c     drivers_tivaware.aem4f : PWM.oem4f (.const)
                  000053f4    00000008     pwmled_pem4f.oem4f (.const:ti_sysbios_family_arm_m3_Hwi_excHookFuncs__A)
                  000053fc    00000008     pwmled_pem4f.oem4f (.const:ti_sysbios_knl_Idle_funcList__C)
                  00005404    00000008     pwmled_pem4f.oem4f (.const:xdc_runtime_Startup_firstFxns__C)
                  0000540c    00000008     pwmled_pem4f.oem4f (.const:xdc_runtime_Startup_lastFxns__C)
                  00005414    00000004     pwmled_pem4f.oem4f (.const:ti_catalog_arm_cortexm4_tiva_ce_Boot_A_mustUseEnhancedClockMode__C)
                  00005418    00000004     pwmled_pem4f.oem4f (.const:ti_catalog_arm_cortexm4_tiva_ce_Boot_Module__diagsEnabled__C)
                  0000541c    00000004     pwmled_pem4f.oem4f (.const:ti_catalog_arm_cortexm4_tiva_ce_Boot_Module__diagsIncluded__C)
                  00005420    00000004     pwmled_pem4f.oem4f (.const:ti_catalog_arm_cortexm4_tiva_ce_Boot_Module__diagsMask__C)
                  00005424    00000004     pwmled_pem4f.oem4f (.const:ti_sysbios_family_arm_lm4_Timer_enableFunc__C)
                  00005428    00000004     pwmled_pem4f.oem4f (.const:ti_sysbios_family_arm_lm4_Timer_numTimerDevices__C)
                  0000542c    00000004     pwmled_pem4f.oem4f (.const:ti_sysbios_family_arm_lm4_Timer_startupNeeded__C)
                  00005430    00000004     pwmled_pem4f.oem4f (.const:ti_sysbios_family_arm_m3_Hwi_E_NMI__C)
                  00005434    00000004     pwmled_pem4f.oem4f (.const:ti_sysbios_family_arm_m3_Hwi_E_alreadyDefined__C)
                  00005438    00000004     pwmled_pem4f.oem4f (.const:ti_sysbios_family_arm_m3_Hwi_E_busFault__C)
                  0000543c    00000004     pwmled_pem4f.oem4f (.const:ti_sysbios_family_arm_m3_Hwi_E_debugMon__C)
                  00005440    00000004     pwmled_pem4f.oem4f (.const:ti_sysbios_family_arm_m3_Hwi_E_hardFault__C)
                  00005444    00000004     pwmled_pem4f.oem4f (.const:ti_sysbios_family_arm_m3_Hwi_E_memFault__C)
                  00005448    00000004     pwmled_pem4f.oem4f (.const:ti_sysbios_family_arm_m3_Hwi_E_noIsr__C)
                  0000544c    00000004     pwmled_pem4f.oem4f (.const:ti_sysbios_family_arm_m3_Hwi_E_reserved__C)
                  00005450    00000004     pwmled_pem4f.oem4f (.const:ti_sysbios_family_arm_m3_Hwi_E_svCall__C)
                  00005454    00000004     pwmled_pem4f.oem4f (.const:ti_sysbios_family_arm_m3_Hwi_E_usageFault__C)
                  00005458    00000004     pwmled_pem4f.oem4f (.const:ti_sysbios_family_arm_m3_Hwi_NUM_INTERRUPTS__C)
                  0000545c    00000004     pwmled_pem4f.oem4f (.const:ti_sysbios_family_arm_m3_Hwi_Object__count__C)
                  00005460    00000004     pwmled_pem4f.oem4f (.const:ti_sysbios_family_arm_m3_Hwi_ccr__C)
                  00005464    00000004     pwmled_pem4f.oem4f (.const:ti_sysbios_family_arm_m3_Hwi_excHandlerFunc__C)
                  00005468    00000004     pwmled_pem4f.oem4f (.const:ti_sysbios_family_arm_m3_Hwi_excHookFuncs__C)
                  0000546c    00000004     pwmled_pem4f.oem4f (.const:ti_sysbios_family_arm_m3_Hwi_nullIsrFunc__C)
                  00005470    00000004     pwmled_pem4f.oem4f (.const:ti_sysbios_family_arm_m3_Hwi_priGroup__C)
                  00005474    00000004     pwmled_pem4f.oem4f (.const:ti_sysbios_gates_GateMutex_Instance_State_sem__O)
                  00005478    00000004     pwmled_pem4f.oem4f (.const:ti_sysbios_hal_Hwi_E_stackOverflow__C)
                  0000547c    00000004     pwmled_pem4f.oem4f (.const:ti_sysbios_heaps_HeapMem_E_memory__C)
                  00005480    00000004     pwmled_pem4f.oem4f (.const:ti_sysbios_heaps_HeapMem_Module__gateObj__C)
                  00005484    00000004     pwmled_pem4f.oem4f (.const:ti_sysbios_heaps_HeapMem_Object__count__C)
                  00005488    00000004     pwmled_pem4f.oem4f (.const:ti_sysbios_heaps_HeapMem_reqAlign__C)
                  0000548c    00000004     pwmled_pem4f.oem4f (.const:ti_sysbios_knl_Clock_Module_State_clockQ__O)
                  00005490    00000004     pwmled_pem4f.oem4f (.const:ti_sysbios_knl_Idle_funcList__A)
                  00005494    00000004     pwmled_pem4f.oem4f (.const:ti_sysbios_knl_Semaphore_Instance_State_pendQ__O)
                  00005498    00000004     pwmled_pem4f.oem4f (.const:ti_sysbios_knl_Swi_Object__count__C)
                  0000549c    00000004     pwmled_pem4f.oem4f (.const:ti_sysbios_knl_Task_E_spOutOfBounds__C)
                  000054a0    00000004     pwmled_pem4f.oem4f (.const:ti_sysbios_knl_Task_E_stackOverflow__C)
                  000054a4    00000004     pwmled_pem4f.oem4f (.const:ti_sysbios_knl_Task_Module_State_inactiveQ__O)
                  000054a8    00000004     pwmled_pem4f.oem4f (.const:ti_sysbios_knl_Task_Object__count__C)
                  000054ac    00000004     pwmled_pem4f.oem4f (.const:ti_sysbios_knl_Task_allBlockedFunc__C)
                  000054b0    00000004     pwmled_pem4f.oem4f (.const:ti_sysbios_knl_Task_numConstructedTasks__C)
                  000054b4    00000004     pwmled_pem4f.oem4f (.const:xdc_runtime_Assert_E_assertFailed__C)
                  000054b8    00000004     pwmled_pem4f.oem4f (.const:xdc_runtime_Core_A_initializedParams__C)
                  000054bc    00000004     pwmled_pem4f.oem4f (.const:xdc_runtime_Core_Module__diagsEnabled__C)
                  000054c0    00000004     pwmled_pem4f.oem4f (.const:xdc_runtime_Core_Module__diagsIncluded__C)
                  000054c4    00000004     pwmled_pem4f.oem4f (.const:xdc_runtime_Core_Module__diagsMask__C)
                  000054c8    00000004     pwmled_pem4f.oem4f (.const:xdc_runtime_Error_E_memory__C)
                  000054cc    00000004     pwmled_pem4f.oem4f (.const:xdc_runtime_Error_Module__diagsEnabled__C)
                  000054d0    00000004     pwmled_pem4f.oem4f (.const:xdc_runtime_Error_Module__diagsIncluded__C)
                  000054d4    00000004     pwmled_pem4f.oem4f (.const:xdc_runtime_Error_Module__diagsMask__C)
                  000054d8    00000004     pwmled_pem4f.oem4f (.const:xdc_runtime_Error_Module__loggerFxn8__C)
                  000054dc    00000004     pwmled_pem4f.oem4f (.const:xdc_runtime_Error_Module__loggerObj__C)
                  000054e0    00000004     pwmled_pem4f.oem4f (.const:xdc_runtime_Error_policyFxn__C)
                  000054e4    00000004     pwmled_pem4f.oem4f (.const:xdc_runtime_Error_raiseHook__C)
                  000054e8    00000004     pwmled_pem4f.oem4f (.const:xdc_runtime_IGateProvider_Interface__BASE__C)
                  000054ec    00000004     pwmled_pem4f.oem4f (.const:xdc_runtime_IHeap_Interface__BASE__C)
                  000054f0    00000004     pwmled_pem4f.oem4f (.const:xdc_runtime_IModule_Interface__BASE__C)
                  000054f4    00000004     pwmled_pem4f.oem4f (.const:xdc_runtime_Log_L_error__C)
                  000054f8    00000004     pwmled_pem4f.oem4f (.const:xdc_runtime_Memory_defaultHeapInstance__C)
                  000054fc    00000004     pwmled_pem4f.oem4f (.const:xdc_runtime_Startup_execImpl__C)
                  00005500    00000004     pwmled_pem4f.oem4f (.const:xdc_runtime_Startup_maxPasses__C)
                  00005504    00000004     pwmled_pem4f.oem4f (.const:xdc_runtime_Startup_sfxnRts__C)
                  00005508    00000004     pwmled_pem4f.oem4f (.const:xdc_runtime_Startup_sfxnTab__C)
                  0000550c    00000004     pwmled_pem4f.oem4f (.const:xdc_runtime_SysMin_bufSize__C)
                  00005510    00000004     pwmled_pem4f.oem4f (.const:xdc_runtime_SysMin_outputFunc__C)
                  00005514    00000004     pwmled_pem4f.oem4f (.const:xdc_runtime_System_Module__gateObj__C)
                  00005518    00000004     pwmled_pem4f.oem4f (.const:xdc_runtime_System_abortFxn__C)
                  0000551c    00000004     pwmled_pem4f.oem4f (.const:xdc_runtime_System_exitFxn__C)
                  00005520    00000004     pwmled_pem4f.oem4f (.const:xdc_runtime_System_extendFxn__C)
                  00005524    00000004     pwmled_pem4f.oem4f (.const:xdc_runtime_System_maxAtexitHandlers__C)
                  00005528    00000004     pwmled_pem4f.oem4f (.const:xdc_runtime_Text_charTab__C)
                  0000552c    00000004     pwmled_pem4f.oem4f (.const:xdc_runtime_Text_nameEmpty__C)
                  00005530    00000004     pwmled_pem4f.oem4f (.const:xdc_runtime_Text_nameStatic__C)
                  00005534    00000004     pwmled_pem4f.oem4f (.const:xdc_runtime_Text_nameUnknown__C)
                  00005538    00000004     pwmled_pem4f.oem4f (.const:xdc_runtime_Text_nodeTab__A)
                  0000553c    00000004     pwmled_pem4f.oem4f (.const:xdc_runtime_Text_visitRopeFxn__C)
                  00005540    00000002     pwmled_pem4f.oem4f (.const:ti_sysbios_family_arm_m3_Hwi_Module__id__C)
                  00005542    00000002     pwmled_pem4f.oem4f (.const:ti_sysbios_hal_Hwi_Module__id__C)
                  00005544    00000002     pwmled_pem4f.oem4f (.const:ti_sysbios_heaps_HeapMem_Module__id__C)
                  00005546    00000002     pwmled_pem4f.oem4f (.const:ti_sysbios_knl_Task_Module__id__C)
                  00005548    00000002     pwmled_pem4f.oem4f (.const:ti_sysbios_knl_Task_initStackFlag__C)
                  0000554a    00000002     pwmled_pem4f.oem4f (.const:xdc_runtime_Core_Module__id__C)
                  0000554c    00000002     pwmled_pem4f.oem4f (.const:xdc_runtime_Error_Module__loggerDefined__C)
                  0000554e    00000002     pwmled_pem4f.oem4f (.const:xdc_runtime_Error_maxDepth__C)
                  00005550    00000002     pwmled_pem4f.oem4f (.const:xdc_runtime_Memory_Module__id__C)
                  00005552    00000002     pwmled_pem4f.oem4f (.const:xdc_runtime_SysMin_flushAtExit__C)
                  00005554    00000002     pwmled_pem4f.oem4f (.const:xdc_runtime_Text_charCnt__C)
                  00005556    00000002     pwmled_pem4f.oem4f (.const:xdc_runtime_Text_isLoaded__C)
                  00005558    00000002     pwmled_pem4f.oem4f (.const:xdc_runtime_Text_registryModsLastId__C)
                  0000555a    00000002     pwmled_pem4f.oem4f (.const:xdc_runtime_Text_unnamedModsLastId__C)
                  0000555c    00000001     pwmled_pem4f.oem4f (.const:xdc_runtime_Text_charTab__A)

.cinit     0    00005560    00000338     
                  00005560    000002fe     (.cinit..data.load) [load image, compression = rle]
                  0000585e    00000002     --HOLE-- [fill = 0]
                  00005860    0000000c     (__TI_handler_table)
                  0000586c    00000004     --HOLE-- [fill = 0]
                  00005870    00000008     (.cinit..bss.load) [load image, compression = zero_init]
                  00005878    00000008     (.cinit..vecs.load) [load image, compression = zero_init]
                  00005880    00000018     (__TI_cinit_table)

.init_array 
*          0    00000000    00000000     UNINITIALIZED

.vecs      0    20000000    00000360     UNINITIALIZED
                  20000000    00000360     pwmled_pem4f.oem4f (.vecs)

.bss       0    20000360    000013ac     UNINITIALIZED
                  20000360    00000a00     pwmled_pem4f.oem4f (.bss:taskStackSection)
                  20000d60    00000400     pwmled_pem4f.oem4f (.bss:ti_sysbios_heaps_HeapMem_Instance_State_0_buf__A)
                  20001160    00000360     pwmled_pem4f.oem4f (.bss:ti_sysbios_family_arm_m3_Hwi_dispatchTable)
                  200014c0    00000120     rtsv7M4_T_le_v4SPD16_eabi.lib : trgmsg.obj (.bss:__CIOBUF_)
                  200015e0    00000090     drivers_tivaware.aem4f : GPIOTiva.oem4f (.bss:gpioCallbackInfo)
                  20001670    00000080     pwmled_pem4f.oem4f (.bss:xdc_runtime_SysMin_Module_State_0_outbuf__A)
                  200016f0    00000010     (.common:pwmTivaObjects)
                  20001700    00000008     (.common:parmbuf)
                  20001708    00000004     (.common:gpioInterruptVectors)

.data      0    2000170c    0000044c     UNINITIALIZED
                  2000170c    0000013c     pwmled_pem4f.oem4f (.data)
                  20001848    00000098     pwmled_pem4f.oem4f (.data:ti_sysbios_knl_Task_Object__table__V)
                  200018e0    00000080     pwmled_pem4f.oem4f (.data:ti_sysbios_knl_Swi_Module_State_0_readyQ__A)
                  20001960    00000044     pwmled_pem4f.oem4f (.data:ti_sysbios_knl_Task_Module__state__V)
                  200019a4    00000040     pwmled_pem4f.oem4f (.data:ti_sysbios_family_arm_lm4_Timer_Object__table__V)
                  200019e4    00000038     pwmled_pem4f.oem4f (.data:ti_sysbios_gates_GateMutex_Object__table__V)
                  20001a1c    00000034     pwmled_pem4f.oem4f (.data:ti_sysbios_family_arm_m3_Hwi_Module__state__V)
                  20001a50    00000030     pwmled_pem4f.oem4f (.data:ti_sysbios_family_arm_lm4_Timer_Module_State_0_device__A)
                  20001a80    00000030     pwmled_pem4f.oem4f (.data:ti_sysbios_knl_Swi_Object__table__V)
                  20001ab0    0000002c     pwmled_pem4f.oem4f (.data:ti_sysbios_knl_Clock_Module__state__V)
                  20001adc    00000024     pwmled_pem4f.oem4f (.data:ti_sysbios_BIOS_Module__state__V)
                  20001b00    00000020     EK_TM4C123GXL.obj (.data)
                  20001b20    00000018     drivers_tivaware.aem4f : PWMTiva.oem4f (.data)
                  20001b38    00000008     rtsv7M4_T_le_v4SPD16_eabi.lib : _lock.obj (.data)
                  20001b40    00000008                                   : exit.obj (.data)
                  20001b48    00000005     drivers_tivaware.aem4f : GPIOTiva.oem4f (.data)
                  20001b4d    00000003     --HOLE--
                  20001b50    00000004                            : PWM.oem4f (.data)
                  20001b54    00000004     rtsv7M4_T_le_v4SPD16_eabi.lib : stkdepth_vars.obj (.data)

.stack     0    20001b58    00000300     UNINITIALIZED
                  20001b58    00000300     --HOLE--

.bootVecs 
*          0    00000000    00000008     DSECT
                  00000000    00000008     boot.aem4f : boot.oem4f (.bootVecs)

xdc.meta   0    00000000    00000101     COPY SECTION
                  00000000    00000101     pwmled_pem4f.oem4f (xdc.meta)

xdc.noload 
*          0    00000000    00000000     COPY SECTION

.TI.noinit 
*          0    20000360    00000000     UNINITIALIZED

.TI.persistent 
*          0    2000170c    00000000     UNINITIALIZED


LINKER GENERATED COPY TABLES

__TI_cinit_table @ 00005880 records: 3, size/record: 8, table size: 24
	.data: load addr=00005560, load size=000002fe bytes, run addr=2000170c, run size=0000044c bytes, compression=rle
	.bss: load addr=00005870, load size=00000008 bytes, run addr=20000360, run size=000013ac bytes, compression=zero_init
	.vecs: load addr=00005878, load size=00000008 bytes, run addr=20000000, run size=00000360 bytes, compression=zero_init


LINKER GENERATED HANDLER TABLE

__TI_handler_table @ 00005860 records: 3, size/record: 4, table size: 12
	index: 0, handler: __TI_decompress_rle24
	index: 1, handler: __TI_decompress_none
	index: 2, handler: __TI_zero_init


GLOBAL SYMBOLS: SORTED ALPHABETICALLY BY Name 

address   name                                                              
-------   ----                                                              
00003b19  C$$EXIT                                                           
00003067  C$$IO$$                                                           
0000418d  EK_TM4C123GXL_initGPIO                                            
00003d01  EK_TM4C123GXL_initGeneral                                         
00004019  EK_TM4C123GXL_initPWM                                             
000044e1  GPIODirModeSet                                                    
00004f41  GPIOIntClear                                                      
00004e11  GPIOIntStatus                                                     
000035e9  GPIOIntTypeSet                                                    
000014e9  GPIOPadConfigSet                                                  
00003965  GPIOPinConfigure                                                  
00004c9d  GPIOPinTypeGPIOInput                                              
00004caf  GPIOPinTypePWM                                                    
00004f47  GPIOPinWrite                                                      
0000539c  GPIOTiva_config                                                   
00003109  GPIO_hwiIntFxn                                                    
00002759  GPIO_init                                                         
000036e9  GPIO_setCallback                                                  
00001255  GPIO_setConfig                                                    
00003739  GPIO_write                                                        
00000a49  HOSTclock                                                         
00000a11  HOSTclose                                                         
000009d3  HOSTgetenv                                                        
00000977  HOSTlseek                                                         
00000925  HOSTopen                                                          
000008d9  HOSTread                                                          
0000087b  HOSTrename                                                        
00000841  HOSTtime                                                          
00000809  HOSTunlink                                                        
000007bd  HOSTwrite                                                         
00004be9  PWMClockSet                                                       
000046d9  PWMGenConfigure                                                   
00004e5d  PWMGenDisable                                                     
00004e69  PWMGenEnable                                                      
00004cc1  PWMGenPeriodGet                                                   
00004d1d  PWMGenPeriodSet                                                   
00004cd3  PWMOutputInvert                                                   
00004ce5  PWMOutputState                                                    
00004889  PWMPulseWidthSet                                                  
0000525a  PWMTiva_MAX_MATCH_VALUE                                           
00005258  PWMTiva_MAX_PRESCALAR                                             
00002f65  PWMTiva_close                                                     
00002ad9  PWMTiva_control                                                   
0000523c  PWMTiva_fxnTable                                                  
000046fb  PWMTiva_getPeriodCounts                                           
000048a7  PWMTiva_getPeriodMicroSecs                                        
000041bd  PWMTiva_init                                                      
00000f7d  PWMTiva_open                                                      
00001d1d  PWMTiva_setDuty                                                   
00004d2d  PWM_Params_init                                                   
00005188  PWM_config                                                        
000053e8  PWM_defaultParams                                                 
00003efd  PWM_init                                                          
00004a39  PWM_open                                                          
00004f01  PWM_setDuty                                                       
UNDEFED   SHT$$INIT_ARRAY$$Base                                             
UNDEFED   SHT$$INIT_ARRAY$$Limit                                            
00004bfd  SysCtlPWMClockSet                                                 
0000404d  SysCtlPeripheralEnable                                            
20001894  TSK_idle                                                          
00000000  __ASM__                                                           
200014c0  __CIOBUF_                                                         
0000007f  __ISA__                                                           
00000092  __PLAT__                                                          
20001e58  __STACK_END                                                       
00000300  __STACK_SIZE                                                      
20001d58  __STACK_TOP                                                       
000000b3  __TARG__                                                          
00005880  __TI_CINIT_Base                                                   
00005898  __TI_CINIT_Limit                                                  
00005860  __TI_Handler_Table_Base                                           
0000586c  __TI_Handler_Table_Limit                                          
00002445  __TI_auto_init                                                    
20001b40  __TI_cleanup_ptr                                                  
00004e1f  __TI_decompress_none                                              
00004f53  __TI_decompress_rle24                                             
20001b44  __TI_dtors_ptr                                                    
0000306b  __TI_readmsg                                                      
00005560  __TI_static_base__                                                
00003039  __TI_writemsg                                                     
00004e75  __TI_zero_init                                                    
000000d9  __TRDR__                                                          
00002757  __aeabi_idiv0                                                     
00002bdd  __aeabi_memclr                                                    
00002bdd  __aeabi_memclr4                                                   
00002bdd  __aeabi_memclr8                                                   
00002585  __aeabi_memcpy                                                    
00002585  __aeabi_memcpy4                                                   
00002585  __aeabi_memcpy8                                                   
00002bdf  __aeabi_memset                                                    
00002bdf  __aeabi_memset4                                                   
00002bdf  __aeabi_memset8                                                   
00003d41  __aeabi_uidiv                                                     
00003d41  __aeabi_uidivmod                                                  
ffffffff  __binit__                                                         
ffffffff  __c_args__                                                        
20001b58  __stack                                                           
00004f4d  __xdc__init                                                       
20001844  __xdc__init__addr                                                 
00004a51  _args_main                                                        
00003539  _c_int00                                                          
20001b38  _lock                                                             
00004c1f  _nop                                                              
00004c17  _register_lock                                                    
00004c11  _register_unlock                                                  
20001b3c  _unlock                                                           
00003b1d  abort                                                             
ffffffff  binit                                                             
00003829  copy_in                                                           
00003b25  exit                                                              
20001b18  gpioCallbackFunctions                                             
20001b04  gpioPinConfigs                                                    
00002889  main                                                              
20001b54  main_func_sp                                                      
00002585  memcpy                                                            
00002be5  memset                                                            
00001ef1  pwmLEDFxn                                                         
0000533c  pwmTivaHWAttrs                                                    
200016f0  pwmTivaObjects                                                    
00004c25  strcpy                                                            
00004c39  strlen                                                            
00005414  ti_catalog_arm_cortexm4_tiva_ce_Boot_A_mustUseEnhancedClockMode__C
00005418  ti_catalog_arm_cortexm4_tiva_ce_Boot_Module__diagsEnabled__C      
0000541c  ti_catalog_arm_cortexm4_tiva_ce_Boot_Module__diagsIncluded__C     
00005420  ti_catalog_arm_cortexm4_tiva_ce_Boot_Module__diagsMask__C         
000053e6  ti_catalog_arm_cortexm4_tiva_ce_Boot_Module__id__C                
00004e51  ti_catalog_arm_cortexm4_tiva_ce_Boot_init__I                      
00001839  ti_catalog_arm_cortexm4_tiva_ce_Boot_sysCtlClockSetI__I           
000027f1  ti_catalog_arm_cortexm4_tiva_ce_Boot_sysCtlClockSet__E            
00004f59  ti_catalog_arm_cortexm4_tiva_ce_Boot_sysCtlDelayI__I              
20001adc  ti_sysbios_BIOS_Module__state__V                                  
00004af9  ti_sysbios_BIOS_RtsGateProxy_Handle__label__S                     
00004619  ti_sysbios_BIOS_RtsGateProxy_Object__delete__S                    
00000c8d  ti_sysbios_BIOS_RtsGateProxy_enter__E                             
00000e05  ti_sysbios_BIOS_RtsGateProxy_leave__E                             
00004fa1  ti_sysbios_BIOS_RtsGateProxy_query__E                             
000041ed  ti_sysbios_BIOS_atExitFunc__I                                     
000048c5  ti_sysbios_BIOS_errorRaiseHook__I                                 
00004bd1  ti_sysbios_BIOS_exitFunc__I                                       
00004d41  ti_sysbios_BIOS_getCpuFreq__E                                     
00002c57  ti_sysbios_BIOS_nullFunc__I                                       
000045ad  ti_sysbios_BIOS_registerRTSLock__I                                
000045d1  ti_sysbios_BIOS_removeRTSLock__I                                  
00004765  ti_sysbios_BIOS_rtsLock__I                                        
00004a69  ti_sysbios_BIOS_rtsUnlock__I                                      
00004d51  ti_sysbios_BIOS_setThreadType__E                                  
000045f5  ti_sysbios_BIOS_startFunc__I                                      
00004d61  ti_sysbios_BIOS_start__E                                          
20001a50  ti_sysbios_family_arm_lm4_Timer_Module_State_0_device__A          
20001714  ti_sysbios_family_arm_lm4_Timer_Module_State_0_handles__A         
2000170c  ti_sysbios_family_arm_lm4_Timer_Module__root__V                   
00004a81  ti_sysbios_family_arm_lm4_Timer_Module__startupDone__F            
00004a81  ti_sysbios_family_arm_lm4_Timer_Module__startupDone__S            
2000172c  ti_sysbios_family_arm_lm4_Timer_Module__state__V                  
00003171  ti_sysbios_family_arm_lm4_Timer_Module_startup__E                 
200019a4  ti_sysbios_family_arm_lm4_Timer_Object__table__V                  
00005424  ti_sysbios_family_arm_lm4_Timer_enableFunc__C                     
000039b1  ti_sysbios_family_arm_lm4_Timer_enableTimers__I                   
00002399  ti_sysbios_family_arm_lm4_Timer_enableTiva__I                     
00004e81  ti_sysbios_family_arm_lm4_Timer_getMaxTicks__E                    
00003641  ti_sysbios_family_arm_lm4_Timer_initDevice__I                     
00003b61  ti_sysbios_family_arm_lm4_Timer_isrStub__E                        
00004f1f  ti_sysbios_family_arm_lm4_Timer_masterDisable__I                  
000010ed  ti_sysbios_family_arm_lm4_Timer_masterEnable__I                   
00005428  ti_sysbios_family_arm_lm4_Timer_numTimerDevices__C                
00001731  ti_sysbios_family_arm_lm4_Timer_start__E                          
0000542c  ti_sysbios_family_arm_lm4_Timer_startupNeeded__C                  
00003d81  ti_sysbios_family_arm_lm4_Timer_startup__E                        
00004221  ti_sysbios_family_arm_lm4_Timer_stop__E                           
00004721  ti_sysbios_family_arm_lm4_Timer_write__I                          
00005430  ti_sysbios_family_arm_m3_Hwi_E_NMI__C                             
00005434  ti_sysbios_family_arm_m3_Hwi_E_alreadyDefined__C                  
00005438  ti_sysbios_family_arm_m3_Hwi_E_busFault__C                        
0000543c  ti_sysbios_family_arm_m3_Hwi_E_debugMon__C                        
00005440  ti_sysbios_family_arm_m3_Hwi_E_hardFault__C                       
00005444  ti_sysbios_family_arm_m3_Hwi_E_memFault__C                        
00005448  ti_sysbios_family_arm_m3_Hwi_E_noIsr__C                           
0000544c  ti_sysbios_family_arm_m3_Hwi_E_reserved__C                        
00005450  ti_sysbios_family_arm_m3_Hwi_E_svCall__C                          
00005454  ti_sysbios_family_arm_m3_Hwi_E_usageFault__C                      
00004a99  ti_sysbios_family_arm_m3_Hwi_Handle__label__S                     
00004401  ti_sysbios_family_arm_m3_Hwi_Instance_finalize__E                 
00002921  ti_sysbios_family_arm_m3_Hwi_Instance_init__E                     
20001758  ti_sysbios_family_arm_m3_Hwi_Module_State_0_excActive__A          
2000175c  ti_sysbios_family_arm_m3_Hwi_Module_State_0_excContext__A         
20001760  ti_sysbios_family_arm_m3_Hwi_Module_State_0_excStack__A           
00005540  ti_sysbios_family_arm_m3_Hwi_Module__id__C                        
20001738  ti_sysbios_family_arm_m3_Hwi_Module__root__V                      
00004ab1  ti_sysbios_family_arm_m3_Hwi_Module__startupDone__F               
00004ab1  ti_sysbios_family_arm_m3_Hwi_Module__startupDone__S               
20001a1c  ti_sysbios_family_arm_m3_Hwi_Module__state__V                     
00003789  ti_sysbios_family_arm_m3_Hwi_Module_startup__E                    
00005458  ti_sysbios_family_arm_m3_Hwi_NUM_INTERRUPTS__C                    
0000525c  ti_sysbios_family_arm_m3_Hwi_Object__DESC__C                      
00005130  ti_sysbios_family_arm_m3_Hwi_Object__PARAMS__C                    
0000545c  ti_sysbios_family_arm_m3_Hwi_Object__count__C                     
00004c4d  ti_sysbios_family_arm_m3_Hwi_Object__get__S                       
20001740  ti_sysbios_family_arm_m3_Hwi_Object__table__V                     
00004e8d  ti_sysbios_family_arm_m3_Hwi_Params__init__S                      
00005460  ti_sysbios_family_arm_m3_Hwi_ccr__C                               
000031d5  ti_sysbios_family_arm_m3_Hwi_create                               
00004e99  ti_sysbios_family_arm_m3_Hwi_disableFxn__E                        
000039f9  ti_sysbios_family_arm_m3_Hwi_disableInterrupt__E                  
00003239  ti_sysbios_family_arm_m3_Hwi_dispatchC__I                         
20001160  ti_sysbios_family_arm_m3_Hwi_dispatchTable                        
00001c29  ti_sysbios_family_arm_m3_Hwi_dispatch__I                          
00004f29  ti_sysbios_family_arm_m3_Hwi_doSwiRestore__I                      
00004f61  ti_sysbios_family_arm_m3_Hwi_doTaskRestore__I                     
00003a41  ti_sysbios_family_arm_m3_Hwi_enableInterrupt__E                   
00000c91  ti_sysbios_family_arm_m3_Hwi_excBusFault__I                       
00002161  ti_sysbios_family_arm_m3_Hwi_excDebugMon__I                       
00000041  ti_sysbios_family_arm_m3_Hwi_excDumpRegs__I                       
00004785  ti_sysbios_family_arm_m3_Hwi_excHandlerAsm__I                     
00005464  ti_sysbios_family_arm_m3_Hwi_excHandlerFunc__C                    
00000a91  ti_sysbios_family_arm_m3_Hwi_excHandlerMax__I                     
000047a9  ti_sysbios_family_arm_m3_Hwi_excHandler__I                        
00002221  ti_sysbios_family_arm_m3_Hwi_excHardFault__I                      
000053f4  ti_sysbios_family_arm_m3_Hwi_excHookFuncs__A                      
00005468  ti_sysbios_family_arm_m3_Hwi_excHookFuncs__C                      
000013a1  ti_sysbios_family_arm_m3_Hwi_excMemFault__I                       
00004081  ti_sysbios_family_arm_m3_Hwi_excNmi__I                            
00003f39  ti_sysbios_family_arm_m3_Hwi_excNoIsr__I                          
00003a89  ti_sysbios_family_arm_m3_Hwi_excReserved__I                       
00003e01  ti_sysbios_family_arm_m3_Hwi_excSvCall__I                         
000010f1  ti_sysbios_family_arm_m3_Hwi_excUsageFault__I                     
00003ba9  ti_sysbios_family_arm_m3_Hwi_getStackInfo__E                      
000029b9  ti_sysbios_family_arm_m3_Hwi_initNVIC__E                          
00003591  ti_sysbios_family_arm_m3_Hwi_initStacks__E                        
0000546c  ti_sysbios_family_arm_m3_Hwi_nullIsrFunc__C                       
e000e000  ti_sysbios_family_arm_m3_Hwi_nvic                                 
00004561  ti_sysbios_family_arm_m3_Hwi_pendSV__I                            
00002c59  ti_sysbios_family_arm_m3_Hwi_postInit__I                          
00005470  ti_sysbios_family_arm_m3_Hwi_priGroup__C                          
20000000  ti_sysbios_family_arm_m3_Hwi_ramVectors                           
00000000  ti_sysbios_family_arm_m3_Hwi_resetVectors                         
00004f69  ti_sysbios_family_arm_m3_Hwi_restoreFxn__E                        
00004585  ti_sysbios_family_arm_m3_Hwi_return                               
00004f31  ti_sysbios_family_arm_m3_Hwi_startup__E                           
00004c61  ti_sysbios_family_arm_m3_Hwi_switchFromBootStack__E               
0000139d  ti_sysbios_family_arm_m3_TaskSupport_Module__startupDone__S       
00002a4d  ti_sysbios_family_arm_m3_TaskSupport_buildTaskStack               
00004ea9  ti_sysbios_family_arm_m3_TaskSupport_checkStack__E                
00004d71  ti_sysbios_family_arm_m3_TaskSupport_glue                         
00003e41  ti_sysbios_family_arm_m3_TaskSupport_start__E                     
00004ac9  ti_sysbios_family_arm_m3_TaskSupport_swap__E                      
000048e3  ti_sysbios_family_xxx_Hwi_switchAndRunFunc                        
00004ae1  ti_sysbios_gates_GateHwi_Handle__label__S                         
00004fb1  ti_sysbios_gates_GateHwi_Instance_init__E                         
000051ac  ti_sysbios_gates_GateHwi_Module__FXNS__C                          
20001764  ti_sysbios_gates_GateHwi_Module__root__V                          
0000527c  ti_sysbios_gates_GateHwi_Object__DESC__C                          
00005354  ti_sysbios_gates_GateHwi_Object__PARAMS__C                        
00004251  ti_sysbios_gates_GateHwi_Object__create__S                        
000047c9  ti_sysbios_gates_GateHwi_Object__delete__S                        
2000176c  ti_sysbios_gates_GateHwi_Object__table__V                         
00004eb9  ti_sysbios_gates_GateHwi_enter__E                                 
00004f71  ti_sysbios_gates_GateHwi_leave__E                                 
00004f99  ti_sysbios_gates_GateHwi_query__E                                 
00004af9  ti_sysbios_gates_GateMutex_Handle__label__S                       
00005474  ti_sysbios_gates_GateMutex_Instance_State_sem__O                  
00004d81  ti_sysbios_gates_GateMutex_Instance_finalize__E                   
00004921  ti_sysbios_gates_GateMutex_Instance_init__E                       
000051d0  ti_sysbios_gates_GateMutex_Module__FXNS__C                        
20001770  ti_sysbios_gates_GateMutex_Module__root__V                        
0000529c  ti_sysbios_gates_GateMutex_Object__DESC__C                        
0000536c  ti_sysbios_gates_GateMutex_Object__PARAMS__C                      
00004281  ti_sysbios_gates_GateMutex_Object__create__S                      
00004619  ti_sysbios_gates_GateMutex_Object__delete__S                      
200019e4  ti_sysbios_gates_GateMutex_Object__table__V                       
000042b1  ti_sysbios_gates_GateMutex_enter__E                               
00004b11  ti_sysbios_gates_GateMutex_leave__E                               
00004fa1  ti_sysbios_gates_GateMutex_query__E                               
00005478  ti_sysbios_hal_Hwi_E_stackOverflow__C                             
00004a99  ti_sysbios_hal_Hwi_HwiProxy_Handle__label__S                      
00004ab1  ti_sysbios_hal_Hwi_HwiProxy_Module__startupDone__S                
00004e8d  ti_sysbios_hal_Hwi_HwiProxy_Params__init__S                       
000039f9  ti_sysbios_hal_Hwi_HwiProxy_disableInterrupt__E                   
00004e99  ti_sysbios_hal_Hwi_HwiProxy_disable__E                            
00003a41  ti_sysbios_hal_Hwi_HwiProxy_enableInterrupt__E                    
00003ba9  ti_sysbios_hal_Hwi_HwiProxy_getStackInfo__E                       
00004f69  ti_sysbios_hal_Hwi_HwiProxy_restore__E                            
00004f31  ti_sysbios_hal_Hwi_HwiProxy_startup__E                            
00004c61  ti_sysbios_hal_Hwi_HwiProxy_switchFromBootStack__E                
00005542  ti_sysbios_hal_Hwi_Module__id__C                                  
20001778  ti_sysbios_hal_Hwi_Module__root__V                                
00004cf9  ti_sysbios_hal_Hwi_Module_startup__E                              
000040b9  ti_sysbios_hal_Hwi_checkStack                                     
00004159  ti_sysbios_hal_Hwi_initStack                                      
0000547c  ti_sysbios_heaps_HeapMem_E_memory__C                              
00004b29  ti_sysbios_heaps_HeapMem_Handle__label__S                         
20000d60  ti_sysbios_heaps_HeapMem_Instance_State_0_buf__A                  
00003dc1  ti_sysbios_heaps_HeapMem_Instance_init__E                         
00004af9  ti_sysbios_heaps_HeapMem_Module_GateProxy_Handle__label__S        
00004619  ti_sysbios_heaps_HeapMem_Module_GateProxy_Object__delete__S       
00001e0d  ti_sysbios_heaps_HeapMem_Module_GateProxy_enter__E                
0000221d  ti_sysbios_heaps_HeapMem_Module_GateProxy_leave__E                
00004fa1  ti_sysbios_heaps_HeapMem_Module_GateProxy_query__E                
00005160  ti_sysbios_heaps_HeapMem_Module__FXNS__C                          
00005480  ti_sysbios_heaps_HeapMem_Module__gateObj__C                       
00005544  ti_sysbios_heaps_HeapMem_Module__id__C                            
20001780  ti_sysbios_heaps_HeapMem_Module__root__V                          
000052bc  ti_sysbios_heaps_HeapMem_Object__DESC__C                          
000051f4  ti_sysbios_heaps_HeapMem_Object__PARAMS__C                        
00005484  ti_sysbios_heaps_HeapMem_Object__count__C                         
000042e1  ti_sysbios_heaps_HeapMem_Object__create__S                        
000047e9  ti_sysbios_heaps_HeapMem_Object__delete__S                        
00004c75  ti_sysbios_heaps_HeapMem_Object__get__S                           
20001788  ti_sysbios_heaps_HeapMem_Object__table__V                         
00001fc9  ti_sysbios_heaps_HeapMem_alloc__E                                 
00002b61  ti_sysbios_heaps_HeapMem_free__E                                  
00003879  ti_sysbios_heaps_HeapMem_getStats__E                              
00003e81  ti_sysbios_heaps_HeapMem_init__I                                  
00004f79  ti_sysbios_heaps_HeapMem_isBlocking__E                            
00005488  ti_sysbios_heaps_HeapMem_reqAlign__C                              
0000548c  ti_sysbios_knl_Clock_Module_State_clockQ__O                       
200017a0  ti_sysbios_knl_Clock_Module__root__V                              
20001ab0  ti_sysbios_knl_Clock_Module__state__V                             
00004641  ti_sysbios_knl_Clock_Module_startup__E                            
00004a81  ti_sysbios_knl_Clock_TimerProxy_Module__startupDone__S            
000022dd  ti_sysbios_knl_Clock_TimerProxy_getMaxTicks__E                    
00003d81  ti_sysbios_knl_Clock_TimerProxy_startup__E                        
0000442d  ti_sysbios_knl_Clock_doTick__I                                    
00004fb9  ti_sysbios_knl_Clock_logTick__E                                   
00002d41  ti_sysbios_knl_Clock_workFunc__E                                  
00005490  ti_sysbios_knl_Idle_funcList__A                                   
000053fc  ti_sysbios_knl_Idle_funcList__C                                   
00004e31  ti_sysbios_knl_Idle_loop__E                                       
00004809  ti_sysbios_knl_Idle_run__E                                        
00004f81  ti_sysbios_knl_Queue_Instance_init__E                             
200017a8  ti_sysbios_knl_Queue_Module__root__V                              
000052dc  ti_sysbios_knl_Queue_Object__DESC__C                              
00005384  ti_sysbios_knl_Queue_Object__PARAMS__C                            
[...]
00004d1d  PWMGenPeriodSet                                                   
00004d2d  PWM_Params_init                                                   
00004d41  ti_sysbios_BIOS_getCpuFreq__E                                     
00004d51  ti_sysbios_BIOS_setThreadType__E                                  
00004d61  ti_sysbios_BIOS_start__E                                          
00004d71  ti_sysbios_family_arm_m3_TaskSupport_glue                         
00004d81  ti_sysbios_gates_GateMutex_Instance_finalize__E                   
00004d91  ti_sysbios_knl_Semaphore_Instance_finalize__E                     
00004da1  ti_sysbios_knl_Swi_disable__E                                     
00004db1  ti_sysbios_knl_Task_Object__get__S                                
00004dc1  ti_sysbios_knl_Task_disable__E                                    
00004dd1  xdc_runtime_Gate_leaveSystem__E                                   
00004de1  xdc_runtime_Memory_free__E                                        
00004df1  xdc_runtime_SysMin_ready__E                                       
00004df1  xdc_runtime_System_SupportProxy_ready__E                          
00004e01  xdc_runtime_System_vsnprintf__E                                   
00004e11  GPIOIntStatus                                                     
00004e1f  __TI_decompress_none                                              
00004e31  ti_sysbios_knl_Idle_loop__E                                       
00004e41  ti_sysbios_knl_Queue_empty__E                                     
00004e51  ti_catalog_arm_cortexm4_tiva_ce_Boot_init__I                      
00004e5d  PWMGenDisable                                                     
00004e69  PWMGenEnable                                                      
00004e75  __TI_zero_init                                                    
00004e81  ti_sysbios_family_arm_lm4_Timer_getMaxTicks__E                    
00004e8d  ti_sysbios_family_arm_m3_Hwi_Params__init__S                      
00004e8d  ti_sysbios_hal_Hwi_HwiProxy_Params__init__S                       
00004e99  ti_sysbios_family_arm_m3_Hwi_disableFxn__E                        
00004e99  ti_sysbios_hal_Hwi_HwiProxy_disable__E                            
00004ea9  ti_sysbios_family_arm_m3_TaskSupport_checkStack__E                
00004ea9  ti_sysbios_knl_Task_SupportProxy_checkStack__E                    
00004eb9  ti_sysbios_gates_GateHwi_enter__E                                 
00004ec5  ti_sysbios_knl_Queue_Object__get__S                               
00004ed1  xdc_runtime_Error_init__E                                         
00004edd  xdc_runtime_Gate_enterSystem__E                                   
00004ee9  xdc_runtime_Memory_calloc__E                                      
00004ef5  xdc_runtime_Memory_getMaxDefaultTypeAlign__E                      
00004f01  PWM_setDuty                                                       
00004f0b  xdc_runtime_Memory_HeapProxy_alloc__E                             
00004f15  xdc_runtime_Memory_HeapProxy_free__E                              
00004f1f  ti_sysbios_family_arm_lm4_Timer_masterDisable__I                  
00004f29  ti_sysbios_family_arm_m3_Hwi_doSwiRestore__I                      
00004f31  ti_sysbios_family_arm_m3_Hwi_startup__E                           
00004f31  ti_sysbios_hal_Hwi_HwiProxy_startup__E                            
00004f39  xdc_runtime_Text_visitRope__I                                     
00004f41  GPIOIntClear                                                      
00004f47  GPIOPinWrite                                                      
00004f4d  __xdc__init                                                       
00004f53  __TI_decompress_rle24                                             
00004f59  ti_catalog_arm_cortexm4_tiva_ce_Boot_sysCtlDelayI__I              
00004f61  ti_sysbios_family_arm_m3_Hwi_doTaskRestore__I                     
00004f69  ti_sysbios_family_arm_m3_Hwi_restoreFxn__E                        
00004f69  ti_sysbios_hal_Hwi_HwiProxy_restore__E                            
00004f71  ti_sysbios_gates_GateHwi_leave__E                                 
00004f79  ti_sysbios_heaps_HeapMem_isBlocking__E                            
00004f81  ti_sysbios_knl_Queue_Instance_init__E                             
00004f89  ti_sysbios_knl_Swi_startup__E                                     
00004f8f  xdc_runtime_System_Module_startup__E                              
00004f99  ti_sysbios_gates_GateHwi_query__E                                 
00004f99  xdc_runtime_Main_Module_GateProxy_query__E                        
00004f99  xdc_runtime_System_Module_GateProxy_query__E                      
00004fa1  ti_sysbios_BIOS_RtsGateProxy_query__E                             
00004fa1  ti_sysbios_gates_GateMutex_query__E                               
00004fa1  ti_sysbios_heaps_HeapMem_Module_GateProxy_query__E                
00004fa9  ti_sysbios_knl_Task_startup__E                                    
00004fb1  ti_sysbios_gates_GateHwi_Instance_init__E                         
00004fb9  ti_sysbios_knl_Clock_logTick__E                                   
00005130  ti_sysbios_family_arm_m3_Hwi_Object__PARAMS__C                    
00005160  ti_sysbios_heaps_HeapMem_Module__FXNS__C                          
00005188  PWM_config                                                        
000051ac  ti_sysbios_gates_GateHwi_Module__FXNS__C                          
000051d0  ti_sysbios_gates_GateMutex_Module__FXNS__C                        
000051f4  ti_sysbios_heaps_HeapMem_Object__PARAMS__C                        
00005218  ti_sysbios_knl_Semaphore_Object__PARAMS__C                        
0000523c  PWMTiva_fxnTable                                                  
00005258  PWMTiva_MAX_PRESCALAR                                             
0000525a  PWMTiva_MAX_MATCH_VALUE                                           
0000525c  ti_sysbios_family_arm_m3_Hwi_Object__DESC__C                      
0000527c  ti_sysbios_gates_GateHwi_Object__DESC__C                          
0000529c  ti_sysbios_gates_GateMutex_Object__DESC__C                        
000052bc  ti_sysbios_heaps_HeapMem_Object__DESC__C                          
000052dc  ti_sysbios_knl_Queue_Object__DESC__C                              
000052fc  ti_sysbios_knl_Semaphore_Object__DESC__C                          
0000531c  xdc_runtime_Startup_sfxnTab__A                                    
0000533c  pwmTivaHWAttrs                                                    
00005354  ti_sysbios_gates_GateHwi_Object__PARAMS__C                        
0000536c  ti_sysbios_gates_GateMutex_Object__PARAMS__C                      
00005384  ti_sysbios_knl_Queue_Object__PARAMS__C                            
0000539c  GPIOTiva_config                                                   
000053b0  xdc_runtime_Startup_firstFxns__A                                  
000053d5  xdc_runtime_Error_policy__C                                       
000053d6  xdc_runtime_Startup_sfxnRts__A                                    
000053e6  ti_catalog_arm_cortexm4_tiva_ce_Boot_Module__id__C                
000053e8  PWM_defaultParams                                                 
000053f4  ti_sysbios_family_arm_m3_Hwi_excHookFuncs__A                      
000053fc  ti_sysbios_knl_Idle_funcList__C                                   
00005404  xdc_runtime_Startup_firstFxns__C                                  
0000540c  xdc_runtime_Startup_lastFxns__C                                   
00005414  ti_catalog_arm_cortexm4_tiva_ce_Boot_A_mustUseEnhancedClockMode__C
00005418  ti_catalog_arm_cortexm4_tiva_ce_Boot_Module__diagsEnabled__C      
0000541c  ti_catalog_arm_cortexm4_tiva_ce_Boot_Module__diagsIncluded__C     
00005420  ti_catalog_arm_cortexm4_tiva_ce_Boot_Module__diagsMask__C         
00005424  ti_sysbios_family_arm_lm4_Timer_enableFunc__C                     
00005428  ti_sysbios_family_arm_lm4_Timer_numTimerDevices__C                
0000542c  ti_sysbios_family_arm_lm4_Timer_startupNeeded__C                  
00005430  ti_sysbios_family_arm_m3_Hwi_E_NMI__C                             
00005434  ti_sysbios_family_arm_m3_Hwi_E_alreadyDefined__C                  
00005438  ti_sysbios_family_arm_m3_Hwi_E_busFault__C                        
0000543c  ti_sysbios_family_arm_m3_Hwi_E_debugMon__C                        
00005440  ti_sysbios_family_arm_m3_Hwi_E_hardFault__C                       
00005444  ti_sysbios_family_arm_m3_Hwi_E_memFault__C                        
00005448  ti_sysbios_family_arm_m3_Hwi_E_noIsr__C                           
0000544c  ti_sysbios_family_arm_m3_Hwi_E_reserved__C                        
00005450  ti_sysbios_family_arm_m3_Hwi_E_svCall__C                          
00005454  ti_sysbios_family_arm_m3_Hwi_E_usageFault__C                      
00005458  ti_sysbios_family_arm_m3_Hwi_NUM_INTERRUPTS__C                    
0000545c  ti_sysbios_family_arm_m3_Hwi_Object__count__C                     
00005460  ti_sysbios_family_arm_m3_Hwi_ccr__C                               
00005464  ti_sysbios_family_arm_m3_Hwi_excHandlerFunc__C                    
00005468  ti_sysbios_family_arm_m3_Hwi_excHookFuncs__C                      
0000546c  ti_sysbios_family_arm_m3_Hwi_nullIsrFunc__C                       
00005470  ti_sysbios_family_arm_m3_Hwi_priGroup__C                          
00005474  ti_sysbios_gates_GateMutex_Instance_State_sem__O                  
00005478  ti_sysbios_hal_Hwi_E_stackOverflow__C                             
0000547c  ti_sysbios_heaps_HeapMem_E_memory__C                              
00005480  ti_sysbios_heaps_HeapMem_Module__gateObj__C                       
00005484  ti_sysbios_heaps_HeapMem_Object__count__C                         
00005488  ti_sysbios_heaps_HeapMem_reqAlign__C                              
0000548c  ti_sysbios_knl_Clock_Module_State_clockQ__O                       
00005490  ti_sysbios_knl_Idle_funcList__A                                   
00005494  ti_sysbios_knl_Semaphore_Instance_State_pendQ__O                  
00005498  ti_sysbios_knl_Swi_Object__count__C                               
0000549c  ti_sysbios_knl_Task_E_spOutOfBounds__C                            
000054a0  ti_sysbios_knl_Task_E_stackOverflow__C                            
000054a4  ti_sysbios_knl_Task_Module_State_inactiveQ__O                     
000054a8  ti_sysbios_knl_Task_Object__count__C                              
000054ac  ti_sysbios_knl_Task_allBlockedFunc__C                             
000054b0  ti_sysbios_knl_Task_numConstructedTasks__C                        
000054b4  xdc_runtime_Assert_E_assertFailed__C                              
000054b8  xdc_runtime_Core_A_initializedParams__C                           
000054bc  xdc_runtime_Core_Module__diagsEnabled__C                          
000054c0  xdc_runtime_Core_Module__diagsIncluded__C                         
000054c4  xdc_runtime_Core_Module__diagsMask__C                             
000054c8  xdc_runtime_Error_E_memory__C                                     
000054cc  xdc_runtime_Error_Module__diagsEnabled__C                         
000054d0  xdc_runtime_Error_Module__diagsIncluded__C                        
000054d4  xdc_runtime_Error_Module__diagsMask__C                            
000054d8  xdc_runtime_Error_Module__loggerFxn8__C                           
000054dc  xdc_runtime_Error_Module__loggerObj__C                            
000054e0  xdc_runtime_Error_policyFxn__C                                    
000054e4  xdc_runtime_Error_raiseHook__C                                    
000054e8  xdc_runtime_IGateProvider_Interface__BASE__C                      
000054ec  xdc_runtime_IHeap_Interface__BASE__C                              
000054f0  xdc_runtime_IModule_Interface__BASE__C                            
000054f4  xdc_runtime_Log_L_error__C                                        
000054f8  xdc_runtime_Memory_defaultHeapInstance__C                         
000054fc  xdc_runtime_Startup_execImpl__C                                   
00005500  xdc_runtime_Startup_maxPasses__C                                  
00005504  xdc_runtime_Startup_sfxnRts__C                                    
00005508  xdc_runtime_Startup_sfxnTab__C                                    
0000550c  xdc_runtime_SysMin_bufSize__C                                     
00005510  xdc_runtime_SysMin_outputFunc__C                                  
00005514  xdc_runtime_System_Module__gateObj__C                             
00005518  xdc_runtime_System_abortFxn__C                                    
0000551c  xdc_runtime_System_exitFxn__C                                     
00005520  xdc_runtime_System_extendFxn__C                                   
00005524  xdc_runtime_System_maxAtexitHandlers__C                           
00005528  xdc_runtime_Text_charTab__C                                       
0000552c  xdc_runtime_Text_nameEmpty__C                                     
00005530  xdc_runtime_Text_nameStatic__C                                    
00005534  xdc_runtime_Text_nameUnknown__C                                   
00005538  xdc_runtime_Text_nodeTab__A                                       
0000553c  xdc_runtime_Text_visitRopeFxn__C                                  
00005540  ti_sysbios_family_arm_m3_Hwi_Module__id__C                        
00005542  ti_sysbios_hal_Hwi_Module__id__C                                  
00005544  ti_sysbios_heaps_HeapMem_Module__id__C                            
00005546  ti_sysbios_knl_Task_Module__id__C                                 
00005548  ti_sysbios_knl_Task_initStackFlag__C                              
0000554a  xdc_runtime_Core_Module__id__C                                    
0000554c  xdc_runtime_Error_Module__loggerDefined__C                        
0000554e  xdc_runtime_Error_maxDepth__C                                     
00005550  xdc_runtime_Memory_Module__id__C                                  
00005552  xdc_runtime_SysMin_flushAtExit__C                                 
00005554  xdc_runtime_Text_charCnt__C                                       
00005556  xdc_runtime_Text_isLoaded__C                                      
00005558  xdc_runtime_Text_registryModsLastId__C                            
0000555a  xdc_runtime_Text_unnamedModsLastId__C                             
0000555c  xdc_runtime_Text_charTab__A                                       
00005560  __TI_static_base__                                                
00005860  __TI_Handler_Table_Base                                           
0000586c  __TI_Handler_Table_Limit                                          
00005880  __TI_CINIT_Base                                                   
00005898  __TI_CINIT_Limit                                                  
20000000  ti_sysbios_family_arm_m3_Hwi_ramVectors                           
20000360  ti_sysbios_knl_Task_Instance_State_0_stack__A                     
20000560  ti_sysbios_knl_Task_Instance_State_1_stack__A                     
20000d60  ti_sysbios_heaps_HeapMem_Instance_State_0_buf__A                  
20001160  ti_sysbios_family_arm_m3_Hwi_dispatchTable                        
200014c0  __CIOBUF_                                                         
20001670  xdc_runtime_SysMin_Module_State_0_outbuf__A                       
200016f0  pwmTivaObjects                                                    
2000170c  ti_sysbios_family_arm_lm4_Timer_Module__root__V                   
20001714  ti_sysbios_family_arm_lm4_Timer_Module_State_0_handles__A         
2000172c  ti_sysbios_family_arm_lm4_Timer_Module__state__V                  
20001738  ti_sysbios_family_arm_m3_Hwi_Module__root__V                      
20001740  ti_sysbios_family_arm_m3_Hwi_Object__table__V                     
20001758  ti_sysbios_family_arm_m3_Hwi_Module_State_0_excActive__A          
2000175c  ti_sysbios_family_arm_m3_Hwi_Module_State_0_excContext__A         
20001760  ti_sysbios_family_arm_m3_Hwi_Module_State_0_excStack__A           
20001764  ti_sysbios_gates_GateHwi_Module__root__V                          
2000176c  ti_sysbios_gates_GateHwi_Object__table__V                         
20001770  ti_sysbios_gates_GateMutex_Module__root__V                        
20001778  ti_sysbios_hal_Hwi_Module__root__V                                
20001780  ti_sysbios_heaps_HeapMem_Module__root__V                          
20001788  ti_sysbios_heaps_HeapMem_Object__table__V                         
200017a0  ti_sysbios_knl_Clock_Module__root__V                              
200017a8  ti_sysbios_knl_Queue_Module__root__V                              
200017b0  ti_sysbios_knl_Semaphore_Module__root__V                          
200017b8  ti_sysbios_knl_Swi_Module__root__V                                
200017c0  ti_sysbios_knl_Swi_Module__state__V                               
200017dc  ti_sysbios_knl_Task_Module__root__V                               
200017e4  ti_sysbios_knl_Task_Module_State_0_readyQ__A                      
20001804  ti_sysbios_knl_Task_Module_State_0_idleTask__A                    
20001808  xdc_runtime_Error_Module__state__V                                
2000180c  xdc_runtime_Memory_Module__state__V                               
20001810  xdc_runtime_Registry_Module__state__V                             
20001818  xdc_runtime_Startup_Module__state__V                              
20001820  xdc_runtime_SysMin_Module__state__V                               
2000182c  xdc_runtime_System_Module_State_0_atexitHandlers__A               
20001834  xdc_runtime_System_Module__state__V                               
2000183c  xdc_runtime_Text_Module__state__V                                 
20001844  __xdc__init__addr                                                 
20001848  ti_sysbios_knl_Task_Object__table__V                              
20001894  TSK_idle                                                          
200018e0  ti_sysbios_knl_Swi_Module_State_0_readyQ__A                       
20001960  ti_sysbios_knl_Task_Module__state__V                              
200019a4  ti_sysbios_family_arm_lm4_Timer_Object__table__V                  
200019e4  ti_sysbios_gates_GateMutex_Object__table__V                       
20001a1c  ti_sysbios_family_arm_m3_Hwi_Module__state__V                     
20001a50  ti_sysbios_family_arm_lm4_Timer_Module_State_0_device__A          
20001a80  ti_sysbios_knl_Swi_Object__table__V                               
20001ab0  ti_sysbios_knl_Clock_Module__state__V                             
20001adc  ti_sysbios_BIOS_Module__state__V                                  
20001b04  gpioPinConfigs                                                    
20001b18  gpioCallbackFunctions                                             
20001b38  _lock                                                             
20001b3c  _unlock                                                           
20001b40  __TI_cleanup_ptr                                                  
20001b44  __TI_dtors_ptr                                                    
20001b54  main_func_sp                                                      
20001b58  __stack                                                           
20001d58  __STACK_TOP                                                       
20001e58  __STACK_END                                                       
e000e000  ti_sysbios_family_arm_m3_Hwi_nvic                                 
ffffffff  __binit__                                                         
ffffffff  __c_args__                                                        
ffffffff  binit                                                             
UNDEFED   SHT$$INIT_ARRAY$$Base                                             
UNDEFED   SHT$$INIT_ARRAY$$Limit                                            

[541 symbols]
