******************************************************************************
                  TI ARM Linker PC v5.2.5                      
******************************************************************************
>> Linked Sun Aug 14 18:12:26 2016

OUTPUT FILE NAME:   <lab2_1.out>
ENTRY POINT SYMBOL: "_c_int00"  address: 00000835


MEMORY CONFIGURATION

         name            origin    length      used     unused   attr    fill
----------------------  --------  ---------  --------  --------  ----  --------
  FLASH                 00000000   00040000  00000ad6  0003f52a  R  X
  SRAM                  20000000   00008000  0000021c  00007de4  RW X


SEGMENT ALLOCATION MAP

run origin  load origin   length   init length attrs members
----------  ----------- ---------- ----------- ----- -------
00000000    00000000    00000adc   00000adc    r-x
  00000000    00000000    0000026c   0000026c    r-- .intvecs
  0000026c    0000026c    000007d6   000007d6    r-x .text
  00000a44    00000a44    00000070   00000070    r-- .const
  00000ab8    00000ab8    00000024   00000024    r-- .cinit
20000000    20000000    0000021c   00000000    rw-
  20000000    20000000    00000200   00000000    rw- .stack
  20000200    20000200    0000001c   00000000    rw- .data


SECTION ALLOCATION MAP

 output                                  attributes/
section   page    origin      length       input sections
--------  ----  ----------  ----------   ----------------
.intvecs   0    00000000    0000026c     
                  00000000    0000026c     tm4c123gh6pm_startup_ccs.obj (.intvecs)

.text      0    0000026c    000007d6     
                  0000026c    00000132     driverlib.lib : gpio.obj (.text:GPIOPadConfigSet)
                  0000039e    00000002     --HOLE-- [fill = 0]
                  000003a0    000000f4                   : sysctl.obj (.text:SysCtlClockSet)
                  00000494    000000e8     lab2.1.obj (.text)
                  0000057c    0000009c     rtsv7M4_T_le_v4SPD16_eabi.lib : memcpy_t2.obj (.text)
                  00000618    0000007a                                   : memset_t2.obj (.text)
                  00000692    00000002     --HOLE-- [fill = 0]
                  00000694    0000006c                                   : autoinit.obj (.text)
                  00000700    0000006a                                   : copy_decompress_rle.obj (.text)
                  0000076a    00000002     --HOLE-- [fill = 0]
                  0000076c    00000068     driverlib.lib : interrupt.obj (.text:IntEnable)
                  000007d4    00000060                   : timer.obj (.text:TimerConfigure)
                  00000834    00000050     rtsv7M4_T_le_v4SPD16_eabi.lib : boot.obj (.text)
                  00000884    0000004c                                   : cpy_tbl.obj (.text)
                  000008d0    00000044                                   : exit.obj (.text)
                  00000914    00000034     driverlib.lib : sysctl.obj (.text:SysCtlPeripheralEnable)
                  00000948    0000002a                   : gpio.obj (.text:GPIODirModeSet)
                  00000972    00000018                   : gpio.obj (.text:GPIOPinTypeGPIOOutput)
                  0000098a    00000002     --HOLE-- [fill = 0]
                  0000098c    00000018     rtsv7M4_T_le_v4SPD16_eabi.lib : args_main.obj (.text)
                  000009a4    00000014                                   : _lock.obj (.text)
                  000009b8    00000012     driverlib.lib : gpio.obj (.text:GPIOPinTypeGPIOInput)
                  000009ca    00000012                   : timer.obj (.text:TimerLoadSet)
                  000009dc    00000010                   : interrupt.obj (.text:IntMasterEnable)
                  000009ec    0000000e                   : timer.obj (.text:TimerEnable)
                  000009fa    0000000e     rtsv7M4_T_le_v4SPD16_eabi.lib : copy_decompress_none.obj (.text:decompress:none)
                  00000a08    0000000c     driverlib.lib : cpu.obj (.text:CPUcpsie)
                  00000a14    0000000c     tm4c123gh6pm_startup_ccs.obj (.text)
                  00000a20    00000008     driverlib.lib : timer.obj (.text:TimerIntEnable)
                  00000a28    00000006                   : gpio.obj (.text:GPIOPinRead)
                  00000a2e    00000006                   : sysctl.obj (.text:SysCtlDelay)
                  00000a34    00000006     rtsv7M4_T_le_v4SPD16_eabi.lib : copy_decompress_rle.obj (.text:decompress:rle24)
                  00000a3a    00000004     driverlib.lib : timer.obj (.text:TimerIntClear)
                  00000a3e    00000004     rtsv7M4_T_le_v4SPD16_eabi.lib : pre_init.obj (.text)

.const     0    00000a44    00000070     
                  00000a44    00000070     driverlib.lib : interrupt.obj (.const)

.cinit     0    00000ab8    00000024     
                  00000ab8    00000012     (.cinit..data.load) [load image, compression = rle]
                  00000aca    00000002     --HOLE-- [fill = 0]
                  00000acc    00000008     (__TI_handler_table)
                  00000ad4    00000008     (__TI_cinit_table)

.init_array 
*          0    00000000    00000000     UNINITIALIZED

.stack     0    20000000    00000200     UNINITIALIZED
                  20000000    00000200     --HOLE--

.data      0    20000200    0000001c     UNINITIALIZED
                  20000200    00000008     lab2.1.obj (.data)
                  20000208    00000008     rtsv7M4_T_le_v4SPD16_eabi.lib : _lock.obj (.data)
                  20000210    00000008                                   : exit.obj (.data)
                  20000218    00000004                                   : stkdepth_vars.obj (.data)

.TI.persistent 
*          0    20000200    00000000     UNINITIALIZED


LINKER GENERATED COPY TABLES

__TI_cinit_table @ 00000ad4 records: 1, size/record: 8, table size: 8
	.data: load addr=00000ab8, load size=00000012 bytes, run addr=20000200, run size=0000001c bytes, compression=rle


LINKER GENERATED HANDLER TABLE

__TI_handler_table @ 00000acc records: 2, size/record: 4, table size: 8
	index: 0, handler: __TI_decompress_rle24
	index: 1, handler: __TI_decompress_none


GLOBAL SYMBOLS: SORTED ALPHABETICALLY BY Name 

address   name                    
-------   ----                    
000008d1  C$$EXIT                 
00000a09  CPUcpsie                
00000949  GPIODirModeSet          
0000026d  GPIOPadConfigSet        
00000a29  GPIOPinRead             
000009b9  GPIOPinTypeGPIOInput    
00000973  GPIOPinTypeGPIOOutput   
0000076d  IntEnable               
000009dd  IntMasterEnable         
00000a15  ResetISR                
UNDEFED   SHT$$INIT_ARRAY$$Base   
UNDEFED   SHT$$INIT_ARRAY$$Limit  
000003a1  SysCtlClockSet          
00000a2f  SysCtlDelay             
00000915  SysCtlPeripheralEnable  
00000507  Timer0IntHandler        
000007d5  TimerConfigure          
000009ed  TimerEnable             
00000a3b  TimerIntClear           
00000a21  TimerIntEnable          
000009cb  TimerLoadSet            
20000200  __STACK_END             
00000200  __STACK_SIZE            
20000200  __STACK_TOP             
00000ad4  __TI_CINIT_Base         
00000adc  __TI_CINIT_Limit        
00000acc  __TI_Handler_Table_Base 
00000ad4  __TI_Handler_Table_Limit
00000695  __TI_auto_init          
20000210  __TI_cleanup_ptr        
000009fb  __TI_decompress_none    
00000a35  __TI_decompress_rle24   
20000214  __TI_dtors_ptr          
00000000  __TI_static_base__      
00000619  __aeabi_memclr          
00000619  __aeabi_memclr4         
00000619  __aeabi_memclr8         
0000057d  __aeabi_memcpy          
0000057d  __aeabi_memcpy4         
0000057d  __aeabi_memcpy8         
0000061b  __aeabi_memset          
0000061b  __aeabi_memset4         
0000061b  __aeabi_memset8         
ffffffff  __binit__               
ffffffff  __c_args__              
20000000  __stack                 
0000098d  _args_main              
00000835  _c_int00                
20000208  _lock                   
000009b3  _nop                    
000009ab  _register_lock          
000009a5  _register_unlock        
00000a3f  _system_pre_init        
2000020c  _unlock                 
000008d5  abort                   
ffffffff  binit                   
00000885  copy_in                 
20000204  count                   
000008dd  exit                    
00000000  g_pfnVectors            
00000495  main                    
20000218  main_func_sp            
0000057d  memcpy                  
00000621  memset                  
20000200  press                   


GLOBAL SYMBOLS: SORTED BY Symbol Address 

address   name                    
-------   ----                    
00000000  __TI_static_base__      
00000000  g_pfnVectors            
00000200  __STACK_SIZE            
0000026d  GPIOPadConfigSet        
000003a1  SysCtlClockSet          
00000495  main                    
00000507  Timer0IntHandler        
0000057d  __aeabi_memcpy          
0000057d  __aeabi_memcpy4         
0000057d  __aeabi_memcpy8         
0000057d  memcpy                  
00000619  __aeabi_memclr          
00000619  __aeabi_memclr4         
00000619  __aeabi_memclr8         
0000061b  __aeabi_memset          
0000061b  __aeabi_memset4         
0000061b  __aeabi_memset8         
00000621  memset                  
00000695  __TI_auto_init          
0000076d  IntEnable               
000007d5  TimerConfigure          
00000835  _c_int00                
00000885  copy_in                 
000008d1  C$$EXIT                 
000008d5  abort                   
000008dd  exit                    
00000915  SysCtlPeripheralEnable  
00000949  GPIODirModeSet          
00000973  GPIOPinTypeGPIOOutput   
0000098d  _args_main              
000009a5  _register_unlock        
000009ab  _register_lock          
000009b3  _nop                    
000009b9  GPIOPinTypeGPIOInput    
000009cb  TimerLoadSet            
000009dd  IntMasterEnable         
000009ed  TimerEnable             
000009fb  __TI_decompress_none    
00000a09  CPUcpsie                
00000a15  ResetISR                
00000a21  TimerIntEnable          
00000a29  GPIOPinRead             
00000a2f  SysCtlDelay             
00000a35  __TI_decompress_rle24   
00000a3b  TimerIntClear           
00000a3f  _system_pre_init        
00000acc  __TI_Handler_Table_Base 
00000ad4  __TI_CINIT_Base         
00000ad4  __TI_Handler_Table_Limit
00000adc  __TI_CINIT_Limit        
20000000  __stack                 
20000200  __STACK_END             
20000200  __STACK_TOP             
20000200  press                   
20000204  count                   
20000208  _lock                   
2000020c  _unlock                 
20000210  __TI_cleanup_ptr        
20000214  __TI_dtors_ptr          
20000218  main_func_sp            
ffffffff  __binit__               
ffffffff  __c_args__              
ffffffff  binit                   
UNDEFED   SHT$$INIT_ARRAY$$Base   
UNDEFED   SHT$$INIT_ARRAY$$Limit  

[65 symbols]
