******************************************************************************
                  TI ARM Linker PC v5.2.5                      
******************************************************************************
>> Linked Tue Sep 20 18:07:43 2016

OUTPUT FILE NAME:   <lab5_2.out>
ENTRY POINT SYMBOL: "_c_int00"  address: 00000bfd


MEMORY CONFIGURATION

         name            origin    length      used     unused   attr    fill
----------------------  --------  ---------  --------  --------  ----  --------
  FLASH                 00000000   00040000  00000e7e  0003f182  R  X
  SRAM                  20000000   00008000  00000244  00007dbc  RW X


SEGMENT ALLOCATION MAP

run origin  load origin   length   init length attrs members
----------  ----------- ---------- ----------- ----- -------
00000000    00000000    00000e80   00000e80    r-x
  00000000    00000000    0000026c   0000026c    r-- .intvecs
  0000026c    0000026c    00000bda   00000bda    r-x .text
  00000e48    00000e48    00000038   00000038    r-- .cinit
20000000    20000000    00000244   00000000    rw-
  20000000    20000000    00000200   00000000    rw- .stack
  20000200    20000200    00000030   00000000    rw- .bss
  20000230    20000230    00000014   00000000    rw- .data


SECTION ALLOCATION MAP

 output                                  attributes/
section   page    origin      length       input sections
--------  ----  ----------  ----------   ----------------
.intvecs   0    00000000    0000026c     
                  00000000    0000026c     tm4c123gh6pm_startup_ccs.obj (.intvecs)

.text      0    0000026c    00000bda     
                  0000026c    000004a8     main.obj (.text)
                  00000714    00000132     driverlib.lib : gpio.obj (.text:GPIOPadConfigSet)
                  00000846    00000002     --HOLE-- [fill = 0]
                  00000848    000000f4                   : sysctl.obj (.text:SysCtlClockSet)
                  0000093c    0000009c     rtsv7M4_T_le_v4SPD16_eabi.lib : memcpy_t2.obj (.text)
                  000009d8    0000007a     driverlib.lib : adc.obj (.text:ADCSequenceStepConfigure)
                  00000a52    0000007a     rtsv7M4_T_le_v4SPD16_eabi.lib : memset_t2.obj (.text)
                  00000acc    0000006c                                   : autoinit.obj (.text)
                  00000b38    0000006a                                   : copy_decompress_rle.obj (.text)
                  00000ba2    00000002     --HOLE-- [fill = 0]
                  00000ba4    00000058     driverlib.lib : adc.obj (.text:ADCSequenceConfigure)
                  00000bfc    00000050     rtsv7M4_T_le_v4SPD16_eabi.lib : boot.obj (.text)
                  00000c4c    0000004c                                   : cpy_tbl.obj (.text)
                  00000c98    00000044                                   : exit.obj (.text)
                  00000cdc    00000034     driverlib.lib : sysctl.obj (.text:SysCtlPeripheralEnable)
                  00000d10    0000002e                   : adc.obj (.text:ADCIntStatus)
                  00000d3e    0000002a                   : gpio.obj (.text:GPIODirModeSet)
                  00000d68    0000001e                   : adc.obj (.text:ADCSequenceDataGet)
                  00000d86    00000018                   : adc.obj (.text:ADCProcessorTrigger)
                  00000d9e    00000018                   : gpio.obj (.text:GPIOPinTypeGPIOOutput)
                  00000db6    00000002     --HOLE-- [fill = 0]
                  00000db8    00000018     rtsv7M4_T_le_v4SPD16_eabi.lib : args_main.obj (.text)
                  00000dd0    00000014                                   : _lock.obj (.text)
                  00000de4    0000000e     driverlib.lib : adc.obj (.text:ADCHardwareOversampleConfigure)
                  00000df2    0000000e                   : adc.obj (.text:ADCSequenceEnable)
                  00000e00    0000000e     rtsv7M4_T_le_v4SPD16_eabi.lib : copy_decompress_none.obj (.text:decompress:none)
                  00000e0e    0000000c                                   : copy_zero_init.obj (.text:decompress:ZI)
                  00000e1a    0000000c     tm4c123gh6pm_startup_ccs.obj (.text)
                  00000e26    0000000a     driverlib.lib : adc.obj (.text:ADCIntClear)
                  00000e30    00000006                   : gpio.obj (.text:GPIOPinWrite)
                  00000e36    00000006                   : sysctl.obj (.text:SysCtlDelay)
                  00000e3c    00000006     rtsv7M4_T_le_v4SPD16_eabi.lib : copy_decompress_rle.obj (.text:decompress:rle24)
                  00000e42    00000004                                   : pre_init.obj (.text)

.cinit     0    00000e48    00000038     
                  00000e48    0000000f     (.cinit..data.load) [load image, compression = rle]
                  00000e57    00000001     --HOLE-- [fill = 0]
                  00000e58    0000000c     (__TI_handler_table)
                  00000e64    00000004     --HOLE-- [fill = 0]
                  00000e68    00000008     (.cinit..bss.load) [load image, compression = zero_init]
                  00000e70    00000010     (__TI_cinit_table)

.init_array 
*          0    00000000    00000000     UNINITIALIZED

.stack     0    20000000    00000200     UNINITIALIZED
                  20000000    00000200     --HOLE--

.bss       0    20000200    00000030     UNINITIALIZED
                  20000200    00000010     (.common:ui32ADC0Value)
                  20000210    00000010     (.common:ui32ADC1Value)
                  20000220    00000004     (.common:avg1)
                  20000224    00000004     (.common:avg2)
                  20000228    00000004     (.common:x)
                  2000022c    00000004     (.common:y)

.TI.noinit 
*          0    20000200    00000000     UNINITIALIZED

.data      0    20000230    00000014     UNINITIALIZED
                  20000230    00000008     rtsv7M4_T_le_v4SPD16_eabi.lib : _lock.obj (.data)
                  20000238    00000008                                   : exit.obj (.data)
                  20000240    00000004                                   : stkdepth_vars.obj (.data)

.TI.persistent 
*          0    20000230    00000000     UNINITIALIZED


LINKER GENERATED COPY TABLES

__TI_cinit_table @ 00000e70 records: 2, size/record: 8, table size: 16
	.data: load addr=00000e48, load size=0000000f bytes, run addr=20000230, run size=00000014 bytes, compression=rle
	.bss: load addr=00000e68, load size=00000008 bytes, run addr=20000200, run size=00000030 bytes, compression=zero_init


LINKER GENERATED HANDLER TABLE

__TI_handler_table @ 00000e58 records: 3, size/record: 4, table size: 12
	index: 0, handler: __TI_decompress_rle24
	index: 1, handler: __TI_decompress_none
	index: 2, handler: __TI_zero_init


GLOBAL SYMBOLS: SORTED ALPHABETICALLY BY Name 

address   name                          
-------   ----                          
00000de5  ADCHardwareOversampleConfigure
00000e27  ADCIntClear                   
00000d11  ADCIntStatus                  
00000d87  ADCProcessorTrigger           
00000ba5  ADCSequenceConfigure          
00000d69  ADCSequenceDataGet            
00000df3  ADCSequenceEnable             
000009d9  ADCSequenceStepConfigure      
00000c99  C$$EXIT                       
00000d3f  GPIODirModeSet                
00000715  GPIOPadConfigSet              
00000d9f  GPIOPinTypeGPIOOutput         
00000e31  GPIOPinWrite                  
00000e1b  ResetISR                      
UNDEFED   SHT$$INIT_ARRAY$$Base         
UNDEFED   SHT$$INIT_ARRAY$$Limit        
00000849  SysCtlClockSet                
00000e37  SysCtlDelay                   
00000cdd  SysCtlPeripheralEnable        
20000200  __STACK_END                   
00000200  __STACK_SIZE                  
20000200  __STACK_TOP                   
00000e70  __TI_CINIT_Base               
00000e80  __TI_CINIT_Limit              
00000e58  __TI_Handler_Table_Base       
00000e64  __TI_Handler_Table_Limit      
00000acd  __TI_auto_init                
20000238  __TI_cleanup_ptr              
00000e01  __TI_decompress_none          
00000e3d  __TI_decompress_rle24         
2000023c  __TI_dtors_ptr                
00000000  __TI_static_base__            
00000e0f  __TI_zero_init                
00000a53  __aeabi_memclr                
00000a53  __aeabi_memclr4               
00000a53  __aeabi_memclr8               
0000093d  __aeabi_memcpy                
0000093d  __aeabi_memcpy4               
0000093d  __aeabi_memcpy8               
00000a55  __aeabi_memset                
00000a55  __aeabi_memset4               
00000a55  __aeabi_memset8               
ffffffff  __binit__                     
ffffffff  __c_args__                    
20000000  __stack                       
00000db9  _args_main                    
00000bfd  _c_int00                      
20000230  _lock                         
00000ddf  _nop                          
00000dd7  _register_lock                
00000dd1  _register_unlock              
00000e43  _system_pre_init              
20000234  _unlock                       
00000c9d  abort                         
20000220  avg1                          
20000224  avg2                          
ffffffff  binit                         
00000c4d  copy_in                       
00000ca5  exit                          
00000000  g_pfnVectors                  
0000041f  glcd_cleardisplay             
0000026d  glcd_cmd                      
0000032f  glcd_data                     
000002c7  glcd_init                     
000003cd  glcd_setcolumn                
00000389  glcd_setpage                  
0000047d  main                          
20000240  main_func_sp                  
0000093d  memcpy                        
00000a5b  memset                        
20000200  ui32ADC0Value                 
20000210  ui32ADC1Value                 
20000228  x                             
2000022c  y                             


GLOBAL SYMBOLS: SORTED BY Symbol Address 

address   name                          
-------   ----                          
00000000  __TI_static_base__            
00000000  g_pfnVectors                  
00000200  __STACK_SIZE                  
0000026d  glcd_cmd                      
000002c7  glcd_init                     
0000032f  glcd_data                     
00000389  glcd_setpage                  
000003cd  glcd_setcolumn                
0000041f  glcd_cleardisplay             
0000047d  main                          
00000715  GPIOPadConfigSet              
00000849  SysCtlClockSet                
0000093d  __aeabi_memcpy                
0000093d  __aeabi_memcpy4               
0000093d  __aeabi_memcpy8               
0000093d  memcpy                        
000009d9  ADCSequenceStepConfigure      
00000a53  __aeabi_memclr                
00000a53  __aeabi_memclr4               
00000a53  __aeabi_memclr8               
00000a55  __aeabi_memset                
00000a55  __aeabi_memset4               
00000a55  __aeabi_memset8               
00000a5b  memset                        
00000acd  __TI_auto_init                
00000ba5  ADCSequenceConfigure          
00000bfd  _c_int00                      
00000c4d  copy_in                       
00000c99  C$$EXIT                       
00000c9d  abort                         
00000ca5  exit                          
00000cdd  SysCtlPeripheralEnable        
00000d11  ADCIntStatus                  
00000d3f  GPIODirModeSet                
00000d69  ADCSequenceDataGet            
00000d87  ADCProcessorTrigger           
00000d9f  GPIOPinTypeGPIOOutput         
00000db9  _args_main                    
00000dd1  _register_unlock              
00000dd7  _register_lock                
00000ddf  _nop                          
00000de5  ADCHardwareOversampleConfigure
00000df3  ADCSequenceEnable             
00000e01  __TI_decompress_none          
00000e0f  __TI_zero_init                
00000e1b  ResetISR                      
00000e27  ADCIntClear                   
00000e31  GPIOPinWrite                  
00000e37  SysCtlDelay                   
00000e3d  __TI_decompress_rle24         
00000e43  _system_pre_init              
00000e58  __TI_Handler_Table_Base       
00000e64  __TI_Handler_Table_Limit      
00000e70  __TI_CINIT_Base               
00000e80  __TI_CINIT_Limit              
20000000  __stack                       
20000200  __STACK_END                   
20000200  __STACK_TOP                   
20000200  ui32ADC0Value                 
20000210  ui32ADC1Value                 
20000220  avg1                          
20000224  avg2                          
20000228  x                             
2000022c  y                             
20000230  _lock                         
20000234  _unlock                       
20000238  __TI_cleanup_ptr              
2000023c  __TI_dtors_ptr                
20000240  main_func_sp                  
ffffffff  __binit__                     
ffffffff  __c_args__                    
ffffffff  binit                         
UNDEFED   SHT$$INIT_ARRAY$$Base         
UNDEFED   SHT$$INIT_ARRAY$$Limit        

[74 symbols]
