******************************************************************************
                  TI ARM Linker PC v5.2.5                      
******************************************************************************
>> Linked Tue Sep 20 18:00:06 2016

OUTPUT FILE NAME:   <lab5_1.out>
ENTRY POINT SYMBOL: "_c_int00"  address: 000009a1


MEMORY CONFIGURATION

         name            origin    length      used     unused   attr    fill
----------------------  --------  ---------  --------  --------  ----  --------
  FLASH                 00000000   00040000  00000d6c  0003f294  R  X
  SRAM                  20000000   00008000  00000614  000079ec  RW X


SEGMENT ALLOCATION MAP

run origin  load origin   length   init length attrs members
----------  ----------- ---------- ----------- ----- -------
00000000    00000000    00000d70   00000d70    r-x
  00000000    00000000    0000026c   0000026c    r-- .intvecs
  0000026c    0000026c    000008e8   000008e8    r-x .text
  00000b58    00000b58    00000218   00000218    r-- .cinit
20000000    20000000    00000614   00000000    rw-
  20000000    20000000    00000414   00000000    rw- .data
  20000414    20000414    00000200   00000000    rw- .stack


SECTION ALLOCATION MAP

 output                                  attributes/
section   page    origin      length       input sections
--------  ----  ----------  ----------   ----------------
.intvecs   0    00000000    0000026c     
                  00000000    0000026c     tm4c123gh6pm_startup_ccs.obj (.intvecs)

.text      0    0000026c    000008e8     
                  0000026c    0000031c     main.obj (.text)
                  00000588    00000132     driverlib.lib : gpio.obj (.text:GPIOPadConfigSet)
                  000006ba    00000002     --HOLE-- [fill = 0]
                  000006bc    000000f4                   : sysctl.obj (.text:SysCtlClockSet)
                  000007b0    0000009c     rtsv7M4_T_le_v4SPD16_eabi.lib : memcpy_t2.obj (.text)
                  0000084c    0000007a                                   : memset_t2.obj (.text)
                  000008c6    00000002     --HOLE-- [fill = 0]
                  000008c8    0000006c                                   : autoinit.obj (.text)
                  00000934    0000006a                                   : copy_decompress_rle.obj (.text)
                  0000099e    00000002     --HOLE-- [fill = 0]
                  000009a0    00000050                                   : boot.obj (.text)
                  000009f0    0000004c                                   : cpy_tbl.obj (.text)
                  00000a3c    00000044                                   : exit.obj (.text)
                  00000a80    00000034     driverlib.lib : sysctl.obj (.text:SysCtlPeripheralEnable)
                  00000ab4    0000002a                   : gpio.obj (.text:GPIODirModeSet)
                  00000ade    00000018                   : gpio.obj (.text:GPIOPinTypeGPIOOutput)
                  00000af6    00000002     --HOLE-- [fill = 0]
                  00000af8    00000018     rtsv7M4_T_le_v4SPD16_eabi.lib : args_main.obj (.text)
                  00000b10    00000014                                   : _lock.obj (.text)
                  00000b24    0000000e                                   : copy_decompress_none.obj (.text:decompress:none)
                  00000b32    0000000c     tm4c123gh6pm_startup_ccs.obj (.text)
                  00000b3e    00000006     driverlib.lib : gpio.obj (.text:GPIOPinWrite)
                  00000b44    00000006                   : sysctl.obj (.text:SysCtlDelay)
                  00000b4a    00000006     rtsv7M4_T_le_v4SPD16_eabi.lib : copy_decompress_rle.obj (.text:decompress:rle24)
                  00000b50    00000004                                   : pre_init.obj (.text)

.cinit     0    00000b58    00000218     
                  00000b58    00000207     (.cinit..data.load) [load image, compression = rle]
                  00000d5f    00000001     --HOLE-- [fill = 0]
                  00000d60    00000008     (__TI_handler_table)
                  00000d68    00000008     (__TI_cinit_table)

.init_array 
*          0    00000000    00000000     UNINITIALIZED

.data      0    20000000    00000414     UNINITIALIZED
                  20000000    00000400     main.obj (.data:a)
                  20000400    00000008     rtsv7M4_T_le_v4SPD16_eabi.lib : _lock.obj (.data)
                  20000408    00000008                                   : exit.obj (.data)
                  20000410    00000004                                   : stkdepth_vars.obj (.data)

.TI.persistent 
*          0    20000000    00000000     UNINITIALIZED

.stack     0    20000414    00000200     UNINITIALIZED
                  20000414    00000200     --HOLE--


LINKER GENERATED COPY TABLES

__TI_cinit_table @ 00000d68 records: 1, size/record: 8, table size: 8
	.data: load addr=00000b58, load size=00000207 bytes, run addr=20000000, run size=00000414 bytes, compression=rle


LINKER GENERATED HANDLER TABLE

__TI_handler_table @ 00000d60 records: 2, size/record: 4, table size: 8
	index: 0, handler: __TI_decompress_rle24
	index: 1, handler: __TI_decompress_none


GLOBAL SYMBOLS: SORTED ALPHABETICALLY BY Name 

address   name                    
-------   ----                    
00000a3d  C$$EXIT                 
00000ab5  GPIODirModeSet          
00000589  GPIOPadConfigSet        
00000adf  GPIOPinTypeGPIOOutput   
00000b3f  GPIOPinWrite            
00000b33  ResetISR                
UNDEFED   SHT$$INIT_ARRAY$$Base   
UNDEFED   SHT$$INIT_ARRAY$$Limit  
000006bd  SysCtlClockSet          
00000b45  SysCtlDelay             
00000a81  SysCtlPeripheralEnable  
20000614  __STACK_END             
00000200  __STACK_SIZE            
20000614  __STACK_TOP             
00000d68  __TI_CINIT_Base         
00000d70  __TI_CINIT_Limit        
00000d60  __TI_Handler_Table_Base 
00000d68  __TI_Handler_Table_Limit
000008c9  __TI_auto_init          
20000408  __TI_cleanup_ptr        
00000b25  __TI_decompress_none    
00000b4b  __TI_decompress_rle24   
2000040c  __TI_dtors_ptr          
00000000  __TI_static_base__      
0000084d  __aeabi_memclr          
0000084d  __aeabi_memclr4         
0000084d  __aeabi_memclr8         
000007b1  __aeabi_memcpy          
000007b1  __aeabi_memcpy4         
000007b1  __aeabi_memcpy8         
0000084f  __aeabi_memset          
0000084f  __aeabi_memset4         
0000084f  __aeabi_memset8         
ffffffff  __binit__               
ffffffff  __c_args__              
20000414  __stack                 
00000af9  _args_main              
000009a1  _c_int00                
20000400  _lock                   
00000b1f  _nop                    
00000b17  _register_lock          
00000b11  _register_unlock        
00000b51  _system_pre_init        
20000404  _unlock                 
20000000  a                       
00000a41  abort                   
ffffffff  binit                   
000009f1  copy_in                 
00000a49  exit                    
00000000  g_pfnVectors            
00000417  glcd_cleardisplay       
0000026d  glcd_cmd                
0000032f  glcd_data               
000002c7  glcd_init               
000003cd  glcd_setcolumn          
00000389  glcd_setpage            
00000471  main                    
20000410  main_func_sp            
000007b1  memcpy                  
00000855  memset                  


GLOBAL SYMBOLS: SORTED BY Symbol Address 

address   name                    
-------   ----                    
00000000  __TI_static_base__      
00000000  g_pfnVectors            
00000200  __STACK_SIZE            
0000026d  glcd_cmd                
000002c7  glcd_init               
0000032f  glcd_data               
00000389  glcd_setpage            
000003cd  glcd_setcolumn          
00000417  glcd_cleardisplay       
00000471  main                    
00000589  GPIOPadConfigSet        
000006bd  SysCtlClockSet          
000007b1  __aeabi_memcpy          
000007b1  __aeabi_memcpy4         
000007b1  __aeabi_memcpy8         
000007b1  memcpy                  
0000084d  __aeabi_memclr          
0000084d  __aeabi_memclr4         
0000084d  __aeabi_memclr8         
0000084f  __aeabi_memset          
0000084f  __aeabi_memset4         
0000084f  __aeabi_memset8         
00000855  memset                  
000008c9  __TI_auto_init          
000009a1  _c_int00                
000009f1  copy_in                 
00000a3d  C$$EXIT                 
00000a41  abort                   
00000a49  exit                    
00000a81  SysCtlPeripheralEnable  
00000ab5  GPIODirModeSet          
00000adf  GPIOPinTypeGPIOOutput   
00000af9  _args_main              
00000b11  _register_unlock        
00000b17  _register_lock          
00000b1f  _nop                    
00000b25  __TI_decompress_none    
00000b33  ResetISR                
00000b3f  GPIOPinWrite            
00000b45  SysCtlDelay             
00000b4b  __TI_decompress_rle24   
00000b51  _system_pre_init        
00000d60  __TI_Handler_Table_Base 
00000d68  __TI_CINIT_Base         
00000d68  __TI_Handler_Table_Limit
00000d70  __TI_CINIT_Limit        
20000000  a                       
20000400  _lock                   
20000404  _unlock                 
20000408  __TI_cleanup_ptr        
2000040c  __TI_dtors_ptr          
20000410  main_func_sp            
20000414  __stack                 
20000614  __STACK_END             
20000614  __STACK_TOP             
ffffffff  __binit__               
ffffffff  __c_args__              
ffffffff  binit                   
UNDEFED   SHT$$INIT_ARRAY$$Base   
UNDEFED   SHT$$INIT_ARRAY$$Limit  

[60 symbols]
