******************************************************************************
                  TI ARM Linker PC v5.2.5                      
******************************************************************************
>> Linked Tue Sep 20 18:15:38 2016

OUTPUT FILE NAME:   <lab5_3.out>
ENTRY POINT SYMBOL: "_c_int00"  address: 00000ced


MEMORY CONFIGURATION

         name            origin    length      used     unused   attr    fill
----------------------  --------  ---------  --------  --------  ----  --------
  FLASH                 00000000   00040000  00001a86  0003e57a  R  X
  SRAM                  20000000   00008000  00002240  00005dc0  RW X


SEGMENT ALLOCATION MAP

run origin  load origin   length   init length attrs members
----------  ----------- ---------- ----------- ----- -------
00000000    00000000    00001a88   00001a88    r-x
  00000000    00000000    0000026c   0000026c    r-- .intvecs
  0000026c    0000026c    00000cca   00000cca    r-x .text
  00000f38    00000f38    00000b50   00000b50    r-- .cinit
20000000    20000000    00002240   00000000    rw-
  20000000    20000000    00002014   00000000    rw- .data
  20002014    20002014    00000200   00000000    rw- .stack
  20002214    20002214    0000002c   00000000    rw- .bss


SECTION ALLOCATION MAP

 output                                  attributes/
section   page    origin      length       input sections
--------  ----  ----------  ----------   ----------------
.intvecs   0    00000000    0000026c     
                  00000000    0000026c     tm4c123gh6pm_startup_ccs.obj (.intvecs)

.text      0    0000026c    00000cca     
                  0000026c    00000598     main.obj (.text)
                  00000804    00000132     driverlib.lib : gpio.obj (.text:GPIOPadConfigSet)
                  00000936    00000002     --HOLE-- [fill = 0]
                  00000938    000000f4                   : sysctl.obj (.text:SysCtlClockSet)
                  00000a2c    0000009c     rtsv7M4_T_le_v4SPD16_eabi.lib : memcpy_t2.obj (.text)
                  00000ac8    0000007a     driverlib.lib : adc.obj (.text:ADCSequenceStepConfigure)
                  00000b42    0000007a     rtsv7M4_T_le_v4SPD16_eabi.lib : memset_t2.obj (.text)
                  00000bbc    0000006c                                   : autoinit.obj (.text)
                  00000c28    0000006a                                   : copy_decompress_rle.obj (.text)
                  00000c92    00000002     --HOLE-- [fill = 0]
                  00000c94    00000058     driverlib.lib : adc.obj (.text:ADCSequenceConfigure)
                  00000cec    00000050     rtsv7M4_T_le_v4SPD16_eabi.lib : boot.obj (.text)
                  00000d3c    0000004c                                   : cpy_tbl.obj (.text)
                  00000d88    00000044                                   : exit.obj (.text)
                  00000dcc    00000034     driverlib.lib : sysctl.obj (.text:SysCtlPeripheralEnable)
                  00000e00    0000002e                   : adc.obj (.text:ADCIntStatus)
                  00000e2e    0000002a                   : gpio.obj (.text:GPIODirModeSet)
                  00000e58    0000001e                   : adc.obj (.text:ADCSequenceDataGet)
                  00000e76    00000018                   : adc.obj (.text:ADCProcessorTrigger)
                  00000e8e    00000018                   : gpio.obj (.text:GPIOPinTypeGPIOOutput)
                  00000ea6    00000002     --HOLE-- [fill = 0]
                  00000ea8    00000018     rtsv7M4_T_le_v4SPD16_eabi.lib : args_main.obj (.text)
                  00000ec0    00000014                                   : _lock.obj (.text)
                  00000ed4    0000000e     driverlib.lib : adc.obj (.text:ADCHardwareOversampleConfigure)
                  00000ee2    0000000e                   : adc.obj (.text:ADCSequenceEnable)
                  00000ef0    0000000e     rtsv7M4_T_le_v4SPD16_eabi.lib : copy_decompress_none.obj (.text:decompress:none)
                  00000efe    0000000c                                   : copy_zero_init.obj (.text:decompress:ZI)
                  00000f0a    0000000c     tm4c123gh6pm_startup_ccs.obj (.text)
                  00000f16    0000000a     driverlib.lib : adc.obj (.text:ADCIntClear)
                  00000f20    00000006                   : gpio.obj (.text:GPIOPinWrite)
                  00000f26    00000006                   : sysctl.obj (.text:SysCtlDelay)
                  00000f2c    00000006     rtsv7M4_T_le_v4SPD16_eabi.lib : copy_decompress_rle.obj (.text:decompress:rle24)
                  00000f32    00000004                                   : pre_init.obj (.text)

.cinit     0    00000f38    00000b50     
                  00000f38    00000b28     (.cinit..data.load) [load image, compression = rle]
                  00001a60    0000000c     (__TI_handler_table)
                  00001a6c    00000004     --HOLE-- [fill = 0]
                  00001a70    00000008     (.cinit..bss.load) [load image, compression = zero_init]
                  00001a78    00000010     (__TI_cinit_table)

.init_array 
*          0    00000000    00000000     UNINITIALIZED

.data      0    20000000    00002014     UNINITIALIZED
                  20000000    00000400     main.obj (.data:eight)
                  20000400    00000400     main.obj (.data:five)
                  20000800    00000400     main.obj (.data:four)
                  20000c00    00000400     main.obj (.data:one)
                  20001000    00000400     main.obj (.data:seven)
                  20001400    00000400     main.obj (.data:six)
                  20001800    00000400     main.obj (.data:three)
                  20001c00    00000400     main.obj (.data:two)
                  20002000    00000008     rtsv7M4_T_le_v4SPD16_eabi.lib : _lock.obj (.data)
                  20002008    00000008                                   : exit.obj (.data)
                  20002010    00000004                                   : stkdepth_vars.obj (.data)

.TI.persistent 
*          0    20000000    00000000     UNINITIALIZED

.stack     0    20002014    00000200     UNINITIALIZED
                  20002014    00000200     --HOLE--

.bss       0    20002214    0000002c     UNINITIALIZED
                  20002214    00000010     (.common:ui32ADC0Value)
                  20002224    00000010     (.common:ui32ADC1Value)
                  20002234    00000004     (.common:avg)
                  20002238    00000004     (.common:delay)
                  2000223c    00000004     (.common:x)

.TI.noinit 
*          0    20002214    00000000     UNINITIALIZED


LINKER GENERATED COPY TABLES

__TI_cinit_table @ 00001a78 records: 2, size/record: 8, table size: 16
	.data: load addr=00000f38, load size=00000b28 bytes, run addr=20000000, run size=00002014 bytes, compression=rle
	.bss: load addr=00001a70, load size=00000008 bytes, run addr=20002214, run size=0000002c bytes, compression=zero_init


LINKER GENERATED HANDLER TABLE

__TI_handler_table @ 00001a60 records: 3, size/record: 4, table size: 12
	index: 0, handler: __TI_decompress_rle24
	index: 1, handler: __TI_decompress_none
	index: 2, handler: __TI_zero_init


GLOBAL SYMBOLS: SORTED ALPHABETICALLY BY Name 

address   name                          
-------   ----                          
00000ed5  ADCHardwareOversampleConfigure
00000f17  ADCIntClear                   
00000e01  ADCIntStatus                  
00000e77  ADCProcessorTrigger           
00000c95  ADCSequenceConfigure          
00000e59  ADCSequenceDataGet            
00000ee3  ADCSequenceEnable             
00000ac9  ADCSequenceStepConfigure      
00000d89  C$$EXIT                       
00000e2f  GPIODirModeSet                
00000805  GPIOPadConfigSet              
00000e8f  GPIOPinTypeGPIOOutput         
00000f21  GPIOPinWrite                  
00000f0b  ResetISR                      
UNDEFED   SHT$$INIT_ARRAY$$Base         
UNDEFED   SHT$$INIT_ARRAY$$Limit        
00000939  SysCtlClockSet                
00000f27  SysCtlDelay                   
00000dcd  SysCtlPeripheralEnable        
20002214  __STACK_END                   
00000200  __STACK_SIZE                  
20002214  __STACK_TOP                   
00001a78  __TI_CINIT_Base               
00001a88  __TI_CINIT_Limit              
00001a60  __TI_Handler_Table_Base       
00001a6c  __TI_Handler_Table_Limit      
00000bbd  __TI_auto_init                
20002008  __TI_cleanup_ptr              
00000ef1  __TI_decompress_none          
00000f2d  __TI_decompress_rle24         
2000200c  __TI_dtors_ptr                
00000000  __TI_static_base__            
00000eff  __TI_zero_init                
00000b43  __aeabi_memclr                
00000b43  __aeabi_memclr4               
00000b43  __aeabi_memclr8               
00000a2d  __aeabi_memcpy                
00000a2d  __aeabi_memcpy4               
00000a2d  __aeabi_memcpy8               
00000b45  __aeabi_memset                
00000b45  __aeabi_memset4               
00000b45  __aeabi_memset8               
ffffffff  __binit__                     
ffffffff  __c_args__                    
20002014  __stack                       
00000ea9  _args_main                    
00000ced  _c_int00                      
20002000  _lock                         
00000ecf  _nop                          
00000ec7  _register_lock                
00000ec1  _register_unlock              
00000f33  _system_pre_init              
20002004  _unlock                       
00000d8d  abort                         
20002234  avg                           
ffffffff  binit                         
00000d3d  copy_in                       
20002238  delay                         
20000000  eight                         
00000d95  exit                          
20000400  five                          
20000800  four                          
00000000  g_pfnVectors                  
0000041b  glcd_cleardisplay             
0000026d  glcd_cmd                      
0000032f  glcd_data                     
000002c7  glcd_init                     
000003cd  glcd_setcolumn                
00000389  glcd_setpage                  
00000479  main                          
20002010  main_func_sp                  
00000a2d  memcpy                        
00000b4b  memset                        
20000c00  one                           
20001000  seven                         
20001400  six                           
20001800  three                         
20001c00  two                           
20002214  ui32ADC0Value                 
20002224  ui32ADC1Value                 
2000223c  x                             


GLOBAL SYMBOLS: SORTED BY Symbol Address 

address   name                          
-------   ----                          
00000000  __TI_static_base__            
00000000  g_pfnVectors                  
00000200  __STACK_SIZE                  
0000026d  glcd_cmd                      
000002c7  glcd_init                     
0000032f  glcd_data                     
00000389  glcd_setpage                  
000003cd  glcd_setcolumn                
0000041b  glcd_cleardisplay             
00000479  main                          
00000805  GPIOPadConfigSet              
00000939  SysCtlClockSet                
00000a2d  __aeabi_memcpy                
00000a2d  __aeabi_memcpy4               
00000a2d  __aeabi_memcpy8               
00000a2d  memcpy                        
00000ac9  ADCSequenceStepConfigure      
00000b43  __aeabi_memclr                
00000b43  __aeabi_memclr4               
00000b43  __aeabi_memclr8               
00000b45  __aeabi_memset                
00000b45  __aeabi_memset4               
00000b45  __aeabi_memset8               
00000b4b  memset                        
00000bbd  __TI_auto_init                
00000c95  ADCSequenceConfigure          
00000ced  _c_int00                      
00000d3d  copy_in                       
00000d89  C$$EXIT                       
00000d8d  abort                         
00000d95  exit                          
00000dcd  SysCtlPeripheralEnable        
00000e01  ADCIntStatus                  
00000e2f  GPIODirModeSet                
00000e59  ADCSequenceDataGet            
00000e77  ADCProcessorTrigger           
00000e8f  GPIOPinTypeGPIOOutput         
00000ea9  _args_main                    
00000ec1  _register_unlock              
00000ec7  _register_lock                
00000ecf  _nop                          
00000ed5  ADCHardwareOversampleConfigure
00000ee3  ADCSequenceEnable             
00000ef1  __TI_decompress_none          
00000eff  __TI_zero_init                
00000f0b  ResetISR                      
00000f17  ADCIntClear                   
00000f21  GPIOPinWrite                  
00000f27  SysCtlDelay                   
00000f2d  __TI_decompress_rle24         
00000f33  _system_pre_init              
00001a60  __TI_Handler_Table_Base       
00001a6c  __TI_Handler_Table_Limit      
00001a78  __TI_CINIT_Base               
00001a88  __TI_CINIT_Limit              
20000000  eight                         
20000400  five                          
20000800  four                          
20000c00  one                           
20001000  seven                         
20001400  six                           
20001800  three                         
20001c00  two                           
20002000  _lock                         
20002004  _unlock                       
20002008  __TI_cleanup_ptr              
2000200c  __TI_dtors_ptr                
20002010  main_func_sp                  
20002014  __stack                       
20002214  __STACK_END                   
20002214  __STACK_TOP                   
20002214  ui32ADC0Value                 
20002224  ui32ADC1Value                 
20002234  avg                           
20002238  delay                         
2000223c  x                             
ffffffff  __binit__                     
ffffffff  __c_args__                    
ffffffff  binit                         
UNDEFED   SHT$$INIT_ARRAY$$Base         
UNDEFED   SHT$$INIT_ARRAY$$Limit        

[81 symbols]
