******************************************************************************
                  TI ARM Linker PC v5.2.5                      
******************************************************************************
>> Linked Sun Sep 04 18:24:34 2016

OUTPUT FILE NAME:   <lab4_3.out>
ENTRY POINT SYMBOL: "_c_int00"  address: 00000bf9


MEMORY CONFIGURATION

         name            origin    length      used     unused   attr    fill
----------------------  --------  ---------  --------  --------  ----  --------
  FLASH                 00000000   00040000  000010d6  0003ef2a  R  X
  SRAM                  20000000   00008000  0000023e  00007dc2  RW X


SEGMENT ALLOCATION MAP

run origin  load origin   length   init length attrs members
----------  ----------- ---------- ----------- ----- -------
00000000    00000000    000010d8   000010d8    r-x
  00000000    00000000    0000026c   0000026c    r-- .intvecs
  0000026c    0000026c    00000cc6   00000cc6    r-x .text
  00000f34    00000f34    0000016c   0000016c    r-- .const
  000010a0    000010a0    00000038   00000038    r-- .cinit
20000000    20000000    00000240   00000000    rw-
  20000000    20000000    00000200   00000000    rw- .stack
  20000200    20000200    0000002a   00000000    rw- .bss
  2000022c    2000022c    00000014   00000000    rw- .data


SECTION ALLOCATION MAP

 output                                  attributes/
section   page    origin      length       input sections
--------  ----  ----------  ----------   ----------------
.intvecs   0    00000000    0000026c     
                  00000000    0000026c     tm4c123gh6pm_startup_ccs.obj (.intvecs)

.text      0    0000026c    00000cc6     
                  0000026c    0000032c     main.obj (.text)
                  00000598    00000132     driverlib.lib : gpio.obj (.text:GPIOPadConfigSet)
                  000006ca    00000002     --HOLE-- [fill = 0]
                  000006cc    00000110                   : sysctl.obj (.text:SysCtlClockGet)
                  000007dc    000000f4                   : sysctl.obj (.text:SysCtlClockSet)
                  000008d0    0000009c     rtsv7M4_T_le_v4SPD16_eabi.lib : memcpy_t2.obj (.text)
                  0000096c    0000007a     driverlib.lib : adc.obj (.text:ADCSequenceStepConfigure)
                  000009e6    0000007a     rtsv7M4_T_le_v4SPD16_eabi.lib : memset_t2.obj (.text)
                  00000a60    0000006c                                   : autoinit.obj (.text)
                  00000acc    0000006a                                   : copy_decompress_rle.obj (.text)
                  00000b36    00000002     --HOLE-- [fill = 0]
                  00000b38    00000068     driverlib.lib : interrupt.obj (.text:IntEnable)
                  00000ba0    00000058                   : adc.obj (.text:ADCSequenceConfigure)
                  00000bf8    00000050     rtsv7M4_T_le_v4SPD16_eabi.lib : boot.obj (.text)
                  00000c48    0000004c                                   : cpy_tbl.obj (.text)
                  00000c94    00000048     driverlib.lib : gpio.obj (.text:GPIOPinConfigure)
                  00000cdc    00000046                   : uart.obj (.text:UARTConfigSetExpClk)
                  00000d22    00000002     --HOLE-- [fill = 0]
                  00000d24    00000044     rtsv7M4_T_le_v4SPD16_eabi.lib : exit.obj (.text)
                  00000d68    00000034     driverlib.lib : sysctl.obj (.text:SysCtlPeripheralEnable)
                  00000d9c    0000002e                   : adc.obj (.text:ADCIntStatus)
                  00000dca    0000002a                   : gpio.obj (.text:GPIODirModeSet)
                  00000df4    00000020                   : uart.obj (.text:UARTDisable)
                  00000e14    0000001e                   : adc.obj (.text:ADCSequenceDataGet)
                  00000e32    00000018                   : adc.obj (.text:ADCProcessorTrigger)
                  00000e4a    00000018                   : gpio.obj (.text:GPIOPinTypeGPIOOutput)
                  00000e62    00000002     --HOLE-- [fill = 0]
                  00000e64    00000018     rtsv7M4_T_le_v4SPD16_eabi.lib : args_main.obj (.text)
                  00000e7c    00000014     driverlib.lib : uart.obj (.text:UARTEnable)
                  00000e90    00000014     rtsv7M4_T_le_v4SPD16_eabi.lib : _lock.obj (.text)
                  00000ea4    00000012     driverlib.lib : gpio.obj (.text:GPIOPinTypeUART)
                  00000eb6    00000010                   : interrupt.obj (.text:IntMasterEnable)
                  00000ec6    0000000e                   : adc.obj (.text:ADCSequenceEnable)
                  00000ed4    0000000e     rtsv7M4_T_le_v4SPD16_eabi.lib : copy_decompress_none.obj (.text:decompress:none)
                  00000ee2    0000000c     driverlib.lib : cpu.obj (.text:CPUcpsie)
                  00000eee    0000000c     rtsv7M4_T_le_v4SPD16_eabi.lib : copy_zero_init.obj (.text:decompress:ZI)
                  00000efa    0000000c     tm4c123gh6pm_startup_ccs.obj (.text)
                  00000f06    0000000a     driverlib.lib : adc.obj (.text:ADCIntClear)
                  00000f10    0000000a                   : uart.obj (.text:UARTCharPut)
                  00000f1a    00000008                   : uart.obj (.text:UARTIntEnable)
                  00000f22    00000006                   : sysctl.obj (.text:SysCtlDelay)
                  00000f28    00000006     rtsv7M4_T_le_v4SPD16_eabi.lib : copy_decompress_rle.obj (.text:decompress:rle24)
                  00000f2e    00000004                                   : pre_init.obj (.text)

.const     0    00000f34    0000016c     
                  00000f34    00000090     driverlib.lib : gpio.obj (.const:g_pui32GPIOBaseAddrs)
                  00000fc4    00000070                   : interrupt.obj (.const)
                  00001034    0000006c                   : sysctl.obj (.const:g_pui32Xtals)

.cinit     0    000010a0    00000038     
                  000010a0    0000000f     (.cinit..data.load) [load image, compression = rle]
                  000010af    00000001     --HOLE-- [fill = 0]
                  000010b0    0000000c     (__TI_handler_table)
                  000010bc    00000004     --HOLE-- [fill = 0]
                  000010c0    00000008     (.cinit..bss.load) [load image, compression = zero_init]
                  000010c8    00000010     (__TI_cinit_table)

.init_array 
*          0    00000000    00000000     UNINITIALIZED

.stack     0    20000000    00000200     UNINITIALIZED
                  20000000    00000200     --HOLE--

.bss       0    20000200    0000002a     UNINITIALIZED
                  20000200    00000010     (.common:hor)
                  20000210    00000010     (.common:var)
                  20000220    00000004     (.common:horAvg)
                  20000224    00000004     (.common:verAvg)
                  20000228    00000001     (.common:x)
                  20000229    00000001     (.common:y)

.TI.noinit 
*          0    20000200    00000000     UNINITIALIZED

.data      0    2000022c    00000014     UNINITIALIZED
                  2000022c    00000008     rtsv7M4_T_le_v4SPD16_eabi.lib : _lock.obj (.data)
                  20000234    00000008                                   : exit.obj (.data)
                  2000023c    00000004                                   : stkdepth_vars.obj (.data)

.TI.persistent 
*          0    2000022c    00000000     UNINITIALIZED


LINKER GENERATED COPY TABLES

__TI_cinit_table @ 000010c8 records: 2, size/record: 8, table size: 16
	.data: load addr=000010a0, load size=0000000f bytes, run addr=2000022c, run size=00000014 bytes, compression=rle
	.bss: load addr=000010c0, load size=00000008 bytes, run addr=20000200, run size=0000002a bytes, compression=zero_init


LINKER GENERATED HANDLER TABLE

__TI_handler_table @ 000010b0 records: 3, size/record: 4, table size: 12
	index: 0, handler: __TI_decompress_rle24
	index: 1, handler: __TI_decompress_none
	index: 2, handler: __TI_zero_init


GLOBAL SYMBOLS: SORTED ALPHABETICALLY BY Name 

address   name                    
-------   ----                    
00000f07  ADCIntClear             
00000d9d  ADCIntStatus            
00000e33  ADCProcessorTrigger     
00000ba1  ADCSequenceConfigure    
00000e15  ADCSequenceDataGet      
00000ec7  ADCSequenceEnable       
0000096d  ADCSequenceStepConfigure
00000d25  C$$EXIT                 
00000ee3  CPUcpsie                
00000dcb  GPIODirModeSet          
00000599  GPIOPadConfigSet        
00000c95  GPIOPinConfigure        
00000e4b  GPIOPinTypeGPIOOutput   
00000ea5  GPIOPinTypeUART         
00000b39  IntEnable               
00000eb7  IntMasterEnable         
00000efb  ResetISR                
UNDEFED   SHT$$INIT_ARRAY$$Base   
UNDEFED   SHT$$INIT_ARRAY$$Limit  
000006cd  SysCtlClockGet          
000007dd  SysCtlClockSet          
00000f23  SysCtlDelay             
00000d69  SysCtlPeripheralEnable  
00000f11  UARTCharPut             
00000cdd  UARTConfigSetExpClk     
00000df5  UARTDisable             
00000e7d  UARTEnable              
00000f1b  UARTIntEnable           
20000200  __STACK_END             
00000200  __STACK_SIZE            
20000200  __STACK_TOP             
000010c8  __TI_CINIT_Base         
000010d8  __TI_CINIT_Limit        
000010b0  __TI_Handler_Table_Base 
000010bc  __TI_Handler_Table_Limit
00000a61  __TI_auto_init          
20000234  __TI_cleanup_ptr        
00000ed5  __TI_decompress_none    
00000f29  __TI_decompress_rle24   
20000238  __TI_dtors_ptr          
00000000  __TI_static_base__      
00000eef  __TI_zero_init          
000009e7  __aeabi_memclr          
000009e7  __aeabi_memclr4         
000009e7  __aeabi_memclr8         
000008d1  __aeabi_memcpy          
000008d1  __aeabi_memcpy4         
000008d1  __aeabi_memcpy8         
000009e9  __aeabi_memset          
000009e9  __aeabi_memset4         
000009e9  __aeabi_memset8         
ffffffff  __binit__               
ffffffff  __c_args__              
20000000  __stack                 
00000e65  _args_main              
00000bf9  _c_int00                
2000022c  _lock                   
00000e9f  _nop                    
00000e97  _register_lock          
00000e91  _register_unlock        
00000f2f  _system_pre_init        
20000230  _unlock                 
00000d29  abort                   
ffffffff  binit                   
00000c49  copy_in                 
00000d31  exit                    
00000000  g_pfnVectors            
20000200  hor                     
20000220  horAvg                  
0000026d  main                    
2000023c  main_func_sp            
000008d1  memcpy                  
000009ef  memset                  
20000210  var                     
20000224  verAvg                  
20000228  x                       
20000229  y                       


GLOBAL SYMBOLS: SORTED BY Symbol Address 

address   name                    
-------   ----                    
00000000  __TI_static_base__      
00000000  g_pfnVectors            
00000200  __STACK_SIZE            
0000026d  main                    
00000599  GPIOPadConfigSet        
000006cd  SysCtlClockGet          
000007dd  SysCtlClockSet          
000008d1  __aeabi_memcpy          
000008d1  __aeabi_memcpy4         
000008d1  __aeabi_memcpy8         
000008d1  memcpy                  
0000096d  ADCSequenceStepConfigure
000009e7  __aeabi_memclr          
000009e7  __aeabi_memclr4         
000009e7  __aeabi_memclr8         
000009e9  __aeabi_memset          
000009e9  __aeabi_memset4         
000009e9  __aeabi_memset8         
000009ef  memset                  
00000a61  __TI_auto_init          
00000b39  IntEnable               
00000ba1  ADCSequenceConfigure    
00000bf9  _c_int00                
00000c49  copy_in                 
00000c95  GPIOPinConfigure        
00000cdd  UARTConfigSetExpClk     
00000d25  C$$EXIT                 
00000d29  abort                   
00000d31  exit                    
00000d69  SysCtlPeripheralEnable  
00000d9d  ADCIntStatus            
00000dcb  GPIODirModeSet          
00000df5  UARTDisable             
00000e15  ADCSequenceDataGet      
00000e33  ADCProcessorTrigger     
00000e4b  GPIOPinTypeGPIOOutput   
00000e65  _args_main              
00000e7d  UARTEnable              
00000e91  _register_unlock        
00000e97  _register_lock          
00000e9f  _nop                    
00000ea5  GPIOPinTypeUART         
00000eb7  IntMasterEnable         
00000ec7  ADCSequenceEnable       
00000ed5  __TI_decompress_none    
00000ee3  CPUcpsie                
00000eef  __TI_zero_init          
00000efb  ResetISR                
00000f07  ADCIntClear             
00000f11  UARTCharPut             
00000f1b  UARTIntEnable           
00000f23  SysCtlDelay             
00000f29  __TI_decompress_rle24   
00000f2f  _system_pre_init        
000010b0  __TI_Handler_Table_Base 
000010bc  __TI_Handler_Table_Limit
000010c8  __TI_CINIT_Base         
000010d8  __TI_CINIT_Limit        
20000000  __stack                 
20000200  __STACK_END             
20000200  __STACK_TOP             
20000200  hor                     
20000210  var                     
20000220  horAvg                  
20000224  verAvg                  
20000228  x                       
20000229  y                       
2000022c  _lock                   
20000230  _unlock                 
20000234  __TI_cleanup_ptr        
20000238  __TI_dtors_ptr          
2000023c  main_func_sp            
ffffffff  __binit__               
ffffffff  __c_args__              
ffffffff  binit                   
UNDEFED   SHT$$INIT_ARRAY$$Base   
UNDEFED   SHT$$INIT_ARRAY$$Limit  

[77 symbols]
