******************************************************************************
                  TI ARM Linker PC v5.2.5                      
******************************************************************************
>> Linked Sun Sep 04 18:48:43 2016

OUTPUT FILE NAME:   <lab4_1.out>
ENTRY POINT SYMBOL: "_c_int00"  address: 00000779


MEMORY CONFIGURATION

         name            origin    length      used     unused   attr    fill
----------------------  --------  ---------  --------  --------  ----  --------
  FLASH                 00000000   00040000  000009a2  0003f65e  R  X
  SRAM                  20000000   00008000  0000023c  00007dc4  RW X


SEGMENT ALLOCATION MAP

run origin  load origin   length   init length attrs members
----------  ----------- ---------- ----------- ----- -------
00000000    00000000    000009a8   000009a8    r-x
  00000000    00000000    0000026c   0000026c    r-- .intvecs
  0000026c    0000026c    000006fe   000006fe    r-x .text
  00000970    00000970    00000038   00000038    r-- .cinit
20000000    20000000    0000023c   00000000    rw-
  20000000    20000000    00000200   00000000    rw- .stack
  20000200    20000200    00000028   00000000    rw- .bss
  20000228    20000228    00000014   00000000    rw- .data


SECTION ALLOCATION MAP

 output                                  attributes/
section   page    origin      length       input sections
--------  ----  ----------  ----------   ----------------
.intvecs   0    00000000    0000026c     
                  00000000    0000026c     tm4c123gh6pm_startup_ccs.obj (.intvecs)

.text      0    0000026c    000006fe     
                  0000026c    00000158     lab4_1.obj (.text)
                  000003c4    000000f4     driverlib.lib : sysctl.obj (.text:SysCtlClockSet)
                  000004b8    0000009c     rtsv7M4_T_le_v4SPD16_eabi.lib : memcpy_t2.obj (.text)
                  00000554    0000007a     driverlib.lib : adc.obj (.text:ADCSequenceStepConfigure)
                  000005ce    0000007a     rtsv7M4_T_le_v4SPD16_eabi.lib : memset_t2.obj (.text)
                  00000648    0000006c                                   : autoinit.obj (.text)
                  000006b4    0000006a                                   : copy_decompress_rle.obj (.text)
                  0000071e    00000002     --HOLE-- [fill = 0]
                  00000720    00000058     driverlib.lib : adc.obj (.text:ADCSequenceConfigure)
                  00000778    00000050     rtsv7M4_T_le_v4SPD16_eabi.lib : boot.obj (.text)
                  000007c8    0000004c                                   : cpy_tbl.obj (.text)
                  00000814    00000044                                   : exit.obj (.text)
                  00000858    00000034     driverlib.lib : sysctl.obj (.text:SysCtlPeripheralEnable)
                  0000088c    0000002e                   : adc.obj (.text:ADCIntStatus)
                  000008ba    0000001e                   : adc.obj (.text:ADCSequenceDataGet)
                  000008d8    00000018                   : adc.obj (.text:ADCProcessorTrigger)
                  000008f0    00000018     rtsv7M4_T_le_v4SPD16_eabi.lib : args_main.obj (.text)
                  00000908    00000014                                   : _lock.obj (.text)
                  0000091c    0000000e     driverlib.lib : adc.obj (.text:ADCSequenceEnable)
                  0000092a    0000000e     rtsv7M4_T_le_v4SPD16_eabi.lib : copy_decompress_none.obj (.text:decompress:none)
                  00000938    0000000c                                   : copy_zero_init.obj (.text:decompress:ZI)
                  00000944    0000000c     tm4c123gh6pm_startup_ccs.obj (.text)
                  00000950    0000000a     driverlib.lib : adc.obj (.text:ADCIntClear)
                  0000095a    00000006                   : sysctl.obj (.text:SysCtlDelay)
                  00000960    00000006     rtsv7M4_T_le_v4SPD16_eabi.lib : copy_decompress_rle.obj (.text:decompress:rle24)
                  00000966    00000004                                   : pre_init.obj (.text)

.cinit     0    00000970    00000038     
                  00000970    0000000f     (.cinit..data.load) [load image, compression = rle]
                  0000097f    00000001     --HOLE-- [fill = 0]
                  00000980    0000000c     (__TI_handler_table)
                  0000098c    00000004     --HOLE-- [fill = 0]
                  00000990    00000008     (.cinit..bss.load) [load image, compression = zero_init]
                  00000998    00000010     (__TI_cinit_table)

.init_array 
*          0    00000000    00000000     UNINITIALIZED

.stack     0    20000000    00000200     UNINITIALIZED
                  20000000    00000200     --HOLE--

.bss       0    20000200    00000028     UNINITIALIZED
                  20000200    00000010     (.common:hor)
                  20000210    00000010     (.common:var)
                  20000220    00000004     (.common:horAvg)
                  20000224    00000004     (.common:verAvg)

.TI.noinit 
*          0    20000200    00000000     UNINITIALIZED

.data      0    20000228    00000014     UNINITIALIZED
                  20000228    00000008     rtsv7M4_T_le_v4SPD16_eabi.lib : _lock.obj (.data)
                  20000230    00000008                                   : exit.obj (.data)
                  20000238    00000004                                   : stkdepth_vars.obj (.data)

.TI.persistent 
*          0    20000228    00000000     UNINITIALIZED


LINKER GENERATED COPY TABLES

__TI_cinit_table @ 00000998 records: 2, size/record: 8, table size: 16
	.data: load addr=00000970, load size=0000000f bytes, run addr=20000228, run size=00000014 bytes, compression=rle
	.bss: load addr=00000990, load size=00000008 bytes, run addr=20000200, run size=00000028 bytes, compression=zero_init


LINKER GENERATED HANDLER TABLE

__TI_handler_table @ 00000980 records: 3, size/record: 4, table size: 12
	index: 0, handler: __TI_decompress_rle24
	index: 1, handler: __TI_decompress_none
	index: 2, handler: __TI_zero_init


GLOBAL SYMBOLS: SORTED ALPHABETICALLY BY Name 

address   name                    
-------   ----                    
00000951  ADCIntClear             
0000088d  ADCIntStatus            
000008d9  ADCProcessorTrigger     
00000721  ADCSequenceConfigure    
000008bb  ADCSequenceDataGet      
0000091d  ADCSequenceEnable       
00000555  ADCSequenceStepConfigure
00000815  C$$EXIT                 
00000945  ResetISR                
UNDEFED   SHT$$INIT_ARRAY$$Base   
UNDEFED   SHT$$INIT_ARRAY$$Limit  
000003c5  SysCtlClockSet          
0000095b  SysCtlDelay             
00000859  SysCtlPeripheralEnable  
20000200  __STACK_END             
00000200  __STACK_SIZE            
20000200  __STACK_TOP             
00000998  __TI_CINIT_Base         
000009a8  __TI_CINIT_Limit        
00000980  __TI_Handler_Table_Base 
0000098c  __TI_Handler_Table_Limit
00000649  __TI_auto_init          
20000230  __TI_cleanup_ptr        
0000092b  __TI_decompress_none    
00000961  __TI_decompress_rle24   
20000234  __TI_dtors_ptr          
00000000  __TI_static_base__      
00000939  __TI_zero_init          
000005cf  __aeabi_memclr          
000005cf  __aeabi_memclr4         
000005cf  __aeabi_memclr8         
000004b9  __aeabi_memcpy          
000004b9  __aeabi_memcpy4         
000004b9  __aeabi_memcpy8         
000005d1  __aeabi_memset          
000005d1  __aeabi_memset4         
000005d1  __aeabi_memset8         
ffffffff  __binit__               
ffffffff  __c_args__              
20000000  __stack                 
000008f1  _args_main              
00000779  _c_int00                
20000228  _lock                   
00000917  _nop                    
0000090f  _register_lock          
00000909  _register_unlock        
00000967  _system_pre_init        
2000022c  _unlock                 
00000819  abort                   
ffffffff  binit                   
000007c9  copy_in                 
00000821  exit                    
00000000  g_pfnVectors            
20000200  hor                     
20000220  horAvg                  
0000026d  main                    
20000238  main_func_sp            
000004b9  memcpy                  
000005d7  memset                  
20000210  var                     
20000224  verAvg                  


GLOBAL SYMBOLS: SORTED BY Symbol Address 

address   name                    
-------   ----                    
00000000  __TI_static_base__      
00000000  g_pfnVectors            
00000200  __STACK_SIZE            
0000026d  main                    
000003c5  SysCtlClockSet          
000004b9  __aeabi_memcpy          
000004b9  __aeabi_memcpy4         
000004b9  __aeabi_memcpy8         
000004b9  memcpy                  
00000555  ADCSequenceStepConfigure
000005cf  __aeabi_memclr          
000005cf  __aeabi_memclr4         
000005cf  __aeabi_memclr8         
000005d1  __aeabi_memset          
000005d1  __aeabi_memset4         
000005d1  __aeabi_memset8         
000005d7  memset                  
00000649  __TI_auto_init          
00000721  ADCSequenceConfigure    
00000779  _c_int00                
000007c9  copy_in                 
00000815  C$$EXIT                 
00000819  abort                   
00000821  exit                    
00000859  SysCtlPeripheralEnable  
0000088d  ADCIntStatus            
000008bb  ADCSequenceDataGet      
000008d9  ADCProcessorTrigger     
000008f1  _args_main              
00000909  _register_unlock        
0000090f  _register_lock          
00000917  _nop                    
0000091d  ADCSequenceEnable       
0000092b  __TI_decompress_none    
00000939  __TI_zero_init          
00000945  ResetISR                
00000951  ADCIntClear             
0000095b  SysCtlDelay             
00000961  __TI_decompress_rle24   
00000967  _system_pre_init        
00000980  __TI_Handler_Table_Base 
0000098c  __TI_Handler_Table_Limit
00000998  __TI_CINIT_Base         
000009a8  __TI_CINIT_Limit        
20000000  __stack                 
20000200  __STACK_END             
20000200  __STACK_TOP             
20000200  hor                     
20000210  var                     
20000220  horAvg                  
20000224  verAvg                  
20000228  _lock                   
2000022c  _unlock                 
20000230  __TI_cleanup_ptr        
20000234  __TI_dtors_ptr          
20000238  main_func_sp            
ffffffff  __binit__               
ffffffff  __c_args__              
ffffffff  binit                   
UNDEFED   SHT$$INIT_ARRAY$$Base   
UNDEFED   SHT$$INIT_ARRAY$$Limit  

[61 symbols]
